
Allocating common symbols
Common symbol       size              file

g_IDT_handle        0x204             build/interrupt.o
kernel_memory_pool  0x2c              build/memory.o
g_readyThreadList   0x10              build/thread.o
kernel_virtual_addr
                    0xc               build/memory.o
g_allThreadList     0x10              build/thread.o
g_IDT               0x408             build/interrupt.o
g_curThreadTag      0x4               build/thread.o
user_memory_pool    0x2c              build/memory.o
g_keyboardIOQueue   0x84              build/keyboard.o

Discarded input sections

 .note.GNU-stack
                0x0000000000000000        0x0 build/main.o
 .note.GNU-stack
                0x0000000000000000        0x0 build/interrupt.o
 .note.GNU-stack
                0x0000000000000000        0x0 build/timer.o
 .note.GNU-stack
                0x0000000000000000        0x0 build/debug.o
 .note.GNU-stack
                0x0000000000000000        0x0 build/string.o
 .note.GNU-stack
                0x0000000000000000        0x0 build/bitmap.o
 .note.GNU-stack
                0x0000000000000000        0x0 build/memory.o
 .note.GNU-stack
                0x0000000000000000        0x0 build/list.o
 .note.GNU-stack
                0x0000000000000000        0x0 build/thread.o
 .note.GNU-stack
                0x0000000000000000        0x0 build/semaphore.o
 .note.GNU-stack
                0x0000000000000000        0x0 build/lock.o
 .note.GNU-stack
                0x0000000000000000        0x0 build/condition_variable.o
 .note.GNU-stack
                0x0000000000000000        0x0 build/console.o
 .note.GNU-stack
                0x0000000000000000        0x0 build/keyboard.o
 .note.GNU-stack
                0x0000000000000000        0x0 build/ioqueue.o
 .note.GNU-stack
                0x0000000000000000        0x0 build/tss.o
 .note.GNU-stack
                0x0000000000000000        0x0 build/process.o

Memory Configuration

Name             Origin             Length             Attributes
*default*        0x0000000000000000 0xffffffffffffffff

Linker script and memory map

Address of section .text set to 0xc0001500
LOAD build/main.o
LOAD build/interrupt.o
LOAD build/timer.o
LOAD build/debug.o
LOAD build/print.o
LOAD build/kernel.o
LOAD build/string.o
LOAD build/bitmap.o
LOAD build/memory.o
LOAD build/list.o
LOAD build/switch.o
LOAD build/thread.o
LOAD build/semaphore.o
LOAD build/lock.o
LOAD build/condition_variable.o
LOAD build/console.o
LOAD build/keyboard.o
LOAD build/ioqueue.o
LOAD build/tss.o
LOAD build/process.o
                [!provide]                        PROVIDE (__executable_start = SEGMENT_START ("text-segment", 0x8048000))
                0x0000000008048094                . = (SEGMENT_START ("text-segment", 0x8048000) + SIZEOF_HEADERS)

.interp
 *(.interp)

.note.gnu.build-id
 *(.note.gnu.build-id)

.hash
 *(.hash)

.gnu.hash
 *(.gnu.hash)

.dynsym
 *(.dynsym)

.dynstr
 *(.dynstr)

.gnu.version
 *(.gnu.version)

.gnu.version_d
 *(.gnu.version_d)

.gnu.version_r
 *(.gnu.version_r)

.rel.dyn        0x0000000008048094        0x0
 *(.rel.init)
 *(.rel.text .rel.text.* .rel.gnu.linkonce.t.*)
 .rel.text      0x0000000008048094        0x0 build/main.o
 *(.rel.fini)
 *(.rel.rodata .rel.rodata.* .rel.gnu.linkonce.r.*)
 *(.rel.data.rel.ro .rel.data.rel.ro.* .rel.gnu.linkonce.d.rel.ro.*)
 *(.rel.data .rel.data.* .rel.gnu.linkonce.d.*)
 *(.rel.tdata .rel.tdata.* .rel.gnu.linkonce.td.*)
 *(.rel.tbss .rel.tbss.* .rel.gnu.linkonce.tb.*)
 *(.rel.ctors)
 *(.rel.dtors)
 *(.rel.got)
 .rel.got       0x0000000008048094        0x0 build/main.o
 *(.rel.bss .rel.bss.* .rel.gnu.linkonce.b.*)
 *(.rel.ifunc)

.rel.plt        0x0000000008048094        0x0
 *(.rel.plt)
                [!provide]                        PROVIDE (__rel_iplt_start = .)
 *(.rel.iplt)
 .rel.iplt      0x0000000008048094        0x0 build/main.o
                [!provide]                        PROVIDE (__rel_iplt_end = .)

.init
 *(SORT_NONE(.init))

.plt            0x0000000008048098        0x0
 *(.plt)
 *(.iplt)
 .iplt          0x0000000008048098        0x0 build/main.o

.plt.got
 *(.plt.got)

.plt.sec
 *(.plt.sec)

.text           0x00000000c0001500     0x2c6f
 *(.text.unlikely .text.*_unlikely .text.unlikely.*)
 *(.text.exit .text.exit.*)
 *(.text.startup .text.startup.*)
 *(.text.hot .text.hot.*)
 *(.text .stub .text.* .gnu.linkonce.t.*)
 .text          0x00000000c0001500       0xbe build/main.o
                0x00000000c0001500                main
                0x00000000c0001576                thread_A
                0x00000000c00015ac                process_A
 .text          0x00000000c00015be      0x374 build/interrupt.o
                0x00000000c00015dd                make_idt_desc
                0x00000000c0001620                idt_desc_init
                0x00000000c00016a1                interrupt_handle
                0x00000000c000170e                exception_init
                0x00000000c000175b                register_interrupt_handle
                0x00000000c00017ad                pic_init
                0x00000000c0001881                interrupt_enable
                0x00000000c0001888                interrupt_disable
                0x00000000c000188f                set_interrupt_status
                0x00000000c00018a7                get_interrupt_status
                0x00000000c00018c4                idt_init
 .text          0x00000000c0001932      0x1af build/timer.o
                0x00000000c00019e2                timer_set
                0x00000000c0001a8c                timer_init
 .text          0x00000000c0001ae1       0xca build/debug.o
                0x00000000c0001ae1                panic_spain
 *fill*         0x00000000c0001bab        0x5 
 .text          0x00000000c0001bb0      0x14e build/print.o
                0x00000000c0001bb0                put_int
                0x00000000c0001c13                put_str
                0x00000000c0001c31                put_char
 *fill*         0x00000000c0001cfe        0x2 
 .text          0x00000000c0001d00      0x55b build/kernel.o
                0x00000000c0001d00                interrupt_exit
                0x00000000c0002237                syscall_handler
 .text          0x00000000c000225b      0x126 build/string.o
                0x00000000c000225b                memset
                0x00000000c00022cc                memcpy
                0x00000000c000232c                strcpy
 .text          0x00000000c0002381      0x28d build/bitmap.o
                0x00000000c0002381                bitmap_init
                0x00000000c00023a4                bitmap_check
                0x00000000c0002431                bitmap_apply
                0x00000000c000253b                bitmap_set
 .text          0x00000000c000260e      0x83e build/memory.o
                0x00000000c0002753                get_pte_ptr
                0x00000000c0002783                get_pde_ptr
                0x00000000c000287d                malloc_page
                0x00000000c0002938                get_kernel_pages
                0x00000000c0002993                get_user_pages
                0x00000000c00029ee                bind_vaddr_with_mempool
                0x00000000c0002b3a                vaddr_to_phyaddr
                0x00000000c0002b66                memory_pool_init
                0x00000000c0002e2e                memory_init
 .text          0x00000000c0002e4c      0x170 build/list.o
                0x00000000c0002e4c                list_init
                0x00000000c0002e7a                list_insert_before
                0x00000000c0002ea6                list_push
                0x00000000c0002ebe                list_append
                0x00000000c0002ed6                list_remove
                0x00000000c0002f0a                elem_find
                0x00000000c0002f45                list_empty
                0x00000000c0002f5e                list_len
                0x00000000c0002f93                list_pop
                0x00000000c0002fb2                list_traversal
 *fill*         0x00000000c0002fbc        0x4 
 .text          0x00000000c0002fc0       0x15 build/switch.o
                0x00000000c0002fc0                switch_to
 .text          0x00000000c0002fd5      0x496 build/thread.o
                0x00000000c0002fd5                get_curthread_pcb
                0x00000000c0002fea                thread_schedule
                0x00000000c00030d5                thread_block
                0x00000000c000313a                thread_unblock
                0x00000000c00031e1                init_thread_pcb
                0x00000000c0003290                init_thread_stack
                0x00000000c0003301                thread_create
                0x00000000c000341d                thread_init
 .text          0x00000000c000346b      0x127 build/semaphore.o
                0x00000000c000346b                semaphore_init
                0x00000000c000348e                semaphore_P
                0x00000000c0003525                semaphore_V
 .text          0x00000000c0003592       0x66 build/lock.o
                0x00000000c0003592                lock_init
                0x00000000c00035c2                lock_acquire
                0x00000000c00035dd                lock_release
 .text          0x00000000c00035f8       0xfd build/condition_variable.o
                0x00000000c00035f8                condition_init
                0x00000000c0003610                condition_wait
                0x00000000c000368a                condition_notify
                0x00000000c00036c9                condition_notifyall
 .text          0x00000000c00036f5       0xc6 build/console.o
                0x00000000c00036f5                console_init
                0x00000000c000370e                console_put_str
                0x00000000c0003745                console_put_char
                0x00000000c0003784                console_put_int
 .text          0x00000000c00037bb      0x279 build/keyboard.o
                0x00000000c00037d8                keyboard_interrupt_handle
                0x00000000c00039e9                keyboard_init
 .text          0x00000000c0003a34      0x16d build/ioqueue.o
                0x00000000c0003a34                ioqueue_putchar
                0x00000000c0003ac8                ioqueue_getchar
                0x00000000c0003b51                ioqueue_init
 .text          0x00000000c0003ba1      0x280 build/tss.o
                0x00000000c0003ba1                tss_update_esp0
                0x00000000c0003bb4                tss_init
 .text          0x00000000c0003e21      0x34e build/process.o
                0x00000000c0003e21                process_start
                0x00000000c0003eed                process_pgdir_active
                0x00000000c0003f22                process_active
                0x00000000c0003f70                process_create_pgdir
                0x00000000c0003fff                process_bitmap_create
                0x00000000c0004061                process_execute
 *(.gnu.warning)

.fini
 *(SORT_NONE(.fini))
                [!provide]                        PROVIDE (__etext = .)
                [!provide]                        PROVIDE (_etext = .)
                [!provide]                        PROVIDE (etext = .)

.rodata         0x00000000c0004170      0x744
 *(.rodata .rodata.* .gnu.linkonce.r.*)
 .rodata        0x00000000c0004170       0x2f build/main.o
 *fill*         0x00000000c000419f        0x1 
 .rodata        0x00000000c00041a0       0xf4 build/interrupt.o
 .rodata        0x00000000c0004294       0x5a build/timer.o
 .rodata        0x00000000c00042ee       0x32 build/debug.o
 .rodata        0x00000000c0004320       0x57 build/string.o
 *fill*         0x00000000c0004377        0x1 
 .rodata        0x00000000c0004378       0x83 build/bitmap.o
 *fill*         0x00000000c00043fb        0x1 
 .rodata        0x00000000c00043fc      0x164 build/memory.o
 .rodata        0x00000000c0004560      0x1e6 build/thread.o
 *fill*         0x00000000c0004746        0x2 
 .rodata        0x00000000c0004748       0x2a build/semaphore.o
 *fill*         0x00000000c0004772        0x2 
 .rodata        0x00000000c0004774       0x2d build/condition_variable.o
 .rodata        0x00000000c00047a1       0x39 build/keyboard.o
 .rodata        0x00000000c00047da       0x21 build/tss.o
 *fill*         0x00000000c00047fb        0x1 
 .rodata        0x00000000c00047fc       0xb8 build/process.o

.rodata1
 *(.rodata1)

.eh_frame_hdr
 *(.eh_frame_hdr)
 *(.eh_frame_entry .eh_frame_entry.*)

.eh_frame       0x00000000c00048b4      0xb08
 *(.eh_frame)
 .eh_frame      0x00000000c00048b4       0x74 build/main.o
 .eh_frame      0x00000000c0004928      0x184 build/interrupt.o
                                        0x19c (size before relaxing)
 .eh_frame      0x00000000c0004aac       0x8c build/timer.o
                                         0xa4 (size before relaxing)
 .eh_frame      0x00000000c0004b38       0x1c build/debug.o
                                         0x34 (size before relaxing)
 .eh_frame      0x00000000c0004b54       0x60 build/string.o
                                         0x78 (size before relaxing)
 .eh_frame      0x00000000c0004bb4       0x88 build/bitmap.o
                                         0xa0 (size before relaxing)
 .eh_frame      0x00000000c0004c3c      0x180 build/memory.o
                                        0x198 (size before relaxing)
 .eh_frame      0x00000000c0004dbc      0x140 build/list.o
                                        0x158 (size before relaxing)
 .eh_frame      0x00000000c0004efc      0x140 build/thread.o
                                        0x158 (size before relaxing)
 .eh_frame      0x00000000c000503c       0x60 build/semaphore.o
                                         0x78 (size before relaxing)
 .eh_frame      0x00000000c000509c       0x60 build/lock.o
                                         0x78 (size before relaxing)
 .eh_frame      0x00000000c00050fc       0x80 build/condition_variable.o
                                         0x98 (size before relaxing)
 .eh_frame      0x00000000c000517c       0x80 build/console.o
                                         0x98 (size before relaxing)
 .eh_frame      0x00000000c00051fc       0x60 build/keyboard.o
                                         0x78 (size before relaxing)
 .eh_frame      0x00000000c000525c       0x60 build/ioqueue.o
                                         0x78 (size before relaxing)
 .eh_frame      0x00000000c00052bc       0x40 build/tss.o
                                         0x58 (size before relaxing)
 .eh_frame      0x00000000c00052fc       0xc0 build/process.o
                                         0xd8 (size before relaxing)
 *(.eh_frame.*)

.gcc_except_table
 *(.gcc_except_table .gcc_except_table.*)

.gnu_extab
 *(.gnu_extab*)

.exception_ranges
 *(.exception_ranges .exception_ranges*)
                0x00000000c0007000                . = DATA_SEGMENT_ALIGN (CONSTANT (MAXPAGESIZE), CONSTANT (COMMONPAGESIZE))

.eh_frame
 *(.eh_frame)
 *(.eh_frame.*)

.gnu_extab
 *(.gnu_extab)

.gcc_except_table
 *(.gcc_except_table .gcc_except_table.*)

.exception_ranges
 *(.exception_ranges .exception_ranges*)

.tdata
 *(.tdata .tdata.* .gnu.linkonce.td.*)

.tbss
 *(.tbss .tbss.* .gnu.linkonce.tb.*)
 *(.tcommon)

.preinit_array  0x00000000c0007000        0x0
                [!provide]                        PROVIDE (__preinit_array_start = .)
 *(.preinit_array)
                [!provide]                        PROVIDE (__preinit_array_end = .)

.init_array     0x00000000c0007000        0x0
                [!provide]                        PROVIDE (__init_array_start = .)
 *(SORT_BY_INIT_PRIORITY(.init_array.*) SORT_BY_INIT_PRIORITY(.ctors.*))
 *(.init_array EXCLUDE_FILE(*crtend?.o *crtend.o *crtbegin?.o *crtbegin.o) .ctors)
                [!provide]                        PROVIDE (__init_array_end = .)

.fini_array     0x00000000c0007000        0x0
                [!provide]                        PROVIDE (__fini_array_start = .)
 *(SORT_BY_INIT_PRIORITY(.fini_array.*) SORT_BY_INIT_PRIORITY(.dtors.*))
 *(.fini_array EXCLUDE_FILE(*crtend?.o *crtend.o *crtbegin?.o *crtbegin.o) .dtors)
                [!provide]                        PROVIDE (__fini_array_end = .)

.ctors
 *crtbegin.o(.ctors)
 *crtbegin?.o(.ctors)
 *(EXCLUDE_FILE(*crtend?.o *crtend.o) .ctors)
 *(SORT_BY_NAME(.ctors.*))
 *(.ctors)

.dtors
 *crtbegin.o(.dtors)
 *crtbegin?.o(.dtors)
 *(EXCLUDE_FILE(*crtend?.o *crtend.o) .dtors)
 *(SORT_BY_NAME(.dtors.*))
 *(.dtors)

.jcr
 *(.jcr)

.data.rel.ro
 *(.data.rel.ro.local* .gnu.linkonce.d.rel.ro.local.*)
 *(.data.rel.ro .data.rel.ro.* .gnu.linkonce.d.rel.ro.*)

.dynamic
 *(.dynamic)

.got            0x00000000c0007000        0x0
 *(.got)
 .got           0x00000000c0007000        0x0 build/main.o
 *(.igot)
                0x00000000c0007000                . = DATA_SEGMENT_RELRO_END (., (SIZEOF (.got.plt) >= 0xc)?0xc:0x0)

.got.plt        0x00000000c0007000        0x0
 *(.got.plt)
 .got.plt       0x00000000c0007000        0x0 build/main.o
 *(.igot.plt)
 .igot.plt      0x00000000c0007000        0x0 build/main.o

.data           0x00000000c0007000      0x156
 *(.data .data.* .gnu.linkonce.d.*)
 .data          0x00000000c0007000        0x0 build/main.o
 .data          0x00000000c0007000        0x0 build/interrupt.o
 .data          0x00000000c0007000        0x0 build/timer.o
 .data          0x00000000c0007000        0x0 build/debug.o
 .data          0x00000000c0007000        0x8 build/print.o
 .data          0x00000000c0007008       0xc0 build/kernel.o
                0x00000000c0007008                interrupt_hld_table
 .data          0x00000000c00070c8        0x0 build/string.o
 .data          0x00000000c00070c8        0x0 build/bitmap.o
 .data          0x00000000c00070c8        0x0 build/memory.o
 .data          0x00000000c00070c8        0x0 build/list.o
 .data          0x00000000c00070c8        0x0 build/thread.o
 .data          0x00000000c00070c8        0x0 build/semaphore.o
 .data          0x00000000c00070c8        0x0 build/lock.o
 .data          0x00000000c00070c8        0x0 build/condition_variable.o
 .data          0x00000000c00070c8        0x0 build/console.o
 *fill*         0x00000000c00070c8       0x18 
 .data          0x00000000c00070e0       0x76 build/keyboard.o
 .data          0x00000000c0007156        0x0 build/ioqueue.o
 .data          0x00000000c0007156        0x0 build/tss.o
 .data          0x00000000c0007156        0x0 build/process.o

.data1
 *(.data1)
                0x00000000c0007156                _edata = .
                [!provide]                        PROVIDE (edata = .)
                0x00000000c0007156                . = .
                0x00000000c0007156                __bss_start = .

.bss            0x00000000c0007160      0x824
 *(.dynbss)
 *(.bss .bss.* .gnu.linkonce.b.*)
 .bss           0x00000000c0007160        0x4 build/main.o
                0x00000000c0007160                a
 .bss           0x00000000c0007164        0x0 build/interrupt.o
 .bss           0x00000000c0007164        0x0 build/timer.o
 .bss           0x00000000c0007164        0x0 build/debug.o
 .bss           0x00000000c0007164        0x0 build/string.o
 .bss           0x00000000c0007164        0x0 build/bitmap.o
 .bss           0x00000000c0007164        0x0 build/memory.o
 .bss           0x00000000c0007164        0x0 build/list.o
 .bss           0x00000000c0007164        0x4 build/thread.o
 .bss           0x00000000c0007168        0x0 build/semaphore.o
 .bss           0x00000000c0007168        0x0 build/lock.o
 .bss           0x00000000c0007168        0x0 build/condition_variable.o
 .bss           0x00000000c0007168       0x1c build/console.o
 .bss           0x00000000c0007184       0x14 build/keyboard.o
 .bss           0x00000000c0007198        0x0 build/ioqueue.o
 *fill*         0x00000000c0007198        0x8 
 .bss           0x00000000c00071a0       0x6c build/tss.o
 .bss           0x00000000c000720c        0x0 build/process.o
 *(COMMON)
 *fill*         0x00000000c000720c       0x14 
 COMMON         0x00000000c0007220      0x628 build/interrupt.o
                0x00000000c0007220                g_IDT_handle
                0x00000000c0007440                g_IDT
 *fill*         0x00000000c0007848       0x18 
 COMMON         0x00000000c0007860       0x6c build/memory.o
                0x00000000c0007860                kernel_memory_pool
                0x00000000c000788c                kernel_virtual_addr
                0x00000000c00078a0                user_memory_pool
 COMMON         0x00000000c00078cc       0x24 build/thread.o
                0x00000000c00078cc                g_readyThreadList
                0x00000000c00078dc                g_allThreadList
                0x00000000c00078ec                g_curThreadTag
 *fill*         0x00000000c00078f0       0x10 
 COMMON         0x00000000c0007900       0x84 build/keyboard.o
                0x00000000c0007900                g_keyboardIOQueue
                0x00000000c0007984                . = ALIGN ((. != 0x0)?0x4:0x1)
                0x00000000c0007984                . = ALIGN (0x4)
                0x00000000c0007984                . = SEGMENT_START ("ldata-segment", .)
                0x00000000c0007984                . = ALIGN (0x4)
                0x00000000c0007984                _end = .
                [!provide]                        PROVIDE (end = .)
                0x00000000c0007984                . = DATA_SEGMENT_END (.)

.stab
 *(.stab)

.stabstr
 *(.stabstr)

.stab.excl
 *(.stab.excl)

.stab.exclstr
 *(.stab.exclstr)

.stab.index
 *(.stab.index)

.stab.indexstr
 *(.stab.indexstr)

.comment        0x0000000000000000       0x29
 *(.comment)
 .comment       0x0000000000000000       0x29 build/main.o
                                         0x2a (size before relaxing)
 .comment       0x0000000000000029       0x2a build/interrupt.o
 .comment       0x0000000000000029       0x2a build/timer.o
 .comment       0x0000000000000029       0x2a build/debug.o
 .comment       0x0000000000000029       0x2a build/string.o
 .comment       0x0000000000000029       0x2a build/bitmap.o
 .comment       0x0000000000000029       0x2a build/memory.o
 .comment       0x0000000000000029       0x2a build/list.o
 .comment       0x0000000000000029       0x2a build/thread.o
 .comment       0x0000000000000029       0x2a build/semaphore.o
 .comment       0x0000000000000029       0x2a build/lock.o
 .comment       0x0000000000000029       0x2a build/condition_variable.o
 .comment       0x0000000000000029       0x2a build/console.o
 .comment       0x0000000000000029       0x2a build/keyboard.o
 .comment       0x0000000000000029       0x2a build/ioqueue.o
 .comment       0x0000000000000029       0x2a build/tss.o
 .comment       0x0000000000000029       0x2a build/process.o

.debug
 *(.debug)

.line
 *(.line)

.debug_srcinfo
 *(.debug_srcinfo)

.debug_sfnames
 *(.debug_sfnames)

.debug_aranges
 *(.debug_aranges)

.debug_pubnames
 *(.debug_pubnames)

.debug_info
 *(.debug_info .gnu.linkonce.wi.*)

.debug_abbrev
 *(.debug_abbrev)

.debug_line
 *(.debug_line .debug_line.* .debug_line_end)

.debug_frame
 *(.debug_frame)

.debug_str
 *(.debug_str)

.debug_loc
 *(.debug_loc)

.debug_macinfo
 *(.debug_macinfo)

.debug_weaknames
 *(.debug_weaknames)

.debug_funcnames
 *(.debug_funcnames)

.debug_typenames
 *(.debug_typenames)

.debug_varnames
 *(.debug_varnames)

.debug_pubtypes
 *(.debug_pubtypes)

.debug_ranges
 *(.debug_ranges)

.debug_macro
 *(.debug_macro)

.debug_addr
 *(.debug_addr)

.gnu.attributes
 *(.gnu.attributes)

/DISCARD/
 *(.note.GNU-stack)
 *(.gnu_debuglink)
 *(.gnu.lto_*)
OUTPUT(build/kernel.bin elf32-i386)
