
Allocating common symbols
Common symbol       size              file

g_curPartion        0x4               build/fs.o
g_IDT_handle        0x204             build/interrupt.o
kernel_memory_pool  0x2c              build/memory.o
g_readyThreadList   0x10              build/thread.o
kernel_virtual_addr
                    0xc               build/memory.o
g_allThreadList     0x10              build/thread.o
g_rootDir           0x208             build/dir.o
g_ideChannelArray   0xcc0             build/ide.o
g_IDT               0x408             build/interrupt.o
g_curThreadTag      0x4               build/thread.o
g_ChannelCount      0x1               build/ide.o
user_memory_pool    0x2c              build/memory.o
g_Syscall_Table     0x10              build/syscall.o
g_partitionList     0x10              build/ide.o
g_keyboardIOQueue   0x84              build/keyboard.o
g_tickCount         0x4               build/timer.o

Discarded input sections

 .note.GNU-stack
                0x0000000000000000        0x0 build/main.o
 .note.GNU-stack
                0x0000000000000000        0x0 build/interrupt.o
 .note.GNU-stack
                0x0000000000000000        0x0 build/timer.o
 .note.GNU-stack
                0x0000000000000000        0x0 build/debug.o
 .note.GNU-stack
                0x0000000000000000        0x0 build/string.o
 .note.GNU-stack
                0x0000000000000000        0x0 build/bitmap.o
 .note.GNU-stack
                0x0000000000000000        0x0 build/memory.o
 .note.GNU-stack
                0x0000000000000000        0x0 build/list.o
 .note.GNU-stack
                0x0000000000000000        0x0 build/thread.o
 .note.GNU-stack
                0x0000000000000000        0x0 build/semaphore.o
 .note.GNU-stack
                0x0000000000000000        0x0 build/lock.o
 .note.GNU-stack
                0x0000000000000000        0x0 build/condition_variable.o
 .note.GNU-stack
                0x0000000000000000        0x0 build/console.o
 .note.GNU-stack
                0x0000000000000000        0x0 build/keyboard.o
 .note.GNU-stack
                0x0000000000000000        0x0 build/ioqueue.o
 .note.GNU-stack
                0x0000000000000000        0x0 build/tss.o
 .note.GNU-stack
                0x0000000000000000        0x0 build/process.o
 .note.GNU-stack
                0x0000000000000000        0x0 build/syscall.o
 .note.GNU-stack
                0x0000000000000000        0x0 build/stdio.o
 .note.GNU-stack
                0x0000000000000000        0x0 build/stdio_kernel.o
 .note.GNU-stack
                0x0000000000000000        0x0 build/ide.o
 .note.GNU-stack
                0x0000000000000000        0x0 build/fs.o
 .note.GNU-stack
                0x0000000000000000        0x0 build/inode.o
 .note.GNU-stack
                0x0000000000000000        0x0 build/dir.o

Memory Configuration

Name             Origin             Length             Attributes
*default*        0x0000000000000000 0xffffffffffffffff

Linker script and memory map

Address of section .text set to 0xc0001500
LOAD build/main.o
LOAD build/interrupt.o
LOAD build/timer.o
LOAD build/debug.o
LOAD build/print.o
LOAD build/kernel.o
LOAD build/string.o
LOAD build/bitmap.o
LOAD build/memory.o
LOAD build/list.o
LOAD build/switch.o
LOAD build/thread.o
LOAD build/semaphore.o
LOAD build/lock.o
LOAD build/condition_variable.o
LOAD build/console.o
LOAD build/keyboard.o
LOAD build/ioqueue.o
LOAD build/tss.o
LOAD build/process.o
LOAD build/syscall.o
LOAD build/stdio.o
LOAD build/stdio_kernel.o
LOAD build/ide.o
LOAD build/fs.o
LOAD build/inode.o
LOAD build/dir.o
                [!provide]                        PROVIDE (__executable_start = SEGMENT_START ("text-segment", 0x8048000))
                0x0000000008048094                . = (SEGMENT_START ("text-segment", 0x8048000) + SIZEOF_HEADERS)

.interp
 *(.interp)

.note.gnu.build-id
 *(.note.gnu.build-id)

.hash
 *(.hash)

.gnu.hash
 *(.gnu.hash)

.dynsym
 *(.dynsym)

.dynstr
 *(.dynstr)

.gnu.version
 *(.gnu.version)

.gnu.version_d
 *(.gnu.version_d)

.gnu.version_r
 *(.gnu.version_r)

.rel.dyn        0x0000000008048094        0x0
 *(.rel.init)
 *(.rel.text .rel.text.* .rel.gnu.linkonce.t.*)
 .rel.text      0x0000000008048094        0x0 build/main.o
 *(.rel.fini)
 *(.rel.rodata .rel.rodata.* .rel.gnu.linkonce.r.*)
 *(.rel.data.rel.ro .rel.data.rel.ro.* .rel.gnu.linkonce.d.rel.ro.*)
 *(.rel.data .rel.data.* .rel.gnu.linkonce.d.*)
 *(.rel.tdata .rel.tdata.* .rel.gnu.linkonce.td.*)
 *(.rel.tbss .rel.tbss.* .rel.gnu.linkonce.tb.*)
 *(.rel.ctors)
 *(.rel.dtors)
 *(.rel.got)
 .rel.got       0x0000000008048094        0x0 build/main.o
 *(.rel.bss .rel.bss.* .rel.gnu.linkonce.b.*)
 *(.rel.ifunc)

.rel.plt        0x0000000008048094        0x0
 *(.rel.plt)
                [!provide]                        PROVIDE (__rel_iplt_start = .)
 *(.rel.iplt)
 .rel.iplt      0x0000000008048094        0x0 build/main.o
                [!provide]                        PROVIDE (__rel_iplt_end = .)

.init
 *(SORT_NONE(.init))

.plt            0x0000000008048098        0x0
 *(.plt)
 *(.iplt)
 .iplt          0x0000000008048098        0x0 build/main.o

.plt.got
 *(.plt.got)

.plt.sec
 *(.plt.sec)

.text           0x00000000c0001500     0x66d7
 *(.text.unlikely .text.*_unlikely .text.unlikely.*)
 *(.text.exit .text.exit.*)
 *(.text.startup .text.startup.*)
 *(.text.hot .text.hot.*)
 *(.text .stub .text.* .gnu.linkonce.t.*)
 .text          0x00000000c0001500       0xfb build/main.o
                0x00000000c0001500                main
                0x00000000c000156f                thread_A
                0x00000000c0001587                process_A
 .text          0x00000000c00015fb      0x374 build/interrupt.o
                0x00000000c000161a                make_idt_desc
                0x00000000c000165d                idt_desc_init
                0x00000000c00016de                interrupt_handle
                0x00000000c000174b                exception_init
                0x00000000c0001798                register_interrupt_handle
                0x00000000c00017ea                pic_init
                0x00000000c00018be                interrupt_enable
                0x00000000c00018c5                interrupt_disable
                0x00000000c00018cc                set_interrupt_status
                0x00000000c00018e4                get_interrupt_status
                0x00000000c0001901                idt_init
 .text          0x00000000c000196f      0x218 build/timer.o
                0x00000000c0001a54                m_sleep
                0x00000000c0001a88                timer_set
                0x00000000c0001b32                timer_init
 .text          0x00000000c0001b87       0xca build/debug.o
                0x00000000c0001b87                panic_spain
 *fill*         0x00000000c0001c51        0xf 
 .text          0x00000000c0001c60      0x14e build/print.o
                0x00000000c0001c60                put_int
                0x00000000c0001cc3                put_str
                0x00000000c0001ce1                put_char
 *fill*         0x00000000c0001dae        0x2 
 .text          0x00000000c0001db0      0x55b build/kernel.o
                0x00000000c0001db0                interrupt_exit
                0x00000000c00022e7                syscall_handler
 .text          0x00000000c000230b      0x1ea build/string.o
                0x00000000c000230b                memset
                0x00000000c000237c                memcpy
                0x00000000c00023dc                strcpy
                0x00000000c0002431                strcmp
                0x00000000c00024aa                strlen
 .text          0x00000000c00024f5      0x28d build/bitmap.o
                0x00000000c00024f5                bitmap_init
                0x00000000c0002518                bitmap_check
                0x00000000c00025a5                bitmap_apply
                0x00000000c00026af                bitmap_set
 .text          0x00000000c0002782      0xf96 build/memory.o
                0x00000000c00028c7                get_pte_ptr
                0x00000000c00028f7                get_pde_ptr
                0x00000000c00029f1                malloc_page
                0x00000000c0002aac                get_kernel_pages
                0x00000000c0002b07                get_user_pages
                0x00000000c0002b62                bind_vaddr_with_mempool
                0x00000000c0002cae                vaddr_to_phyaddr
                0x00000000c0002cda                get_arena_memblock
                0x00000000c0002cf5                get_arena_by_memblock
                0x00000000c0002d02                sys_malloc
                0x00000000c000301b                phyaddr_free
                0x00000000c0003151                page_free
                0x00000000c000322d                sys_free
                0x00000000c000339e                memory_pool_init
                0x00000000c0003666                mem_block_pool_init
                0x00000000c00036ea                memory_init
 .text          0x00000000c0003718      0x1c0 build/list.o
                0x00000000c0003718                list_init
                0x00000000c0003746                list_insert_before
                0x00000000c0003772                list_push
                0x00000000c000378a                list_append
                0x00000000c00037a2                list_remove
                0x00000000c00037d6                elem_find
                0x00000000c0003811                list_empty
                0x00000000c000382a                list_len
                0x00000000c000385f                list_pop
                0x00000000c000387e                list_traversal
 *fill*         0x00000000c00038d8        0x8 
 .text          0x00000000c00038e0       0x15 build/switch.o
                0x00000000c00038e0                switch_to
 .text          0x00000000c00038f5      0x652 build/thread.o
                0x00000000c000394b                sys_getpid
                0x00000000c000395f                get_curthread_pcb
                0x00000000c0003974                thread_schedule
                0x00000000c0003a84                thread_block
                0x00000000c0003ae9                thread_unblock
                0x00000000c0003b90                thread_yield
                0x00000000c0003c16                init_thread_pcb
                0x00000000c0003d41                init_thread_stack
                0x00000000c0003db2                thread_create
                0x00000000c0003ece                thread_init
 .text          0x00000000c0003f47      0x127 build/semaphore.o
                0x00000000c0003f47                semaphore_init
                0x00000000c0003f6a                semaphore_P
                0x00000000c0004001                semaphore_V
 .text          0x00000000c000406e       0x66 build/lock.o
                0x00000000c000406e                lock_init
                0x00000000c000409e                lock_acquire
                0x00000000c00040b9                lock_release
 .text          0x00000000c00040d4       0xfd build/condition_variable.o
                0x00000000c00040d4                condition_init
                0x00000000c00040ec                condition_wait
                0x00000000c0004166                condition_notify
                0x00000000c00041a5                condition_notifyall
 .text          0x00000000c00041d1       0xc6 build/console.o
                0x00000000c00041d1                console_init
                0x00000000c00041ea                console_put_str
                0x00000000c0004221                console_put_char
                0x00000000c0004260                console_put_int
 .text          0x00000000c0004297      0x279 build/keyboard.o
                0x00000000c00042b4                keyboard_interrupt_handle
                0x00000000c00044c5                keyboard_init
 .text          0x00000000c0004510      0x16d build/ioqueue.o
                0x00000000c0004510                ioqueue_putchar
                0x00000000c00045a4                ioqueue_getchar
                0x00000000c000462d                ioqueue_init
 .text          0x00000000c000467d      0x280 build/tss.o
                0x00000000c000467d                tss_update_esp0
                0x00000000c0004690                tss_init
 .text          0x00000000c00048fd      0x360 build/process.o
                0x00000000c00048fd                process_start
                0x00000000c00049c9                process_pgdir_active
                0x00000000c00049fe                process_active
                0x00000000c0004a4c                process_create_pgdir
                0x00000000c0004adb                process_bitmap_create
                0x00000000c0004b3d                process_execute
 .text          0x00000000c0004c5d       0xe5 build/syscall.o
                0x00000000c0004c5d                sys_write
                0x00000000c0004c81                syscall_init
                0x00000000c0004cd2                getpid
                0x00000000c0004ce7                write
                0x00000000c0004d06                malloc
                0x00000000c0004d25                free
 .text          0x00000000c0004d42      0x28f build/stdio.o
                0x00000000c0004dc9                vsprintf
                0x00000000c0004f46                sprintf
                0x00000000c0004f76                printf
 .text          0x00000000c0004fd1       0x5c build/stdio_kernel.o
                0x00000000c0004fd1                printk
 .text          0x00000000c000502d      0xd48 build/ide.o
                0x00000000c000554b                ide_write
                0x00000000c0005684                ide_read
                0x00000000c0005a8e                hd_interrupt_handler
                0x00000000c0005b69                ide_init
 .text          0x00000000c0005d75      0x94c build/fs.o
                0x00000000c00063ce                fs_inode_bitmap_alloc
                0x00000000c0006415                fs_block_bitmap_alloc
                0x00000000c0006467                fs_bitmap_sync
                0x00000000c00064e8                file_system_init
 .text          0x00000000c00066c1      0x6de build/inode.o
                0x00000000c000675c                write_inode_to_deskpart
                0x00000000c0006884                delete_inode_from_deskpart
                0x00000000c0006990                inode_open
                0x00000000c0006ad6                inode_close
                0x00000000c0006b57                inode_release
                0x00000000c0006d49                inode_init
 .text          0x00000000c0006d9f      0xe38 build/dir.o
                0x00000000c0006d9f                open_root_dir
                0x00000000c0006dcf                dir_open
                0x00000000c0006e0f                search_dir_entry
                0x00000000c0006fe7                dir_close
                0x00000000c000701a                create_dir_entry
                0x00000000c000708b                sync_dir_entry
                0x00000000c000749c                delete_dir_entry
                0x00000000c0007901                dir_read
                0x00000000c0007ae9                dir_is_empty
                0x00000000c0007b14                dir_remove
 *(.gnu.warning)

.fini
 *(SORT_NONE(.fini))
                [!provide]                        PROVIDE (__etext = .)
                [!provide]                        PROVIDE (_etext = .)
                [!provide]                        PROVIDE (etext = .)

.rodata         0x00000000c0007bd8     0x1033
 *(.rodata .rodata.* .gnu.linkonce.r.*)
 .rodata        0x00000000c0007bd8       0x56 build/main.o
 *fill*         0x00000000c0007c2e        0x2 
 .rodata        0x00000000c0007c30       0xf4 build/interrupt.o
 .rodata        0x00000000c0007d24       0x5a build/timer.o
 .rodata        0x00000000c0007d7e       0x32 build/debug.o
 .rodata        0x00000000c0007db0       0x8f build/string.o
 *fill*         0x00000000c0007e3f        0x1 
 .rodata        0x00000000c0007e40       0x83 build/bitmap.o
 *fill*         0x00000000c0007ec3        0x1 
 .rodata        0x00000000c0007ec4      0x281 build/memory.o
 *fill*         0x00000000c0008145        0x3 
 .rodata        0x00000000c0008148      0x242 build/thread.o
 *fill*         0x00000000c000838a        0x2 
 .rodata        0x00000000c000838c       0x2a build/semaphore.o
 *fill*         0x00000000c00083b6        0x2 
 .rodata        0x00000000c00083b8       0x2d build/condition_variable.o
 .rodata        0x00000000c00083e5       0x39 build/keyboard.o
 .rodata        0x00000000c000841e       0x21 build/tss.o
 *fill*         0x00000000c000843f        0x1 
 .rodata        0x00000000c0008440       0xb8 build/process.o
 .rodata        0x00000000c00084f8       0x27 build/syscall.o
 *fill*         0x00000000c000851f        0x1 
 .rodata        0x00000000c0008520      0x1d5 build/ide.o
 *fill*         0x00000000c00086f5        0x3 
 .rodata        0x00000000c00086f8      0x21d build/fs.o
 *fill*         0x00000000c0008915        0x3 
 .rodata        0x00000000c0008918       0xe2 build/inode.o
 *fill*         0x00000000c00089fa        0x2 
 .rodata        0x00000000c00089fc      0x20f build/dir.o

.rodata1
 *(.rodata1)

.eh_frame_hdr
 *(.eh_frame_hdr)
 *(.eh_frame_entry .eh_frame_entry.*)

.eh_frame       0x00000000c0008c0c     0x13f0
 *(.eh_frame)
 .eh_frame      0x00000000c0008c0c       0x74 build/main.o
 .eh_frame      0x00000000c0008c80      0x184 build/interrupt.o
                                        0x19c (size before relaxing)
 .eh_frame      0x00000000c0008e04       0xcc build/timer.o
                                         0xe4 (size before relaxing)
 .eh_frame      0x00000000c0008ed0       0x1c build/debug.o
                                         0x34 (size before relaxing)
 .eh_frame      0x00000000c0008eec       0xa0 build/string.o
                                         0xb8 (size before relaxing)
 .eh_frame      0x00000000c0008f8c       0x88 build/bitmap.o
                                         0xa0 (size before relaxing)
 .eh_frame      0x00000000c0009014      0x2a0 build/memory.o
                                        0x2b8 (size before relaxing)
 .eh_frame      0x00000000c00092b4      0x140 build/list.o
                                        0x158 (size before relaxing)
 .eh_frame      0x00000000c00093f4      0x1bc build/thread.o
                                        0x1d4 (size before relaxing)
 .eh_frame      0x00000000c00095b0       0x60 build/semaphore.o
                                         0x78 (size before relaxing)
 .eh_frame      0x00000000c0009610       0x60 build/lock.o
                                         0x78 (size before relaxing)
 .eh_frame      0x00000000c0009670       0x80 build/condition_variable.o
                                         0x98 (size before relaxing)
 .eh_frame      0x00000000c00096f0       0x80 build/console.o
                                         0x98 (size before relaxing)
 .eh_frame      0x00000000c0009770       0x60 build/keyboard.o
                                         0x78 (size before relaxing)
 .eh_frame      0x00000000c00097d0       0x60 build/ioqueue.o
                                         0x78 (size before relaxing)
 .eh_frame      0x00000000c0009830       0x40 build/tss.o
                                         0x58 (size before relaxing)
 .eh_frame      0x00000000c0009870       0xc0 build/process.o
                                         0xd8 (size before relaxing)
 .eh_frame      0x00000000c0009930       0xcc build/syscall.o
                                         0xe4 (size before relaxing)
 .eh_frame      0x00000000c00099fc       0x88 build/stdio.o
                                         0xa0 (size before relaxing)
 .eh_frame      0x00000000c0009a84       0x24 build/stdio_kernel.o
                                         0x3c (size before relaxing)
 .eh_frame      0x00000000c0009aa8      0x254 build/ide.o
                                        0x26c (size before relaxing)
 .eh_frame      0x00000000c0009cfc       0xd0 build/fs.o
                                         0xe8 (size before relaxing)
 .eh_frame      0x00000000c0009dcc       0xe4 build/inode.o
                                         0xfc (size before relaxing)
 .eh_frame      0x00000000c0009eb0      0x14c build/dir.o
                                        0x164 (size before relaxing)
 *(.eh_frame.*)

.gcc_except_table
 *(.gcc_except_table .gcc_except_table.*)

.gnu_extab
 *(.gnu_extab*)

.exception_ranges
 *(.exception_ranges .exception_ranges*)
                0x00000000c000b000                . = DATA_SEGMENT_ALIGN (CONSTANT (MAXPAGESIZE), CONSTANT (COMMONPAGESIZE))

.eh_frame
 *(.eh_frame)
 *(.eh_frame.*)

.gnu_extab
 *(.gnu_extab)

.gcc_except_table
 *(.gcc_except_table .gcc_except_table.*)

.exception_ranges
 *(.exception_ranges .exception_ranges*)

.tdata
 *(.tdata .tdata.* .gnu.linkonce.td.*)

.tbss
 *(.tbss .tbss.* .gnu.linkonce.tb.*)
 *(.tcommon)

.preinit_array  0x00000000c000b000        0x0
                [!provide]                        PROVIDE (__preinit_array_start = .)
 *(.preinit_array)
                [!provide]                        PROVIDE (__preinit_array_end = .)

.init_array     0x00000000c000b000        0x0
                [!provide]                        PROVIDE (__init_array_start = .)
 *(SORT_BY_INIT_PRIORITY(.init_array.*) SORT_BY_INIT_PRIORITY(.ctors.*))
 *(.init_array EXCLUDE_FILE(*crtend?.o *crtend.o *crtbegin?.o *crtbegin.o) .ctors)
                [!provide]                        PROVIDE (__init_array_end = .)

.fini_array     0x00000000c000b000        0x0
                [!provide]                        PROVIDE (__fini_array_start = .)
 *(SORT_BY_INIT_PRIORITY(.fini_array.*) SORT_BY_INIT_PRIORITY(.dtors.*))
 *(.fini_array EXCLUDE_FILE(*crtend?.o *crtend.o *crtbegin?.o *crtbegin.o) .dtors)
                [!provide]                        PROVIDE (__fini_array_end = .)

.ctors
 *crtbegin.o(.ctors)
 *crtbegin?.o(.ctors)
 *(EXCLUDE_FILE(*crtend?.o *crtend.o) .ctors)
 *(SORT_BY_NAME(.ctors.*))
 *(.ctors)

.dtors
 *crtbegin.o(.dtors)
 *crtbegin?.o(.dtors)
 *(EXCLUDE_FILE(*crtend?.o *crtend.o) .dtors)
 *(SORT_BY_NAME(.dtors.*))
 *(.dtors)

.jcr
 *(.jcr)

.data.rel.ro
 *(.data.rel.ro.local* .gnu.linkonce.d.rel.ro.local.*)
 *(.data.rel.ro .data.rel.ro.* .gnu.linkonce.d.rel.ro.*)

.dynamic
 *(.dynamic)

.got            0x00000000c000b000        0x0
 *(.got)
 .got           0x00000000c000b000        0x0 build/main.o
 *(.igot)
                0x00000000c000b000                . = DATA_SEGMENT_RELRO_END (., (SIZEOF (.got.plt) >= 0xc)?0xc:0x0)

.got.plt        0x00000000c000b000        0x0
 *(.got.plt)
 .got.plt       0x00000000c000b000        0x0 build/main.o
 *(.igot.plt)
 .igot.plt      0x00000000c000b000        0x0 build/main.o

.data           0x00000000c000b000      0x156
 *(.data .data.* .gnu.linkonce.d.*)
 .data          0x00000000c000b000        0x0 build/main.o
 .data          0x00000000c000b000        0x0 build/interrupt.o
 .data          0x00000000c000b000        0x0 build/timer.o
 .data          0x00000000c000b000        0x0 build/debug.o
 .data          0x00000000c000b000        0x8 build/print.o
 .data          0x00000000c000b008       0xc0 build/kernel.o
                0x00000000c000b008                interrupt_hld_table
 .data          0x00000000c000b0c8        0x0 build/string.o
 .data          0x00000000c000b0c8        0x0 build/bitmap.o
 .data          0x00000000c000b0c8        0x0 build/memory.o
 .data          0x00000000c000b0c8        0x0 build/list.o
 .data          0x00000000c000b0c8        0x0 build/thread.o
 .data          0x00000000c000b0c8        0x0 build/semaphore.o
 .data          0x00000000c000b0c8        0x0 build/lock.o
 .data          0x00000000c000b0c8        0x0 build/condition_variable.o
 .data          0x00000000c000b0c8        0x0 build/console.o
 *fill*         0x00000000c000b0c8       0x18 
 .data          0x00000000c000b0e0       0x76 build/keyboard.o
 .data          0x00000000c000b156        0x0 build/ioqueue.o
 .data          0x00000000c000b156        0x0 build/tss.o
 .data          0x00000000c000b156        0x0 build/process.o
 .data          0x00000000c000b156        0x0 build/syscall.o
 .data          0x00000000c000b156        0x0 build/stdio.o
 .data          0x00000000c000b156        0x0 build/stdio_kernel.o
 .data          0x00000000c000b156        0x0 build/ide.o
 .data          0x00000000c000b156        0x0 build/fs.o
 .data          0x00000000c000b156        0x0 build/inode.o
 .data          0x00000000c000b156        0x0 build/dir.o

.data1
 *(.data1)
                0x00000000c000b156                _edata = .
                [!provide]                        PROVIDE (edata = .)
                0x00000000c000b156                . = .
                0x00000000c000b156                __bss_start = .

.bss            0x00000000c000b160     0x1808
 *(.dynbss)
 *(.bss .bss.* .gnu.linkonce.b.*)
 .bss           0x00000000c000b160        0x4 build/main.o
                0x00000000c000b160                a
 .bss           0x00000000c000b164        0x0 build/interrupt.o
 .bss           0x00000000c000b164        0x0 build/timer.o
 .bss           0x00000000c000b164        0x0 build/debug.o
 .bss           0x00000000c000b164        0x0 build/string.o
 .bss           0x00000000c000b164        0x0 build/bitmap.o
 *fill*         0x00000000c000b164       0x1c 
 .bss           0x00000000c000b180       0xa8 build/memory.o
 .bss           0x00000000c000b228        0x0 build/list.o
 .bss           0x00000000c000b228       0x26 build/thread.o
 .bss           0x00000000c000b24e        0x0 build/semaphore.o
 .bss           0x00000000c000b24e        0x0 build/lock.o
 .bss           0x00000000c000b24e        0x0 build/condition_variable.o
 *fill*         0x00000000c000b24e        0x2 
 .bss           0x00000000c000b250       0x1c build/console.o
 .bss           0x00000000c000b26c       0x14 build/keyboard.o
 .bss           0x00000000c000b280        0x0 build/ioqueue.o
 .bss           0x00000000c000b280       0x6c build/tss.o
 .bss           0x00000000c000b2ec        0x0 build/process.o
 .bss           0x00000000c000b2ec        0x0 build/syscall.o
 .bss           0x00000000c000b2ec        0x0 build/stdio.o
 .bss           0x00000000c000b2ec        0x0 build/stdio_kernel.o
 .bss           0x00000000c000b2ec        0x6 build/ide.o
 .bss           0x00000000c000b2f2        0x0 build/fs.o
 .bss           0x00000000c000b2f2        0x0 build/inode.o
 .bss           0x00000000c000b2f2        0x0 build/dir.o
 *(COMMON)
 *fill*         0x00000000c000b2f2        0xe 
 COMMON         0x00000000c000b300      0x628 build/interrupt.o
                0x00000000c000b300                g_IDT_handle
                0x00000000c000b520                g_IDT
 COMMON         0x00000000c000b928        0x4 build/timer.o
                0x00000000c000b928                g_tickCount
 *fill*         0x00000000c000b92c       0x14 
 COMMON         0x00000000c000b940       0x6c build/memory.o
                0x00000000c000b940                kernel_memory_pool
                0x00000000c000b96c                kernel_virtual_addr
                0x00000000c000b980                user_memory_pool
 COMMON         0x00000000c000b9ac       0x24 build/thread.o
                0x00000000c000b9ac                g_readyThreadList
                0x00000000c000b9bc                g_allThreadList
                0x00000000c000b9cc                g_curThreadTag
 *fill*         0x00000000c000b9d0       0x10 
 COMMON         0x00000000c000b9e0       0x84 build/keyboard.o
                0x00000000c000b9e0                g_keyboardIOQueue
 COMMON         0x00000000c000ba64       0x10 build/syscall.o
                0x00000000c000ba64                g_Syscall_Table
 *fill*         0x00000000c000ba74        0xc 
 COMMON         0x00000000c000ba80      0xcd4 build/ide.o
                0x00000000c000ba80                g_ideChannelArray
                0x00000000c000c740                g_ChannelCount
                0x00000000c000c744                g_partitionList
 COMMON         0x00000000c000c754        0x4 build/fs.o
                0x00000000c000c754                g_curPartion
 *fill*         0x00000000c000c758        0x8 
 COMMON         0x00000000c000c760      0x208 build/dir.o
                0x00000000c000c760                g_rootDir
                0x00000000c000c968                . = ALIGN ((. != 0x0)?0x4:0x1)
                0x00000000c000c968                . = ALIGN (0x4)
                0x00000000c000c968                . = SEGMENT_START ("ldata-segment", .)
                0x00000000c000c968                . = ALIGN (0x4)
                0x00000000c000c968                _end = .
                [!provide]                        PROVIDE (end = .)
                0x00000000c000c968                . = DATA_SEGMENT_END (.)

.stab
 *(.stab)

.stabstr
 *(.stabstr)

.stab.excl
 *(.stab.excl)

.stab.exclstr
 *(.stab.exclstr)

.stab.index
 *(.stab.index)

.stab.indexstr
 *(.stab.indexstr)

.comment        0x0000000000000000       0x29
 *(.comment)
 .comment       0x0000000000000000       0x29 build/main.o
                                         0x2a (size before relaxing)
 .comment       0x0000000000000029       0x2a build/interrupt.o
 .comment       0x0000000000000029       0x2a build/timer.o
 .comment       0x0000000000000029       0x2a build/debug.o
 .comment       0x0000000000000029       0x2a build/string.o
 .comment       0x0000000000000029       0x2a build/bitmap.o
 .comment       0x0000000000000029       0x2a build/memory.o
 .comment       0x0000000000000029       0x2a build/list.o
 .comment       0x0000000000000029       0x2a build/thread.o
 .comment       0x0000000000000029       0x2a build/semaphore.o
 .comment       0x0000000000000029       0x2a build/lock.o
 .comment       0x0000000000000029       0x2a build/condition_variable.o
 .comment       0x0000000000000029       0x2a build/console.o
 .comment       0x0000000000000029       0x2a build/keyboard.o
 .comment       0x0000000000000029       0x2a build/ioqueue.o
 .comment       0x0000000000000029       0x2a build/tss.o
 .comment       0x0000000000000029       0x2a build/process.o
 .comment       0x0000000000000029       0x2a build/syscall.o
 .comment       0x0000000000000029       0x2a build/stdio.o
 .comment       0x0000000000000029       0x2a build/stdio_kernel.o
 .comment       0x0000000000000029       0x2a build/ide.o
 .comment       0x0000000000000029       0x2a build/fs.o
 .comment       0x0000000000000029       0x2a build/inode.o
 .comment       0x0000000000000029       0x2a build/dir.o

.debug
 *(.debug)

.line
 *(.line)

.debug_srcinfo
 *(.debug_srcinfo)

.debug_sfnames
 *(.debug_sfnames)

.debug_aranges
 *(.debug_aranges)

.debug_pubnames
 *(.debug_pubnames)

.debug_info
 *(.debug_info .gnu.linkonce.wi.*)

.debug_abbrev
 *(.debug_abbrev)

.debug_line
 *(.debug_line .debug_line.* .debug_line_end)

.debug_frame
 *(.debug_frame)

.debug_str
 *(.debug_str)

.debug_loc
 *(.debug_loc)

.debug_macinfo
 *(.debug_macinfo)

.debug_weaknames
 *(.debug_weaknames)

.debug_funcnames
 *(.debug_funcnames)

.debug_typenames
 *(.debug_typenames)

.debug_varnames
 *(.debug_varnames)

.debug_pubtypes
 *(.debug_pubtypes)

.debug_ranges
 *(.debug_ranges)

.debug_macro
 *(.debug_macro)

.debug_addr
 *(.debug_addr)

.gnu.attributes
 *(.gnu.attributes)

/DISCARD/
 *(.note.GNU-stack)
 *(.gnu_debuglink)
 *(.gnu.lto_*)
OUTPUT(build/kernel.bin elf32-i386)
