
Allocating common symbols
Common symbol       size              file

g_fielTable         0x180             build/file.o
g_curPartion        0x4               build/fs.o
g_IDT_handle        0x204             build/interrupt.o
kernel_memory_pool  0x2c              build/memory.o
g_readyThreadList   0x10              build/thread.o
kernel_virtual_addr
                    0xc               build/memory.o
g_allThreadList     0x10              build/thread.o
g_rootDir           0x208             build/dir.o
g_ideChannelArray   0xcc0             build/ide.o
g_IDT               0x408             build/interrupt.o
g_curThreadTag      0x4               build/thread.o
g_ChannelCount      0x1               build/ide.o
user_memory_pool    0x2c              build/memory.o
g_Syscall_Table     0x54              build/syscall.o
g_partitionList     0x10              build/ide.o
Elf32_Phdr          0x20              build/exec.o
g_keyboardIOQueue   0x84              build/keyboard.o
g_tickCount         0x4               build/timer.o

Discarded input sections

 .note.GNU-stack
                0x0000000000000000        0x0 build/main.o
 .note.GNU-stack
                0x0000000000000000        0x0 build/interrupt.o
 .note.GNU-stack
                0x0000000000000000        0x0 build/timer.o
 .note.GNU-stack
                0x0000000000000000        0x0 build/debug.o
 .note.GNU-stack
                0x0000000000000000        0x0 build/string.o
 .note.GNU-stack
                0x0000000000000000        0x0 build/bitmap.o
 .note.GNU-stack
                0x0000000000000000        0x0 build/memory.o
 .note.GNU-stack
                0x0000000000000000        0x0 build/list.o
 .note.GNU-stack
                0x0000000000000000        0x0 build/thread.o
 .note.GNU-stack
                0x0000000000000000        0x0 build/semaphore.o
 .note.GNU-stack
                0x0000000000000000        0x0 build/lock.o
 .note.GNU-stack
                0x0000000000000000        0x0 build/condition_variable.o
 .note.GNU-stack
                0x0000000000000000        0x0 build/console.o
 .note.GNU-stack
                0x0000000000000000        0x0 build/keyboard.o
 .note.GNU-stack
                0x0000000000000000        0x0 build/ioqueue.o
 .note.GNU-stack
                0x0000000000000000        0x0 build/tss.o
 .note.GNU-stack
                0x0000000000000000        0x0 build/process.o
 .note.GNU-stack
                0x0000000000000000        0x0 build/syscall.o
 .note.GNU-stack
                0x0000000000000000        0x0 build/stdio.o
 .note.GNU-stack
                0x0000000000000000        0x0 build/stdio_kernel.o
 .note.GNU-stack
                0x0000000000000000        0x0 build/ide.o
 .note.GNU-stack
                0x0000000000000000        0x0 build/fs.o
 .note.GNU-stack
                0x0000000000000000        0x0 build/inode.o
 .note.GNU-stack
                0x0000000000000000        0x0 build/dir.o
 .note.GNU-stack
                0x0000000000000000        0x0 build/file.o
 .note.GNU-stack
                0x0000000000000000        0x0 build/shell.o
 .note.GNU-stack
                0x0000000000000000        0x0 build/buildin_cmd.o
 .note.GNU-stack
                0x0000000000000000        0x0 build/fork.o
 .note.GNU-stack
                0x0000000000000000        0x0 build/exec.o
 .note.GNU-stack
                0x0000000000000000        0x0 build/system.o

Memory Configuration

Name             Origin             Length             Attributes
*default*        0x0000000000000000 0xffffffffffffffff

Linker script and memory map

Address of section .text set to 0xc0001500
LOAD build/main.o
LOAD build/interrupt.o
LOAD build/timer.o
LOAD build/debug.o
LOAD build/print.o
LOAD build/kernel.o
LOAD build/string.o
LOAD build/bitmap.o
LOAD build/memory.o
LOAD build/list.o
LOAD build/switch.o
LOAD build/thread.o
LOAD build/semaphore.o
LOAD build/lock.o
LOAD build/condition_variable.o
LOAD build/console.o
LOAD build/keyboard.o
LOAD build/ioqueue.o
LOAD build/tss.o
LOAD build/process.o
LOAD build/syscall.o
LOAD build/stdio.o
LOAD build/stdio_kernel.o
LOAD build/ide.o
LOAD build/fs.o
LOAD build/inode.o
LOAD build/dir.o
LOAD build/file.o
LOAD build/shell.o
LOAD build/buildin_cmd.o
LOAD build/fork.o
LOAD build/exec.o
LOAD build/system.o
                [!provide]                        PROVIDE (__executable_start = SEGMENT_START ("text-segment", 0x8048000))
                0x0000000008048094                . = (SEGMENT_START ("text-segment", 0x8048000) + SIZEOF_HEADERS)

.interp
 *(.interp)

.note.gnu.build-id
 *(.note.gnu.build-id)

.hash
 *(.hash)

.gnu.hash
 *(.gnu.hash)

.dynsym
 *(.dynsym)

.dynstr
 *(.dynstr)

.gnu.version
 *(.gnu.version)

.gnu.version_d
 *(.gnu.version_d)

.gnu.version_r
 *(.gnu.version_r)

.rel.dyn        0x0000000008048094        0x0
 *(.rel.init)
 *(.rel.text .rel.text.* .rel.gnu.linkonce.t.*)
 .rel.text      0x0000000008048094        0x0 build/main.o
 *(.rel.fini)
 *(.rel.rodata .rel.rodata.* .rel.gnu.linkonce.r.*)
 *(.rel.data.rel.ro .rel.data.rel.ro.* .rel.gnu.linkonce.d.rel.ro.*)
 *(.rel.data .rel.data.* .rel.gnu.linkonce.d.*)
 *(.rel.tdata .rel.tdata.* .rel.gnu.linkonce.td.*)
 *(.rel.tbss .rel.tbss.* .rel.gnu.linkonce.tb.*)
 *(.rel.ctors)
 *(.rel.dtors)
 *(.rel.got)
 .rel.got       0x0000000008048094        0x0 build/main.o
 *(.rel.bss .rel.bss.* .rel.gnu.linkonce.b.*)
 *(.rel.ifunc)

.rel.plt        0x0000000008048094        0x0
 *(.rel.plt)
                [!provide]                        PROVIDE (__rel_iplt_start = .)
 *(.rel.iplt)
 .rel.iplt      0x0000000008048094        0x0 build/main.o
                [!provide]                        PROVIDE (__rel_iplt_end = .)

.init
 *(SORT_NONE(.init))

.plt            0x0000000008048098        0x0
 *(.plt)
 *(.iplt)
 .iplt          0x0000000008048098        0x0 build/main.o

.plt.got
 *(.plt.got)

.plt.sec
 *(.plt.sec)

.text           0x00000000c0001500     0xad81
 *(.text.unlikely .text.*_unlikely .text.unlikely.*)
 *(.text.exit .text.exit.*)
 *(.text.startup .text.startup.*)
 *(.text.hot .text.hot.*)
 *(.text .stub .text.* .gnu.linkonce.t.*)
 .text          0x00000000c0001500      0x1cb build/main.o
                0x00000000c0001500                main
                0x00000000c000156f                writeBin
                0x00000000c0001601                thread_A
                0x00000000c0001606                process_A
 .text          0x00000000c00016cb      0x374 build/interrupt.o
                0x00000000c00016ea                make_idt_desc
                0x00000000c000172d                idt_desc_init
                0x00000000c00017ae                interrupt_handle
                0x00000000c000181b                exception_init
                0x00000000c0001868                register_interrupt_handle
                0x00000000c00018ba                pic_init
                0x00000000c000198e                interrupt_enable
                0x00000000c0001995                interrupt_disable
                0x00000000c000199c                set_interrupt_status
                0x00000000c00019b4                get_interrupt_status
                0x00000000c00019d1                idt_init
 .text          0x00000000c0001a3f      0x227 build/timer.o
                0x00000000c0001b33                m_sleep
                0x00000000c0001b67                timer_set
                0x00000000c0001c11                timer_init
 .text          0x00000000c0001c66       0xca build/debug.o
                0x00000000c0001c66                panic_spain
 .text          0x00000000c0001d30      0x18d build/print.o
                0x00000000c0001d30                put_int
                0x00000000c0001d93                put_str
                0x00000000c0001db1                put_char
                0x00000000c0001e7e                cls_screen
 *fill*         0x00000000c0001ebd        0x3 
 .text          0x00000000c0001ec0      0x55b build/kernel.o
                0x00000000c0001ec0                interrupt_exit
                0x00000000c00023f7                syscall_handler
 .text          0x00000000c000241b      0x381 build/string.o
                0x00000000c000241b                memset
                0x00000000c000248c                memcpy
                0x00000000c00024ec                memcmp
                0x00000000c000256f                strcpy
                0x00000000c00025c4                strcmp
                0x00000000c000263d                strcat
                0x00000000c00026a7                strchr
                0x00000000c00026f9                strrchr
                0x00000000c0002751                strlen
 .text          0x00000000c000279c      0x28d build/bitmap.o
                0x00000000c000279c                bitmap_init
                0x00000000c00027bf                bitmap_check
                0x00000000c000284c                bitmap_apply
                0x00000000c0002956                bitmap_set
 .text          0x00000000c0002a29     0x106f build/memory.o
                0x00000000c0002b6e                get_pte_ptr
                0x00000000c0002b9e                get_pde_ptr
                0x00000000c0002c98                malloc_page
                0x00000000c0002d53                get_kernel_pages
                0x00000000c0002dae                get_user_pages
                0x00000000c0002e09                bind_vaddr_with_mempool
                0x00000000c0002f55                get_a_page_without_set_vaddrbmp
                0x00000000c0002fc9                vaddr_to_phyaddr
                0x00000000c0002ff5                get_arena_memblock
                0x00000000c0003010                get_arena_by_memblock
                0x00000000c000301d                sys_malloc
                0x00000000c0003336                phyaddr_free
                0x00000000c000346c                page_free
                0x00000000c0003548                free_a_phy_page
                0x00000000c00035ad                sys_free
                0x00000000c000371e                memory_pool_init
                0x00000000c00039e6                mem_block_pool_init
                0x00000000c0003a6a                memory_init
 .text          0x00000000c0003a98      0x1c0 build/list.o
                0x00000000c0003a98                list_init
                0x00000000c0003ac6                list_insert_before
                0x00000000c0003af2                list_push
                0x00000000c0003b0a                list_append
                0x00000000c0003b22                list_remove
                0x00000000c0003b56                elem_find
                0x00000000c0003b91                list_empty
                0x00000000c0003baa                list_len
                0x00000000c0003bdf                list_pop
                0x00000000c0003bfe                list_traversal
 *fill*         0x00000000c0003c58        0x8 
 .text          0x00000000c0003c60       0x15 build/switch.o
                0x00000000c0003c60                switch_to
 .text          0x00000000c0003c75      0xafc build/thread.o
                0x00000000c0003d32                release_pid
                0x00000000c0003d88                fork_pid
                0x00000000c0003d95                sys_getpid
                0x00000000c0003fe8                sys_ps
                0x00000000c000402e                get_curthread_pcb
                0x00000000c0004043                thread_schedule
                0x00000000c0004159                thread_block
                0x00000000c00041c1                thread_unblock
                0x00000000c000426b                thread_yield
                0x00000000c00042f4                init_thread_pcb
                0x00000000c000442c                init_thread_stack
                0x00000000c000449d                thread_create
                0x00000000c000450e                thread_exit
                0x00000000c0004603                get_thread_PCB
                0x00000000c00046f3                thread_init
 .text          0x00000000c0004771      0x127 build/semaphore.o
                0x00000000c0004771                semaphore_init
                0x00000000c0004794                semaphore_P
                0x00000000c000482b                semaphore_V
 .text          0x00000000c0004898       0x66 build/lock.o
                0x00000000c0004898                lock_init
                0x00000000c00048c8                lock_acquire
                0x00000000c00048e3                lock_release
 .text          0x00000000c00048fe       0xfd build/condition_variable.o
                0x00000000c00048fe                condition_init
                0x00000000c0004916                condition_wait
                0x00000000c0004990                condition_notify
                0x00000000c00049cf                condition_notifyall
 .text          0x00000000c00049fb       0xc6 build/console.o
                0x00000000c00049fb                console_init
                0x00000000c0004a14                console_put_str
                0x00000000c0004a4b                console_put_char
                0x00000000c0004a8a                console_put_int
 .text          0x00000000c0004ac1      0x279 build/keyboard.o
                0x00000000c0004ade                keyboard_interrupt_handle
                0x00000000c0004cef                keyboard_init
 .text          0x00000000c0004d3a      0x16d build/ioqueue.o
                0x00000000c0004d3a                ioqueue_putchar
                0x00000000c0004dce                ioqueue_getchar
                0x00000000c0004e57                ioqueue_init
 .text          0x00000000c0004ea7      0x280 build/tss.o
                0x00000000c0004ea7                tss_update_esp0
                0x00000000c0004eba                tss_init
 .text          0x00000000c0005127      0x360 build/process.o
                0x00000000c0005127                process_start
                0x00000000c00051f3                process_pgdir_active
                0x00000000c0005228                process_active
                0x00000000c0005276                process_create_pgdir
                0x00000000c0005305                process_bitmap_create
                0x00000000c0005367                process_execute
 .text          0x00000000c0005487      0x361 build/syscall.o
                0x00000000c0005487                syscall_init
                0x00000000c0005582                getpid
                0x00000000c0005597                write
                0x00000000c00055ba                read
                0x00000000c00055dd                putchar
                0x00000000c0005603                clear
                0x00000000c0005618                malloc
                0x00000000c0005637                free
                0x00000000c0005654                getcwd
                0x00000000c0005669                mkdir
                0x00000000c0005688                rmdir
                0x00000000c00056a7                stat
                0x00000000c00056c9                opendir
                0x00000000c00056e8                chdir
                0x00000000c0005707                readdir
                0x00000000c0005726                rewinddir
                0x00000000c0005743                closedir
                0x00000000c0005762                fork
                0x00000000c0005777                execv
                0x00000000c0005799                exit
                0x00000000c00057b6                wait
                0x00000000c00057d5                ps
 .text          0x00000000c00057e8      0x2a4 build/stdio.o
                0x00000000c000586f                vsprintf
                0x00000000c00059ec                sprintf
                0x00000000c0005a1c                printf
 .text          0x00000000c0005a8c       0x5c build/stdio_kernel.o
                0x00000000c0005a8c                printk
 .text          0x00000000c0005ae8      0xd48 build/ide.o
                0x00000000c0006006                ide_write
                0x00000000c000613f                ide_read
                0x00000000c0006549                hd_interrupt_handler
                0x00000000c0006624                ide_init
 .text          0x00000000c0006830     0x1dd3 build/fs.o
                0x00000000c0006830                fs_inode_bitmap_alloc
                0x00000000c0006877                fs_block_bitmap_alloc
                0x00000000c00068c9                fs_bitmap_sync
                0x00000000c0006fa3                path_parse
                0x00000000c0007001                path_depth_cnt
                0x00000000c000730b                sys_mkdir
                0x00000000c00076c3                sys_rmdir
                0x00000000c00077c1                sys_open
                0x00000000c0007a6d                sys_close
                0x00000000c0007acc                sys_write
                0x00000000c0007bb5                sys_read
                0x00000000c0007c99                sys_lseek
                0x00000000c0007d72                sys_putchar
                0x00000000c0007f84                sys_getcwd
                0x00000000c00080fa                sys_stat
                0x00000000c0008224                sys_opendir
                0x00000000c0008300                sys_chdir
                0x00000000c000838f                sys_readdir
                0x00000000c00083b2                sys_rewinddir
                0x00000000c00083c2                sys_closedir
                0x00000000c00083ef                file_system_init
 .text          0x00000000c0008603      0x6de build/inode.o
                0x00000000c000869e                write_inode_to_deskpart
                0x00000000c00087c6                delete_inode_from_deskpart
                0x00000000c00088d2                inode_open
                0x00000000c0008a18                inode_close
                0x00000000c0008a99                inode_release
                0x00000000c0008c8b                inode_init
 .text          0x00000000c0008ce1      0xe38 build/dir.o
                0x00000000c0008ce1                open_root_dir
                0x00000000c0008d11                dir_open
                0x00000000c0008d51                search_dir_entry
                0x00000000c0008f29                dir_close
                0x00000000c0008f5c                create_dir_entry
                0x00000000c0008fcd                sync_dir_entry
                0x00000000c00093de                delete_dir_entry
                0x00000000c0009843                dir_read
                0x00000000c0009a2b                dir_is_empty
                0x00000000c0009a56                dir_remove
 .text          0x00000000c0009b19     0x1018 build/file.o
                0x00000000c0009b19                alloc_global_fdIdx
                0x00000000c0009b6e                install_fd
                0x00000000c0009bdb                file_create
                0x00000000c0009e9d                file_open
                0x00000000c0009fb1                file_close
                0x00000000c0009ff4                file_write
                0x00000000c000a788                file_read
 .text          0x00000000c000ab31      0x4b9 build/shell.o
                0x00000000c000ab31                print_prompt
                0x00000000c000af47                shell_process
 .text          0x00000000c000afea      0x821 build/buildin_cmd.o
                0x00000000c000b137                path_to_abspath
                0x00000000c000b206                buildin_pwd
                0x00000000c000b23e                buildin_mkdir
                0x00000000c000b2b7                buildin_rmdir
                0x00000000c000b330                buildin_ps
                0x00000000c000b356                buildin_ls
                0x00000000c000b742                buildin_cd
                0x00000000c000b7e6                buildin_clear
 .text          0x00000000c000b80b      0x3eb build/fork.o
                0x00000000c000bb73                sys_fork
 .text          0x00000000c000bbf6      0x331 build/exec.o
                0x00000000c000be83                sys_execv
 .text          0x00000000c000bf27      0x35a build/system.o
                0x00000000c000bf8a                sys_wait
                0x00000000c000c1f5                sys_exit
 *(.gnu.warning)

.fini
 *(SORT_NONE(.fini))
                [!provide]                        PROVIDE (__etext = .)
                [!provide]                        PROVIDE (_etext = .)
                [!provide]                        PROVIDE (etext = .)

.rodata         0x00000000c000c284     0x1d9b
 *(.rodata .rodata.* .gnu.linkonce.r.*)
 .rodata        0x00000000c000c284       0xbd build/main.o
 *fill*         0x00000000c000c341        0x3 
 .rodata        0x00000000c000c344       0xf4 build/interrupt.o
 .rodata        0x00000000c000c438       0x5a build/timer.o
 .rodata        0x00000000c000c492       0x32 build/debug.o
 .rodata        0x00000000c000c4c4       0xe3 build/string.o
 *fill*         0x00000000c000c5a7        0x1 
 .rodata        0x00000000c000c5a8       0x83 build/bitmap.o
 *fill*         0x00000000c000c62b        0x1 
 .rodata        0x00000000c000c62c      0x281 build/memory.o
 *fill*         0x00000000c000c8ad        0x3 
 .rodata        0x00000000c000c8b0      0x2fe build/thread.o
 *fill*         0x00000000c000cbae        0x2 
 .rodata        0x00000000c000cbb0       0x2a build/semaphore.o
 *fill*         0x00000000c000cbda        0x2 
 .rodata        0x00000000c000cbdc       0x2d build/condition_variable.o
 .rodata        0x00000000c000cc09       0x39 build/keyboard.o
 .rodata        0x00000000c000cc42       0x21 build/tss.o
 *fill*         0x00000000c000cc63        0x1 
 .rodata        0x00000000c000cc64       0xb8 build/process.o
 .rodata        0x00000000c000cd1c       0x27 build/syscall.o
 *fill*         0x00000000c000cd43        0x1 
 .rodata        0x00000000c000cd44      0x1d5 build/ide.o
 *fill*         0x00000000c000cf19        0x3 
 .rodata        0x00000000c000cf1c      0x641 build/fs.o
 *fill*         0x00000000c000d55d        0x3 
 .rodata        0x00000000c000d560       0xe2 build/inode.o
 *fill*         0x00000000c000d642        0x2 
 .rodata        0x00000000c000d644      0x20f build/dir.o
 *fill*         0x00000000c000d853        0x1 
 .rodata        0x00000000c000d854      0x426 build/file.o
 *fill*         0x00000000c000dc7a        0x2 
 .rodata        0x00000000c000dc7c       0xe9 build/shell.o
 *fill*         0x00000000c000dd65        0x3 
 .rodata        0x00000000c000dd68      0x2af build/buildin_cmd.o
 .rodata        0x00000000c000e017        0x8 build/exec.o

.rodata1
 *(.rodata1)

.eh_frame_hdr
 *(.eh_frame_hdr)
 *(.eh_frame_entry .eh_frame_entry.*)

.eh_frame       0x00000000c000e020     0x1f68
 *(.eh_frame)
 .eh_frame      0x00000000c000e020       0x94 build/main.o
 .eh_frame      0x00000000c000e0b4      0x184 build/interrupt.o
                                        0x19c (size before relaxing)
 .eh_frame      0x00000000c000e238       0xcc build/timer.o
                                         0xe4 (size before relaxing)
 .eh_frame      0x00000000c000e304       0x1c build/debug.o
                                         0x34 (size before relaxing)
 .eh_frame      0x00000000c000e320      0x120 build/string.o
                                        0x138 (size before relaxing)
 .eh_frame      0x00000000c000e440       0x88 build/bitmap.o
                                         0xa0 (size before relaxing)
 .eh_frame      0x00000000c000e4c8      0x2e0 build/memory.o
                                        0x2f8 (size before relaxing)
 .eh_frame      0x00000000c000e7a8      0x140 build/list.o
                                        0x158 (size before relaxing)
 .eh_frame      0x00000000c000e8e8      0x2dc build/thread.o
                                        0x2f4 (size before relaxing)
 .eh_frame      0x00000000c000ebc4       0x60 build/semaphore.o
                                         0x78 (size before relaxing)
 .eh_frame      0x00000000c000ec24       0x60 build/lock.o
                                         0x78 (size before relaxing)
 .eh_frame      0x00000000c000ec84       0x80 build/condition_variable.o
                                         0x98 (size before relaxing)
 .eh_frame      0x00000000c000ed04       0x80 build/console.o
                                         0x98 (size before relaxing)
 .eh_frame      0x00000000c000ed84       0x60 build/keyboard.o
                                         0x78 (size before relaxing)
 .eh_frame      0x00000000c000ede4       0x60 build/ioqueue.o
                                         0x78 (size before relaxing)
 .eh_frame      0x00000000c000ee44       0x40 build/tss.o
                                         0x58 (size before relaxing)
 .eh_frame      0x00000000c000ee84       0xc0 build/process.o
                                         0xd8 (size before relaxing)
 .eh_frame      0x00000000c000ef44      0x300 build/syscall.o
                                        0x318 (size before relaxing)
 .eh_frame      0x00000000c000f244       0x88 build/stdio.o
                                         0xa0 (size before relaxing)
 .eh_frame      0x00000000c000f2cc       0x24 build/stdio_kernel.o
                                         0x3c (size before relaxing)
 .eh_frame      0x00000000c000f2f0      0x254 build/ide.o
                                        0x26c (size before relaxing)
 .eh_frame      0x00000000c000f544      0x388 build/fs.o
                                        0x3a0 (size before relaxing)
 .eh_frame      0x00000000c000f8cc       0xe4 build/inode.o
                                         0xfc (size before relaxing)
 .eh_frame      0x00000000c000f9b0      0x14c build/dir.o
                                        0x164 (size before relaxing)
 .eh_frame      0x00000000c000fafc       0xe0 build/file.o
                                         0xf8 (size before relaxing)
 .eh_frame      0x00000000c000fbdc       0x9c build/shell.o
                                         0xb4 (size before relaxing)
 .eh_frame      0x00000000c000fc78      0x130 build/buildin_cmd.o
                                        0x148 (size before relaxing)
 .eh_frame      0x00000000c000fda8       0xc0 build/fork.o
                                         0xd8 (size before relaxing)
 .eh_frame      0x00000000c000fe68       0x60 build/exec.o
                                         0x78 (size before relaxing)
 .eh_frame      0x00000000c000fec8       0xc0 build/system.o
                                         0xd8 (size before relaxing)
 *(.eh_frame.*)

.gcc_except_table
 *(.gcc_except_table .gcc_except_table.*)

.gnu_extab
 *(.gnu_extab*)

.exception_ranges
 *(.exception_ranges .exception_ranges*)
                0x00000000c0011000                . = DATA_SEGMENT_ALIGN (CONSTANT (MAXPAGESIZE), CONSTANT (COMMONPAGESIZE))

.eh_frame
 *(.eh_frame)
 *(.eh_frame.*)

.gnu_extab
 *(.gnu_extab)

.gcc_except_table
 *(.gcc_except_table .gcc_except_table.*)

.exception_ranges
 *(.exception_ranges .exception_ranges*)

.tdata
 *(.tdata .tdata.* .gnu.linkonce.td.*)

.tbss
 *(.tbss .tbss.* .gnu.linkonce.tb.*)
 *(.tcommon)

.preinit_array  0x00000000c0011000        0x0
                [!provide]                        PROVIDE (__preinit_array_start = .)
 *(.preinit_array)
                [!provide]                        PROVIDE (__preinit_array_end = .)

.init_array     0x00000000c0011000        0x0
                [!provide]                        PROVIDE (__init_array_start = .)
 *(SORT_BY_INIT_PRIORITY(.init_array.*) SORT_BY_INIT_PRIORITY(.ctors.*))
 *(.init_array EXCLUDE_FILE(*crtend?.o *crtend.o *crtbegin?.o *crtbegin.o) .ctors)
                [!provide]                        PROVIDE (__init_array_end = .)

.fini_array     0x00000000c0011000        0x0
                [!provide]                        PROVIDE (__fini_array_start = .)
 *(SORT_BY_INIT_PRIORITY(.fini_array.*) SORT_BY_INIT_PRIORITY(.dtors.*))
 *(.fini_array EXCLUDE_FILE(*crtend?.o *crtend.o *crtbegin?.o *crtbegin.o) .dtors)
                [!provide]                        PROVIDE (__fini_array_end = .)

.ctors
 *crtbegin.o(.ctors)
 *crtbegin?.o(.ctors)
 *(EXCLUDE_FILE(*crtend?.o *crtend.o) .ctors)
 *(SORT_BY_NAME(.ctors.*))
 *(.ctors)

.dtors
 *crtbegin.o(.dtors)
 *crtbegin?.o(.dtors)
 *(EXCLUDE_FILE(*crtend?.o *crtend.o) .dtors)
 *(SORT_BY_NAME(.dtors.*))
 *(.dtors)

.jcr
 *(.jcr)

.data.rel.ro
 *(.data.rel.ro.local* .gnu.linkonce.d.rel.ro.local.*)
 *(.data.rel.ro .data.rel.ro.* .gnu.linkonce.d.rel.ro.*)

.dynamic
 *(.dynamic)

.got            0x00000000c0011000        0x0
 *(.got)
 .got           0x00000000c0011000        0x0 build/main.o
 *(.igot)
                0x00000000c0011000                . = DATA_SEGMENT_RELRO_END (., (SIZEOF (.got.plt) >= 0xc)?0xc:0x0)

.got.plt        0x00000000c0011000        0x0
 *(.got.plt)
 .got.plt       0x00000000c0011000        0x0 build/main.o
 *(.igot.plt)
 .igot.plt      0x00000000c0011000        0x0 build/main.o

.data           0x00000000c0011000      0x156
 *(.data .data.* .gnu.linkonce.d.*)
 .data          0x00000000c0011000        0x0 build/main.o
 .data          0x00000000c0011000        0x0 build/interrupt.o
 .data          0x00000000c0011000        0x0 build/timer.o
 .data          0x00000000c0011000        0x0 build/debug.o
 .data          0x00000000c0011000        0x8 build/print.o
 .data          0x00000000c0011008       0xc0 build/kernel.o
                0x00000000c0011008                interrupt_hld_table
 .data          0x00000000c00110c8        0x0 build/string.o
 .data          0x00000000c00110c8        0x0 build/bitmap.o
 .data          0x00000000c00110c8        0x0 build/memory.o
 .data          0x00000000c00110c8        0x0 build/list.o
 .data          0x00000000c00110c8        0x0 build/thread.o
 .data          0x00000000c00110c8        0x0 build/semaphore.o
 .data          0x00000000c00110c8        0x0 build/lock.o
 .data          0x00000000c00110c8        0x0 build/condition_variable.o
 .data          0x00000000c00110c8        0x0 build/console.o
 *fill*         0x00000000c00110c8       0x18 
 .data          0x00000000c00110e0       0x76 build/keyboard.o
 .data          0x00000000c0011156        0x0 build/ioqueue.o
 .data          0x00000000c0011156        0x0 build/tss.o
 .data          0x00000000c0011156        0x0 build/process.o
 .data          0x00000000c0011156        0x0 build/syscall.o
 .data          0x00000000c0011156        0x0 build/stdio.o
 .data          0x00000000c0011156        0x0 build/stdio_kernel.o
 .data          0x00000000c0011156        0x0 build/ide.o
 .data          0x00000000c0011156        0x0 build/fs.o
 .data          0x00000000c0011156        0x0 build/inode.o
 .data          0x00000000c0011156        0x0 build/dir.o
 .data          0x00000000c0011156        0x0 build/file.o
 .data          0x00000000c0011156        0x0 build/shell.o
 .data          0x00000000c0011156        0x0 build/buildin_cmd.o
 .data          0x00000000c0011156        0x0 build/fork.o
 .data          0x00000000c0011156        0x0 build/exec.o
 .data          0x00000000c0011156        0x0 build/system.o

.data1
 *(.data1)
                0x00000000c0011156                _edata = .
                [!provide]                        PROVIDE (edata = .)
                0x00000000c0011156                . = .
                0x00000000c0011156                __bss_start = .

.bss            0x00000000c0011160     0x1fa0
 *(.dynbss)
 *(.bss .bss.* .gnu.linkonce.b.*)
 .bss           0x00000000c0011160        0x4 build/main.o
                0x00000000c0011160                a
 .bss           0x00000000c0011164        0x0 build/interrupt.o
 .bss           0x00000000c0011164        0x0 build/timer.o
 .bss           0x00000000c0011164        0x0 build/debug.o
 .bss           0x00000000c0011164        0x0 build/string.o
 .bss           0x00000000c0011164        0x0 build/bitmap.o
 *fill*         0x00000000c0011164       0x1c 
 .bss           0x00000000c0011180       0xa8 build/memory.o
 .bss           0x00000000c0011228        0x0 build/list.o
 *fill*         0x00000000c0011228       0x18 
 .bss           0x00000000c0011240      0x100 build/thread.o
 .bss           0x00000000c0011340        0x0 build/semaphore.o
 .bss           0x00000000c0011340        0x0 build/lock.o
 .bss           0x00000000c0011340        0x0 build/condition_variable.o
 .bss           0x00000000c0011340       0x1c build/console.o
 .bss           0x00000000c001135c       0x14 build/keyboard.o
 .bss           0x00000000c0011370        0x0 build/ioqueue.o
 *fill*         0x00000000c0011370       0x10 
 .bss           0x00000000c0011380       0x6c build/tss.o
 .bss           0x00000000c00113ec        0x0 build/process.o
 .bss           0x00000000c00113ec        0x0 build/syscall.o
 .bss           0x00000000c00113ec        0x0 build/stdio.o
 .bss           0x00000000c00113ec        0x0 build/stdio_kernel.o
 .bss           0x00000000c00113ec        0x6 build/ide.o
 .bss           0x00000000c00113f2        0x0 build/fs.o
 .bss           0x00000000c00113f2        0x0 build/inode.o
 .bss           0x00000000c00113f2        0x0 build/dir.o
 .bss           0x00000000c00113f2        0x0 build/file.o
 *fill*         0x00000000c00113f2        0xe 
 .bss           0x00000000c0011400      0x480 build/shell.o
                0x00000000c0011400                g_cwdCache
                0x00000000c0011600                g_finalPath
 .bss           0x00000000c0011880        0x0 build/buildin_cmd.o
 .bss           0x00000000c0011880        0x0 build/fork.o
 .bss           0x00000000c0011880        0x0 build/exec.o
 .bss           0x00000000c0011880        0x0 build/system.o
 *(COMMON)
 COMMON         0x00000000c0011880      0x628 build/interrupt.o
                0x00000000c0011880                g_IDT_handle
                0x00000000c0011aa0                g_IDT
 COMMON         0x00000000c0011ea8        0x4 build/timer.o
                0x00000000c0011ea8                g_tickCount
 *fill*         0x00000000c0011eac       0x14 
 COMMON         0x00000000c0011ec0       0x6c build/memory.o
                0x00000000c0011ec0                kernel_memory_pool
                0x00000000c0011eec                kernel_virtual_addr
                0x00000000c0011f00                user_memory_pool
 COMMON         0x00000000c0011f2c       0x24 build/thread.o
                0x00000000c0011f2c                g_readyThreadList
                0x00000000c0011f3c                g_allThreadList
                0x00000000c0011f4c                g_curThreadTag
 *fill*         0x00000000c0011f50       0x10 
 COMMON         0x00000000c0011f60       0x84 build/keyboard.o
                0x00000000c0011f60                g_keyboardIOQueue
 *fill*         0x00000000c0011fe4       0x1c 
 COMMON         0x00000000c0012000       0x54 build/syscall.o
                0x00000000c0012000                g_Syscall_Table
 *fill*         0x00000000c0012054        0xc 
 COMMON         0x00000000c0012060      0xcd4 build/ide.o
                0x00000000c0012060                g_ideChannelArray
                0x00000000c0012d20                g_ChannelCount
                0x00000000c0012d24                g_partitionList
 COMMON         0x00000000c0012d34        0x4 build/fs.o
                0x00000000c0012d34                g_curPartion
 *fill*         0x00000000c0012d38        0x8 
 COMMON         0x00000000c0012d40      0x208 build/dir.o
                0x00000000c0012d40                g_rootDir
 *fill*         0x00000000c0012f48       0x18 
 COMMON         0x00000000c0012f60      0x180 build/file.o
                0x00000000c0012f60                g_fielTable
 COMMON         0x00000000c00130e0       0x20 build/exec.o
                0x00000000c00130e0                Elf32_Phdr
                0x00000000c0013100                . = ALIGN ((. != 0x0)?0x4:0x1)
                0x00000000c0013100                . = ALIGN (0x4)
                0x00000000c0013100                . = SEGMENT_START ("ldata-segment", .)
                0x00000000c0013100                . = ALIGN (0x4)
                0x00000000c0013100                _end = .
                [!provide]                        PROVIDE (end = .)
                0x00000000c0013100                . = DATA_SEGMENT_END (.)

.stab
 *(.stab)

.stabstr
 *(.stabstr)

.stab.excl
 *(.stab.excl)

.stab.exclstr
 *(.stab.exclstr)

.stab.index
 *(.stab.index)

.stab.indexstr
 *(.stab.indexstr)

.comment        0x0000000000000000       0x29
 *(.comment)
 .comment       0x0000000000000000       0x29 build/main.o
                                         0x2a (size before relaxing)
 .comment       0x0000000000000029       0x2a build/interrupt.o
 .comment       0x0000000000000029       0x2a build/timer.o
 .comment       0x0000000000000029       0x2a build/debug.o
 .comment       0x0000000000000029       0x2a build/string.o
 .comment       0x0000000000000029       0x2a build/bitmap.o
 .comment       0x0000000000000029       0x2a build/memory.o
 .comment       0x0000000000000029       0x2a build/list.o
 .comment       0x0000000000000029       0x2a build/thread.o
 .comment       0x0000000000000029       0x2a build/semaphore.o
 .comment       0x0000000000000029       0x2a build/lock.o
 .comment       0x0000000000000029       0x2a build/condition_variable.o
 .comment       0x0000000000000029       0x2a build/console.o
 .comment       0x0000000000000029       0x2a build/keyboard.o
 .comment       0x0000000000000029       0x2a build/ioqueue.o
 .comment       0x0000000000000029       0x2a build/tss.o
 .comment       0x0000000000000029       0x2a build/process.o
 .comment       0x0000000000000029       0x2a build/syscall.o
 .comment       0x0000000000000029       0x2a build/stdio.o
 .comment       0x0000000000000029       0x2a build/stdio_kernel.o
 .comment       0x0000000000000029       0x2a build/ide.o
 .comment       0x0000000000000029       0x2a build/fs.o
 .comment       0x0000000000000029       0x2a build/inode.o
 .comment       0x0000000000000029       0x2a build/dir.o
 .comment       0x0000000000000029       0x2a build/file.o
 .comment       0x0000000000000029       0x2a build/shell.o
 .comment       0x0000000000000029       0x2a build/buildin_cmd.o
 .comment       0x0000000000000029       0x2a build/fork.o
 .comment       0x0000000000000029       0x2a build/exec.o
 .comment       0x0000000000000029       0x2a build/system.o

.debug
 *(.debug)

.line
 *(.line)

.debug_srcinfo
 *(.debug_srcinfo)

.debug_sfnames
 *(.debug_sfnames)

.debug_aranges
 *(.debug_aranges)

.debug_pubnames
 *(.debug_pubnames)

.debug_info
 *(.debug_info .gnu.linkonce.wi.*)

.debug_abbrev
 *(.debug_abbrev)

.debug_line
 *(.debug_line .debug_line.* .debug_line_end)

.debug_frame
 *(.debug_frame)

.debug_str
 *(.debug_str)

.debug_loc
 *(.debug_loc)

.debug_macinfo
 *(.debug_macinfo)

.debug_weaknames
 *(.debug_weaknames)

.debug_funcnames
 *(.debug_funcnames)

.debug_typenames
 *(.debug_typenames)

.debug_varnames
 *(.debug_varnames)

.debug_pubtypes
 *(.debug_pubtypes)

.debug_ranges
 *(.debug_ranges)

.debug_macro
 *(.debug_macro)

.debug_addr
 *(.debug_addr)

.gnu.attributes
 *(.gnu.attributes)

/DISCARD/
 *(.note.GNU-stack)
 *(.gnu_debuglink)
 *(.gnu.lto_*)
OUTPUT(build/kernel.bin elf32-i386)
