
Allocating common symbols
Common symbol       size              file

g_fielTable         0x180             build/file.o
g_curPartion        0x4               build/fs.o
g_IDT_handle        0x204             build/interrupt.o
kernel_memory_pool  0x2c              build/memory.o
g_readyThreadList   0x10              build/thread.o
kernel_virtual_addr
                    0xc               build/memory.o
g_allThreadList     0x10              build/thread.o
g_rootDir           0x208             build/dir.o
g_ideChannelArray   0xcc0             build/ide.o
g_IDT               0x408             build/interrupt.o
g_curThreadTag      0x4               build/thread.o
g_ChannelCount      0x1               build/ide.o
user_memory_pool    0x2c              build/memory.o
g_Syscall_Table     0x44              build/syscall.o
g_partitionList     0x10              build/ide.o
g_keyboardIOQueue   0x84              build/keyboard.o
g_tickCount         0x4               build/timer.o

Discarded input sections

 .note.GNU-stack
                0x0000000000000000        0x0 build/main.o
 .note.GNU-stack
                0x0000000000000000        0x0 build/interrupt.o
 .note.GNU-stack
                0x0000000000000000        0x0 build/timer.o
 .note.GNU-stack
                0x0000000000000000        0x0 build/debug.o
 .note.GNU-stack
                0x0000000000000000        0x0 build/string.o
 .note.GNU-stack
                0x0000000000000000        0x0 build/bitmap.o
 .note.GNU-stack
                0x0000000000000000        0x0 build/memory.o
 .note.GNU-stack
                0x0000000000000000        0x0 build/list.o
 .note.GNU-stack
                0x0000000000000000        0x0 build/thread.o
 .note.GNU-stack
                0x0000000000000000        0x0 build/semaphore.o
 .note.GNU-stack
                0x0000000000000000        0x0 build/lock.o
 .note.GNU-stack
                0x0000000000000000        0x0 build/condition_variable.o
 .note.GNU-stack
                0x0000000000000000        0x0 build/console.o
 .note.GNU-stack
                0x0000000000000000        0x0 build/keyboard.o
 .note.GNU-stack
                0x0000000000000000        0x0 build/ioqueue.o
 .note.GNU-stack
                0x0000000000000000        0x0 build/tss.o
 .note.GNU-stack
                0x0000000000000000        0x0 build/process.o
 .note.GNU-stack
                0x0000000000000000        0x0 build/syscall.o
 .note.GNU-stack
                0x0000000000000000        0x0 build/stdio.o
 .note.GNU-stack
                0x0000000000000000        0x0 build/stdio_kernel.o
 .note.GNU-stack
                0x0000000000000000        0x0 build/ide.o
 .note.GNU-stack
                0x0000000000000000        0x0 build/fs.o
 .note.GNU-stack
                0x0000000000000000        0x0 build/inode.o
 .note.GNU-stack
                0x0000000000000000        0x0 build/dir.o
 .note.GNU-stack
                0x0000000000000000        0x0 build/file.o
 .note.GNU-stack
                0x0000000000000000        0x0 build/shell.o
 .note.GNU-stack
                0x0000000000000000        0x0 build/buildin_cmd.o
 .note.GNU-stack
                0x0000000000000000        0x0 build/fork.o

Memory Configuration

Name             Origin             Length             Attributes
*default*        0x0000000000000000 0xffffffffffffffff

Linker script and memory map

Address of section .text set to 0xc0001500
LOAD build/main.o
LOAD build/interrupt.o
LOAD build/timer.o
LOAD build/debug.o
LOAD build/print.o
LOAD build/kernel.o
LOAD build/string.o
LOAD build/bitmap.o
LOAD build/memory.o
LOAD build/list.o
LOAD build/switch.o
LOAD build/thread.o
LOAD build/semaphore.o
LOAD build/lock.o
LOAD build/condition_variable.o
LOAD build/console.o
LOAD build/keyboard.o
LOAD build/ioqueue.o
LOAD build/tss.o
LOAD build/process.o
LOAD build/syscall.o
LOAD build/stdio.o
LOAD build/stdio_kernel.o
LOAD build/ide.o
LOAD build/fs.o
LOAD build/inode.o
LOAD build/dir.o
LOAD build/file.o
LOAD build/shell.o
LOAD build/buildin_cmd.o
LOAD build/fork.o
                [!provide]                        PROVIDE (__executable_start = SEGMENT_START ("text-segment", 0x8048000))
                0x0000000008048094                . = (SEGMENT_START ("text-segment", 0x8048000) + SIZEOF_HEADERS)

.interp
 *(.interp)

.note.gnu.build-id
 *(.note.gnu.build-id)

.hash
 *(.hash)

.gnu.hash
 *(.gnu.hash)

.dynsym
 *(.dynsym)

.dynstr
 *(.dynstr)

.gnu.version
 *(.gnu.version)

.gnu.version_d
 *(.gnu.version_d)

.gnu.version_r
 *(.gnu.version_r)

.rel.dyn        0x0000000008048094        0x0
 *(.rel.init)
 *(.rel.text .rel.text.* .rel.gnu.linkonce.t.*)
 .rel.text      0x0000000008048094        0x0 build/main.o
 *(.rel.fini)
 *(.rel.rodata .rel.rodata.* .rel.gnu.linkonce.r.*)
 *(.rel.data.rel.ro .rel.data.rel.ro.* .rel.gnu.linkonce.d.rel.ro.*)
 *(.rel.data .rel.data.* .rel.gnu.linkonce.d.*)
 *(.rel.tdata .rel.tdata.* .rel.gnu.linkonce.td.*)
 *(.rel.tbss .rel.tbss.* .rel.gnu.linkonce.tb.*)
 *(.rel.ctors)
 *(.rel.dtors)
 *(.rel.got)
 .rel.got       0x0000000008048094        0x0 build/main.o
 *(.rel.bss .rel.bss.* .rel.gnu.linkonce.b.*)
 *(.rel.ifunc)

.rel.plt        0x0000000008048094        0x0
 *(.rel.plt)
                [!provide]                        PROVIDE (__rel_iplt_start = .)
 *(.rel.iplt)
 .rel.iplt      0x0000000008048094        0x0 build/main.o
                [!provide]                        PROVIDE (__rel_iplt_end = .)

.init
 *(SORT_NONE(.init))

.plt            0x0000000008048098        0x0
 *(.plt)
 *(.iplt)
 .iplt          0x0000000008048098        0x0 build/main.o

.plt.got
 *(.plt.got)

.plt.sec
 *(.plt.sec)

.text           0x00000000c0001500     0x9e00
 *(.text.unlikely .text.*_unlikely .text.unlikely.*)
 *(.text.exit .text.exit.*)
 *(.text.startup .text.startup.*)
 *(.text.hot .text.hot.*)
 *(.text .stub .text.* .gnu.linkonce.t.*)
 .text          0x00000000c0001500      0x139 build/main.o
                0x00000000c0001500                main
                0x00000000c000156f                thread_A
                0x00000000c0001574                process_A
 .text          0x00000000c0001639      0x374 build/interrupt.o
                0x00000000c0001658                make_idt_desc
                0x00000000c000169b                idt_desc_init
                0x00000000c000171c                interrupt_handle
                0x00000000c0001789                exception_init
                0x00000000c00017d6                register_interrupt_handle
                0x00000000c0001828                pic_init
                0x00000000c00018fc                interrupt_enable
                0x00000000c0001903                interrupt_disable
                0x00000000c000190a                set_interrupt_status
                0x00000000c0001922                get_interrupt_status
                0x00000000c000193f                idt_init
 .text          0x00000000c00019ad      0x218 build/timer.o
                0x00000000c0001a92                m_sleep
                0x00000000c0001ac6                timer_set
                0x00000000c0001b70                timer_init
 .text          0x00000000c0001bc5       0xca build/debug.o
                0x00000000c0001bc5                panic_spain
 *fill*         0x00000000c0001c8f        0x1 
 .text          0x00000000c0001c90      0x18d build/print.o
                0x00000000c0001c90                put_int
                0x00000000c0001cf3                put_str
                0x00000000c0001d11                put_char
                0x00000000c0001dde                cls_screen
 *fill*         0x00000000c0001e1d        0x3 
 .text          0x00000000c0001e20      0x55b build/kernel.o
                0x00000000c0001e20                interrupt_exit
                0x00000000c0002357                syscall_handler
 .text          0x00000000c000237b      0x2fe build/string.o
                0x00000000c000237b                memset
                0x00000000c00023ec                memcpy
                0x00000000c000244c                strcpy
                0x00000000c00024a1                strcmp
                0x00000000c000251a                strcat
                0x00000000c0002584                strchr
                0x00000000c00025d6                strrchr
                0x00000000c000262e                strlen
 .text          0x00000000c0002679      0x28d build/bitmap.o
                0x00000000c0002679                bitmap_init
                0x00000000c000269c                bitmap_check
                0x00000000c0002729                bitmap_apply
                0x00000000c0002833                bitmap_set
 .text          0x00000000c0002906     0x100a build/memory.o
                0x00000000c0002a4b                get_pte_ptr
                0x00000000c0002a7b                get_pde_ptr
                0x00000000c0002b75                malloc_page
                0x00000000c0002c30                get_kernel_pages
                0x00000000c0002c8b                get_user_pages
                0x00000000c0002ce6                bind_vaddr_with_mempool
                0x00000000c0002e32                get_a_page_without_set_vaddrbmp
                0x00000000c0002ea6                vaddr_to_phyaddr
                0x00000000c0002ed2                get_arena_memblock
                0x00000000c0002eed                get_arena_by_memblock
                0x00000000c0002efa                sys_malloc
                0x00000000c0003213                phyaddr_free
                0x00000000c0003349                page_free
                0x00000000c0003425                sys_free
                0x00000000c0003596                memory_pool_init
                0x00000000c000385e                mem_block_pool_init
                0x00000000c00038e2                memory_init
 .text          0x00000000c0003910      0x1c0 build/list.o
                0x00000000c0003910                list_init
                0x00000000c000393e                list_insert_before
                0x00000000c000396a                list_push
                0x00000000c0003982                list_append
                0x00000000c000399a                list_remove
                0x00000000c00039ce                elem_find
                0x00000000c0003a09                list_empty
                0x00000000c0003a22                list_len
                0x00000000c0003a57                list_pop
                0x00000000c0003a76                list_traversal
 .text          0x00000000c0003ad0       0x15 build/switch.o
                0x00000000c0003ad0                switch_to
 .text          0x00000000c0003ae5      0x66c build/thread.o
                0x00000000c0003b3b                fork_pid
                0x00000000c0003b48                sys_getpid
                0x00000000c0003b5c                get_curthread_pcb
                0x00000000c0003b71                thread_schedule
                0x00000000c0003c81                thread_block
                0x00000000c0003ce6                thread_unblock
                0x00000000c0003d8d                thread_yield
                0x00000000c0003e13                init_thread_pcb
                0x00000000c0003f4b                init_thread_stack
                0x00000000c0003fbc                thread_create
                0x00000000c00040d8                thread_init
 .text          0x00000000c0004151      0x127 build/semaphore.o
                0x00000000c0004151                semaphore_init
                0x00000000c0004174                semaphore_P
                0x00000000c000420b                semaphore_V
 .text          0x00000000c0004278       0x66 build/lock.o
                0x00000000c0004278                lock_init
                0x00000000c00042a8                lock_acquire
                0x00000000c00042c3                lock_release
 .text          0x00000000c00042de       0xfd build/condition_variable.o
                0x00000000c00042de                condition_init
                0x00000000c00042f6                condition_wait
                0x00000000c0004370                condition_notify
                0x00000000c00043af                condition_notifyall
 .text          0x00000000c00043db       0xc6 build/console.o
                0x00000000c00043db                console_init
                0x00000000c00043f4                console_put_str
                0x00000000c000442b                console_put_char
                0x00000000c000446a                console_put_int
 .text          0x00000000c00044a1      0x279 build/keyboard.o
                0x00000000c00044be                keyboard_interrupt_handle
                0x00000000c00046cf                keyboard_init
 .text          0x00000000c000471a      0x16d build/ioqueue.o
                0x00000000c000471a                ioqueue_putchar
                0x00000000c00047ae                ioqueue_getchar
                0x00000000c0004837                ioqueue_init
 .text          0x00000000c0004887      0x280 build/tss.o
                0x00000000c0004887                tss_update_esp0
                0x00000000c000489a                tss_init
 .text          0x00000000c0004b07      0x360 build/process.o
                0x00000000c0004b07                process_start
                0x00000000c0004bd3                process_pgdir_active
                0x00000000c0004c08                process_active
                0x00000000c0004c56                process_create_pgdir
                0x00000000c0004ce5                process_bitmap_create
                0x00000000c0004d47                process_execute
 .text          0x00000000c0004e67      0x2c8 build/syscall.o
                0x00000000c0004e67                syscall_init
                0x00000000c0004f3a                getpid
                0x00000000c0004f4f                write
                0x00000000c0004f72                read
                0x00000000c0004f95                putchar
                0x00000000c0004fbb                clear
                0x00000000c0004fd0                malloc
                0x00000000c0004fef                free
                0x00000000c000500c                getcwd
                0x00000000c0005021                mkdir
                0x00000000c0005040                rmdir
                0x00000000c000505f                stat
                0x00000000c0005081                opendir
                0x00000000c00050a0                chdir
                0x00000000c00050bf                readdir
                0x00000000c00050de                rewinddir
                0x00000000c00050fb                closedir
                0x00000000c000511a                fork
 .text          0x00000000c000512f      0x2a4 build/stdio.o
                0x00000000c00051b6                vsprintf
                0x00000000c0005333                sprintf
                0x00000000c0005363                printf
 .text          0x00000000c00053d3       0x5c build/stdio_kernel.o
                0x00000000c00053d3                printk
 .text          0x00000000c000542f      0xd48 build/ide.o
                0x00000000c000594d                ide_write
                0x00000000c0005a86                ide_read
                0x00000000c0005e90                hd_interrupt_handler
                0x00000000c0005f6b                ide_init
 .text          0x00000000c0006177     0x1cfa build/fs.o
                0x00000000c0006177                fs_inode_bitmap_alloc
                0x00000000c00061be                fs_block_bitmap_alloc
                0x00000000c0006210                fs_bitmap_sync
                0x00000000c00068ea                path_parse
                0x00000000c0006948                path_depth_cnt
                0x00000000c0006c52                sys_mkdir
                0x00000000c000700a                sys_rmdir
                0x00000000c0007108                sys_open
                0x00000000c00073b4                sys_close
                0x00000000c0007413                sys_write
                0x00000000c00074fc                sys_read
                0x00000000c00075e0                sys_putchar
                0x00000000c00077f2                sys_getcwd
                0x00000000c0007968                sys_stat
                0x00000000c0007a92                sys_opendir
                0x00000000c0007b6e                sys_chdir
                0x00000000c0007bfd                sys_readdir
                0x00000000c0007c20                sys_rewinddir
                0x00000000c0007c30                sys_closedir
                0x00000000c0007c5d                file_system_init
 .text          0x00000000c0007e71      0x6de build/inode.o
                0x00000000c0007f0c                write_inode_to_deskpart
                0x00000000c0008034                delete_inode_from_deskpart
                0x00000000c0008140                inode_open
                0x00000000c0008286                inode_close
                0x00000000c0008307                inode_release
                0x00000000c00084f9                inode_init
 .text          0x00000000c000854f      0xe38 build/dir.o
                0x00000000c000854f                open_root_dir
                0x00000000c000857f                dir_open
                0x00000000c00085bf                search_dir_entry
                0x00000000c0008797                dir_close
                0x00000000c00087ca                create_dir_entry
                0x00000000c000883b                sync_dir_entry
                0x00000000c0008c4c                delete_dir_entry
                0x00000000c00090b1                dir_read
                0x00000000c0009299                dir_is_empty
                0x00000000c00092c4                dir_remove
 .text          0x00000000c0009387     0x1018 build/file.o
                0x00000000c0009387                alloc_global_fdIdx
                0x00000000c00093dc                install_fd
                0x00000000c0009449                file_create
                0x00000000c000970b                file_open
                0x00000000c000981f                file_close
                0x00000000c0009862                file_write
                0x00000000c0009ff6                file_read
 .text          0x00000000c000a39f      0x39c build/shell.o
                0x00000000c000a39f                print_prompt
                0x00000000c000a698                shell_process
 .text          0x00000000c000a73b      0x7fb build/buildin_cmd.o
                0x00000000c000a888                path_to_abspath
                0x00000000c000a957                buildin_pwd
                0x00000000c000a98f                buildin_mkdir
                0x00000000c000aa08                buildin_rmdir
                0x00000000c000aa81                buildin_ls
                0x00000000c000ae6d                buildin_cd
                0x00000000c000af11                buildin_clear
 .text          0x00000000c000af36      0x3ca build/fork.o
                0x00000000c000b27f                sys_fork
 *(.gnu.warning)

.fini
 *(SORT_NONE(.fini))
                [!provide]                        PROVIDE (__etext = .)
                [!provide]                        PROVIDE (_etext = .)
                [!provide]                        PROVIDE (etext = .)

.rodata         0x00000000c000b300     0x1beb
 *(.rodata .rodata.* .gnu.linkonce.r.*)
 .rodata        0x00000000c000b300       0xa1 build/main.o
 *fill*         0x00000000c000b3a1        0x3 
 .rodata        0x00000000c000b3a4       0xf4 build/interrupt.o
 .rodata        0x00000000c000b498       0x5a build/timer.o
 .rodata        0x00000000c000b4f2       0x32 build/debug.o
 .rodata        0x00000000c000b524       0xc3 build/string.o
 *fill*         0x00000000c000b5e7        0x1 
 .rodata        0x00000000c000b5e8       0x83 build/bitmap.o
 *fill*         0x00000000c000b66b        0x1 
 .rodata        0x00000000c000b66c      0x281 build/memory.o
 *fill*         0x00000000c000b8ed        0x3 
 .rodata        0x00000000c000b8f0      0x242 build/thread.o
 *fill*         0x00000000c000bb32        0x2 
 .rodata        0x00000000c000bb34       0x2a build/semaphore.o
 *fill*         0x00000000c000bb5e        0x2 
 .rodata        0x00000000c000bb60       0x2d build/condition_variable.o
 .rodata        0x00000000c000bb8d       0x39 build/keyboard.o
 .rodata        0x00000000c000bbc6       0x21 build/tss.o
 *fill*         0x00000000c000bbe7        0x1 
 .rodata        0x00000000c000bbe8       0xb8 build/process.o
 .rodata        0x00000000c000bca0       0x27 build/syscall.o
 *fill*         0x00000000c000bcc7        0x1 
 .rodata        0x00000000c000bcc8      0x1d5 build/ide.o
 *fill*         0x00000000c000be9d        0x3 
 .rodata        0x00000000c000bea0      0x62d build/fs.o
 *fill*         0x00000000c000c4cd        0x3 
 .rodata        0x00000000c000c4d0       0xe2 build/inode.o
 *fill*         0x00000000c000c5b2        0x2 
 .rodata        0x00000000c000c5b4      0x20f build/dir.o
 *fill*         0x00000000c000c7c3        0x1 
 .rodata        0x00000000c000c7c4      0x426 build/file.o
 *fill*         0x00000000c000cbea        0x2 
 .rodata        0x00000000c000cbec       0x7c build/shell.o
 .rodata        0x00000000c000cc68      0x283 build/buildin_cmd.o

.rodata1
 *(.rodata1)

.eh_frame_hdr
 *(.eh_frame_hdr)
 *(.eh_frame_entry .eh_frame_entry.*)

.eh_frame       0x00000000c000ceec     0x1c1c
 *(.eh_frame)
 .eh_frame      0x00000000c000ceec       0x74 build/main.o
 .eh_frame      0x00000000c000cf60      0x184 build/interrupt.o
                                        0x19c (size before relaxing)
 .eh_frame      0x00000000c000d0e4       0xcc build/timer.o
                                         0xe4 (size before relaxing)
 .eh_frame      0x00000000c000d1b0       0x1c build/debug.o
                                         0x34 (size before relaxing)
 .eh_frame      0x00000000c000d1cc      0x100 build/string.o
                                        0x118 (size before relaxing)
 .eh_frame      0x00000000c000d2cc       0x88 build/bitmap.o
                                         0xa0 (size before relaxing)
 .eh_frame      0x00000000c000d354      0x2c0 build/memory.o
                                        0x2d8 (size before relaxing)
 .eh_frame      0x00000000c000d614      0x140 build/list.o
                                        0x158 (size before relaxing)
 .eh_frame      0x00000000c000d754      0x1dc build/thread.o
                                        0x1f4 (size before relaxing)
 .eh_frame      0x00000000c000d930       0x60 build/semaphore.o
                                         0x78 (size before relaxing)
 .eh_frame      0x00000000c000d990       0x60 build/lock.o
                                         0x78 (size before relaxing)
 .eh_frame      0x00000000c000d9f0       0x80 build/condition_variable.o
                                         0x98 (size before relaxing)
 .eh_frame      0x00000000c000da70       0x80 build/console.o
                                         0x98 (size before relaxing)
 .eh_frame      0x00000000c000daf0       0x60 build/keyboard.o
                                         0x78 (size before relaxing)
 .eh_frame      0x00000000c000db50       0x60 build/ioqueue.o
                                         0x78 (size before relaxing)
 .eh_frame      0x00000000c000dbb0       0x40 build/tss.o
                                         0x58 (size before relaxing)
 .eh_frame      0x00000000c000dbf0       0xc0 build/process.o
                                         0xd8 (size before relaxing)
 .eh_frame      0x00000000c000dcb0      0x274 build/syscall.o
                                        0x28c (size before relaxing)
 .eh_frame      0x00000000c000df24       0x88 build/stdio.o
                                         0xa0 (size before relaxing)
 .eh_frame      0x00000000c000dfac       0x24 build/stdio_kernel.o
                                         0x3c (size before relaxing)
 .eh_frame      0x00000000c000dfd0      0x254 build/ide.o
                                        0x26c (size before relaxing)
 .eh_frame      0x00000000c000e224      0x368 build/fs.o
                                        0x380 (size before relaxing)
 .eh_frame      0x00000000c000e58c       0xe4 build/inode.o
                                         0xfc (size before relaxing)
 .eh_frame      0x00000000c000e670      0x14c build/dir.o
                                        0x164 (size before relaxing)
 .eh_frame      0x00000000c000e7bc       0xe0 build/file.o
                                         0xf8 (size before relaxing)
 .eh_frame      0x00000000c000e89c       0x9c build/shell.o
                                         0xb4 (size before relaxing)
 .eh_frame      0x00000000c000e938      0x110 build/buildin_cmd.o
                                        0x128 (size before relaxing)
 .eh_frame      0x00000000c000ea48       0xc0 build/fork.o
                                         0xd8 (size before relaxing)
 *(.eh_frame.*)

.gcc_except_table
 *(.gcc_except_table .gcc_except_table.*)

.gnu_extab
 *(.gnu_extab*)

.exception_ranges
 *(.exception_ranges .exception_ranges*)
                0x00000000c0010000                . = DATA_SEGMENT_ALIGN (CONSTANT (MAXPAGESIZE), CONSTANT (COMMONPAGESIZE))

.eh_frame
 *(.eh_frame)
 *(.eh_frame.*)

.gnu_extab
 *(.gnu_extab)

.gcc_except_table
 *(.gcc_except_table .gcc_except_table.*)

.exception_ranges
 *(.exception_ranges .exception_ranges*)

.tdata
 *(.tdata .tdata.* .gnu.linkonce.td.*)

.tbss
 *(.tbss .tbss.* .gnu.linkonce.tb.*)
 *(.tcommon)

.preinit_array  0x00000000c0010000        0x0
                [!provide]                        PROVIDE (__preinit_array_start = .)
 *(.preinit_array)
                [!provide]                        PROVIDE (__preinit_array_end = .)

.init_array     0x00000000c0010000        0x0
                [!provide]                        PROVIDE (__init_array_start = .)
 *(SORT_BY_INIT_PRIORITY(.init_array.*) SORT_BY_INIT_PRIORITY(.ctors.*))
 *(.init_array EXCLUDE_FILE(*crtend?.o *crtend.o *crtbegin?.o *crtbegin.o) .ctors)
                [!provide]                        PROVIDE (__init_array_end = .)

.fini_array     0x00000000c0010000        0x0
                [!provide]                        PROVIDE (__fini_array_start = .)
 *(SORT_BY_INIT_PRIORITY(.fini_array.*) SORT_BY_INIT_PRIORITY(.dtors.*))
 *(.fini_array EXCLUDE_FILE(*crtend?.o *crtend.o *crtbegin?.o *crtbegin.o) .dtors)
                [!provide]                        PROVIDE (__fini_array_end = .)

.ctors
 *crtbegin.o(.ctors)
 *crtbegin?.o(.ctors)
 *(EXCLUDE_FILE(*crtend?.o *crtend.o) .ctors)
 *(SORT_BY_NAME(.ctors.*))
 *(.ctors)

.dtors
 *crtbegin.o(.dtors)
 *crtbegin?.o(.dtors)
 *(EXCLUDE_FILE(*crtend?.o *crtend.o) .dtors)
 *(SORT_BY_NAME(.dtors.*))
 *(.dtors)

.jcr
 *(.jcr)

.data.rel.ro
 *(.data.rel.ro.local* .gnu.linkonce.d.rel.ro.local.*)
 *(.data.rel.ro .data.rel.ro.* .gnu.linkonce.d.rel.ro.*)

.dynamic
 *(.dynamic)

.got            0x00000000c0010000        0x0
 *(.got)
 .got           0x00000000c0010000        0x0 build/main.o
 *(.igot)
                0x00000000c0010000                . = DATA_SEGMENT_RELRO_END (., (SIZEOF (.got.plt) >= 0xc)?0xc:0x0)

.got.plt        0x00000000c0010000        0x0
 *(.got.plt)
 .got.plt       0x00000000c0010000        0x0 build/main.o
 *(.igot.plt)
 .igot.plt      0x00000000c0010000        0x0 build/main.o

.data           0x00000000c0010000      0x156
 *(.data .data.* .gnu.linkonce.d.*)
 .data          0x00000000c0010000        0x0 build/main.o
 .data          0x00000000c0010000        0x0 build/interrupt.o
 .data          0x00000000c0010000        0x0 build/timer.o
 .data          0x00000000c0010000        0x0 build/debug.o
 .data          0x00000000c0010000        0x8 build/print.o
 .data          0x00000000c0010008       0xc0 build/kernel.o
                0x00000000c0010008                interrupt_hld_table
 .data          0x00000000c00100c8        0x0 build/string.o
 .data          0x00000000c00100c8        0x0 build/bitmap.o
 .data          0x00000000c00100c8        0x0 build/memory.o
 .data          0x00000000c00100c8        0x0 build/list.o
 .data          0x00000000c00100c8        0x0 build/thread.o
 .data          0x00000000c00100c8        0x0 build/semaphore.o
 .data          0x00000000c00100c8        0x0 build/lock.o
 .data          0x00000000c00100c8        0x0 build/condition_variable.o
 .data          0x00000000c00100c8        0x0 build/console.o
 *fill*         0x00000000c00100c8       0x18 
 .data          0x00000000c00100e0       0x76 build/keyboard.o
 .data          0x00000000c0010156        0x0 build/ioqueue.o
 .data          0x00000000c0010156        0x0 build/tss.o
 .data          0x00000000c0010156        0x0 build/process.o
 .data          0x00000000c0010156        0x0 build/syscall.o
 .data          0x00000000c0010156        0x0 build/stdio.o
 .data          0x00000000c0010156        0x0 build/stdio_kernel.o
 .data          0x00000000c0010156        0x0 build/ide.o
 .data          0x00000000c0010156        0x0 build/fs.o
 .data          0x00000000c0010156        0x0 build/inode.o
 .data          0x00000000c0010156        0x0 build/dir.o
 .data          0x00000000c0010156        0x0 build/file.o
 .data          0x00000000c0010156        0x0 build/shell.o
 .data          0x00000000c0010156        0x0 build/buildin_cmd.o
 .data          0x00000000c0010156        0x0 build/fork.o

.data1
 *(.data1)
                0x00000000c0010156                _edata = .
                [!provide]                        PROVIDE (edata = .)
                0x00000000c0010156                . = .
                0x00000000c0010156                __bss_start = .

.bss            0x00000000c0010160     0x1e80
 *(.dynbss)
 *(.bss .bss.* .gnu.linkonce.b.*)
 .bss           0x00000000c0010160        0x4 build/main.o
                0x00000000c0010160                a
 .bss           0x00000000c0010164        0x0 build/interrupt.o
 .bss           0x00000000c0010164        0x0 build/timer.o
 .bss           0x00000000c0010164        0x0 build/debug.o
 .bss           0x00000000c0010164        0x0 build/string.o
 .bss           0x00000000c0010164        0x0 build/bitmap.o
 *fill*         0x00000000c0010164       0x1c 
 .bss           0x00000000c0010180       0xa8 build/memory.o
 .bss           0x00000000c0010228        0x0 build/list.o
 .bss           0x00000000c0010228       0x26 build/thread.o
 .bss           0x00000000c001024e        0x0 build/semaphore.o
 .bss           0x00000000c001024e        0x0 build/lock.o
 .bss           0x00000000c001024e        0x0 build/condition_variable.o
 *fill*         0x00000000c001024e        0x2 
 .bss           0x00000000c0010250       0x1c build/console.o
 .bss           0x00000000c001026c       0x14 build/keyboard.o
 .bss           0x00000000c0010280        0x0 build/ioqueue.o
 .bss           0x00000000c0010280       0x6c build/tss.o
 .bss           0x00000000c00102ec        0x0 build/process.o
 .bss           0x00000000c00102ec        0x0 build/syscall.o
 .bss           0x00000000c00102ec        0x0 build/stdio.o
 .bss           0x00000000c00102ec        0x0 build/stdio_kernel.o
 .bss           0x00000000c00102ec        0x6 build/ide.o
 .bss           0x00000000c00102f2        0x0 build/fs.o
 .bss           0x00000000c00102f2        0x0 build/inode.o
 .bss           0x00000000c00102f2        0x0 build/dir.o
 .bss           0x00000000c00102f2        0x0 build/file.o
 *fill*         0x00000000c00102f2        0xe 
 .bss           0x00000000c0010300      0x480 build/shell.o
                0x00000000c0010300                g_cwdCache
                0x00000000c0010500                g_finalPath
 .bss           0x00000000c0010780        0x0 build/buildin_cmd.o
 .bss           0x00000000c0010780        0x0 build/fork.o
 *(COMMON)
 COMMON         0x00000000c0010780      0x628 build/interrupt.o
                0x00000000c0010780                g_IDT_handle
                0x00000000c00109a0                g_IDT
 COMMON         0x00000000c0010da8        0x4 build/timer.o
                0x00000000c0010da8                g_tickCount
 *fill*         0x00000000c0010dac       0x14 
 COMMON         0x00000000c0010dc0       0x6c build/memory.o
                0x00000000c0010dc0                kernel_memory_pool
                0x00000000c0010dec                kernel_virtual_addr
                0x00000000c0010e00                user_memory_pool
 COMMON         0x00000000c0010e2c       0x24 build/thread.o
                0x00000000c0010e2c                g_readyThreadList
                0x00000000c0010e3c                g_allThreadList
                0x00000000c0010e4c                g_curThreadTag
 *fill*         0x00000000c0010e50       0x10 
 COMMON         0x00000000c0010e60       0x84 build/keyboard.o
                0x00000000c0010e60                g_keyboardIOQueue
 *fill*         0x00000000c0010ee4       0x1c 
 COMMON         0x00000000c0010f00       0x44 build/syscall.o
                0x00000000c0010f00                g_Syscall_Table
 *fill*         0x00000000c0010f44       0x1c 
 COMMON         0x00000000c0010f60      0xcd4 build/ide.o
                0x00000000c0010f60                g_ideChannelArray
                0x00000000c0011c20                g_ChannelCount
                0x00000000c0011c24                g_partitionList
 COMMON         0x00000000c0011c34        0x4 build/fs.o
                0x00000000c0011c34                g_curPartion
 *fill*         0x00000000c0011c38        0x8 
 COMMON         0x00000000c0011c40      0x208 build/dir.o
                0x00000000c0011c40                g_rootDir
 *fill*         0x00000000c0011e48       0x18 
 COMMON         0x00000000c0011e60      0x180 build/file.o
                0x00000000c0011e60                g_fielTable
                0x00000000c0011fe0                . = ALIGN ((. != 0x0)?0x4:0x1)
                0x00000000c0011fe0                . = ALIGN (0x4)
                0x00000000c0011fe0                . = SEGMENT_START ("ldata-segment", .)
                0x00000000c0011fe0                . = ALIGN (0x4)
                0x00000000c0011fe0                _end = .
                [!provide]                        PROVIDE (end = .)
                0x00000000c0011fe0                . = DATA_SEGMENT_END (.)

.stab
 *(.stab)

.stabstr
 *(.stabstr)

.stab.excl
 *(.stab.excl)

.stab.exclstr
 *(.stab.exclstr)

.stab.index
 *(.stab.index)

.stab.indexstr
 *(.stab.indexstr)

.comment        0x0000000000000000       0x29
 *(.comment)
 .comment       0x0000000000000000       0x29 build/main.o
                                         0x2a (size before relaxing)
 .comment       0x0000000000000029       0x2a build/interrupt.o
 .comment       0x0000000000000029       0x2a build/timer.o
 .comment       0x0000000000000029       0x2a build/debug.o
 .comment       0x0000000000000029       0x2a build/string.o
 .comment       0x0000000000000029       0x2a build/bitmap.o
 .comment       0x0000000000000029       0x2a build/memory.o
 .comment       0x0000000000000029       0x2a build/list.o
 .comment       0x0000000000000029       0x2a build/thread.o
 .comment       0x0000000000000029       0x2a build/semaphore.o
 .comment       0x0000000000000029       0x2a build/lock.o
 .comment       0x0000000000000029       0x2a build/condition_variable.o
 .comment       0x0000000000000029       0x2a build/console.o
 .comment       0x0000000000000029       0x2a build/keyboard.o
 .comment       0x0000000000000029       0x2a build/ioqueue.o
 .comment       0x0000000000000029       0x2a build/tss.o
 .comment       0x0000000000000029       0x2a build/process.o
 .comment       0x0000000000000029       0x2a build/syscall.o
 .comment       0x0000000000000029       0x2a build/stdio.o
 .comment       0x0000000000000029       0x2a build/stdio_kernel.o
 .comment       0x0000000000000029       0x2a build/ide.o
 .comment       0x0000000000000029       0x2a build/fs.o
 .comment       0x0000000000000029       0x2a build/inode.o
 .comment       0x0000000000000029       0x2a build/dir.o
 .comment       0x0000000000000029       0x2a build/file.o
 .comment       0x0000000000000029       0x2a build/shell.o
 .comment       0x0000000000000029       0x2a build/buildin_cmd.o
 .comment       0x0000000000000029       0x2a build/fork.o

.debug
 *(.debug)

.line
 *(.line)

.debug_srcinfo
 *(.debug_srcinfo)

.debug_sfnames
 *(.debug_sfnames)

.debug_aranges
 *(.debug_aranges)

.debug_pubnames
 *(.debug_pubnames)

.debug_info
 *(.debug_info .gnu.linkonce.wi.*)

.debug_abbrev
 *(.debug_abbrev)

.debug_line
 *(.debug_line .debug_line.* .debug_line_end)

.debug_frame
 *(.debug_frame)

.debug_str
 *(.debug_str)

.debug_loc
 *(.debug_loc)

.debug_macinfo
 *(.debug_macinfo)

.debug_weaknames
 *(.debug_weaknames)

.debug_funcnames
 *(.debug_funcnames)

.debug_typenames
 *(.debug_typenames)

.debug_varnames
 *(.debug_varnames)

.debug_pubtypes
 *(.debug_pubtypes)

.debug_ranges
 *(.debug_ranges)

.debug_macro
 *(.debug_macro)

.debug_addr
 *(.debug_addr)

.gnu.attributes
 *(.gnu.attributes)

/DISCARD/
 *(.note.GNU-stack)
 *(.gnu_debuglink)
 *(.gnu.lto_*)
OUTPUT(build/kernel.bin elf32-i386)
