
Allocating common symbols
Common symbol       size              file

g_IDT_handle        0x84              build/interrupt.o
kernel_memory_pool  0x10              build/memory.o
kernel_virtual_addr
                    0xc               build/memory.o
g_IDT               0x108             build/interrupt.o
g_curThreadTag      0x4               build/thread.o
user_memory_pool    0x10              build/memory.o

Discarded input sections

 .note.GNU-stack
                0x0000000000000000        0x0 build/main.o
 .note.GNU-stack
                0x0000000000000000        0x0 build/interrupt.o
 .note.GNU-stack
                0x0000000000000000        0x0 build/timer.o
 .note.GNU-stack
                0x0000000000000000        0x0 build/debug.o
 .note.GNU-stack
                0x0000000000000000        0x0 build/string.o
 .note.GNU-stack
                0x0000000000000000        0x0 build/bitmap.o
 .note.GNU-stack
                0x0000000000000000        0x0 build/memory.o
 .note.GNU-stack
                0x0000000000000000        0x0 build/list.o
 .note.GNU-stack
                0x0000000000000000        0x0 build/thread.o
 .note.GNU-stack
                0x0000000000000000        0x0 build/semaphore.o
 .note.GNU-stack
                0x0000000000000000        0x0 build/lock.o
 .note.GNU-stack
                0x0000000000000000        0x0 build/console.o

Memory Configuration

Name             Origin             Length             Attributes
*default*        0x0000000000000000 0xffffffffffffffff

Linker script and memory map

Address of section .text set to 0xc0001500
LOAD build/main.o
LOAD build/interrupt.o
LOAD build/timer.o
LOAD build/debug.o
LOAD build/print.o
LOAD build/kernel.o
LOAD build/string.o
LOAD build/bitmap.o
LOAD build/memory.o
LOAD build/list.o
LOAD build/switch.o
LOAD build/thread.o
LOAD build/semaphore.o
LOAD build/lock.o
LOAD build/console.o
                [!provide]                        PROVIDE (__executable_start = SEGMENT_START ("text-segment", 0x8048000))
                0x0000000008048094                . = (SEGMENT_START ("text-segment", 0x8048000) + SIZEOF_HEADERS)

.interp
 *(.interp)

.note.gnu.build-id
 *(.note.gnu.build-id)

.hash
 *(.hash)

.gnu.hash
 *(.gnu.hash)

.dynsym
 *(.dynsym)

.dynstr
 *(.dynstr)

.gnu.version
 *(.gnu.version)

.gnu.version_d
 *(.gnu.version_d)

.gnu.version_r
 *(.gnu.version_r)

.rel.dyn        0x0000000008048094        0x0
 *(.rel.init)
 *(.rel.text .rel.text.* .rel.gnu.linkonce.t.*)
 .rel.text      0x0000000008048094        0x0 build/main.o
 *(.rel.fini)
 *(.rel.rodata .rel.rodata.* .rel.gnu.linkonce.r.*)
 *(.rel.data.rel.ro .rel.data.rel.ro.* .rel.gnu.linkonce.d.rel.ro.*)
 *(.rel.data .rel.data.* .rel.gnu.linkonce.d.*)
 *(.rel.tdata .rel.tdata.* .rel.gnu.linkonce.td.*)
 *(.rel.tbss .rel.tbss.* .rel.gnu.linkonce.tb.*)
 *(.rel.ctors)
 *(.rel.dtors)
 *(.rel.got)
 .rel.got       0x0000000008048094        0x0 build/main.o
 *(.rel.bss .rel.bss.* .rel.gnu.linkonce.b.*)
 *(.rel.ifunc)

.rel.plt        0x0000000008048094        0x0
 *(.rel.plt)
                [!provide]                        PROVIDE (__rel_iplt_start = .)
 *(.rel.iplt)
 .rel.iplt      0x0000000008048094        0x0 build/main.o
                [!provide]                        PROVIDE (__rel_iplt_end = .)

.init
 *(SORT_NONE(.init))

.plt            0x0000000008048098        0x0
 *(.plt)
 *(.iplt)
 .iplt          0x0000000008048098        0x0 build/main.o

.plt.got
 *(.plt.got)

.plt.sec
 *(.plt.sec)

.text           0x00000000c0001500     0x1d20
 *(.text.unlikely .text.*_unlikely .text.unlikely.*)
 *(.text.exit .text.exit.*)
 *(.text.startup .text.startup.*)
 *(.text.hot .text.hot.*)
 *(.text .stub .text.* .gnu.linkonce.t.*)
 .text          0x00000000c0001500       0xad build/main.o
                0x00000000c0001500                main
                0x00000000c000157d                thread_A
                0x00000000c0001595                thread_B
 .text          0x00000000c00015ad      0x354 build/interrupt.o
                0x00000000c00015cc                make_idt_desc
                0x00000000c000160f                idt_desc_init
                0x00000000c0001673                interrupt_handle
                0x00000000c00016e0                exception_init
                0x00000000c000172a                register_interrupt_handle
                0x00000000c000177c                pic_init
                0x00000000c0001850                interrupt_enable
                0x00000000c0001857                interrupt_disable
                0x00000000c000185e                set_interrupt_status
                0x00000000c0001876                get_interrupt_status
                0x00000000c0001893                idt_init
 .text          0x00000000c0001901      0x1af build/timer.o
                0x00000000c00019b1                timer_set
                0x00000000c0001a5b                timer_init
 .text          0x00000000c0001ab0       0xca build/debug.o
                0x00000000c0001ab0                panic_spain
 *fill*         0x00000000c0001b7a        0x6 
 .text          0x00000000c0001b80      0x14e build/print.o
                0x00000000c0001b80                put_int
                0x00000000c0001be3                put_str
                0x00000000c0001c01                put_char
 *fill*         0x00000000c0001cce        0x2 
 .text          0x00000000c0001cd0      0x393 build/kernel.o
                0x00000000c0001cd0                interrupt_exit
 .text          0x00000000c0002063       0xc6 build/string.o
                0x00000000c0002063                memset
                0x00000000c00020d4                strcpy
 .text          0x00000000c0002129      0x28d build/bitmap.o
                0x00000000c0002129                bitmap_init
                0x00000000c000214c                bitmap_check
                0x00000000c00021d9                bitmap_apply
                0x00000000c00022e3                bitmap_set
 .text          0x00000000c00023b6      0x5bf build/memory.o
                0x00000000c000248f                get_pte_ptr
                0x00000000c00024bf                get_pde_ptr
                0x00000000c00025b9                malloc_page
                0x00000000c0002674                get_kernel_pages
                0x00000000c00026af                memory_pool_init
                0x00000000c0002957                memory_init
 .text          0x00000000c0002975      0x170 build/list.o
                0x00000000c0002975                list_init
                0x00000000c00029a3                list_insert_before
                0x00000000c00029cf                list_push
                0x00000000c00029e7                list_append
                0x00000000c00029ff                list_remove
                0x00000000c0002a33                elem_find
                0x00000000c0002a6e                list_empty
                0x00000000c0002a87                list_len
                0x00000000c0002abc                list_pop
                0x00000000c0002adb                list_traversal
 *fill*         0x00000000c0002ae5        0xb 
 .text          0x00000000c0002af0       0x15 build/switch.o
                0x00000000c0002af0                switch_to
 .text          0x00000000c0002b05      0x483 build/thread.o
                0x00000000c0002b05                get_curthread_pcb
                0x00000000c0002b1a                thread_schedule
                0x00000000c0002bf7                thread_block
                0x00000000c0002c5c                thread_unblock
                0x00000000c0002e1e                thread_create
                0x00000000c0002f3a                thread_init
 .text          0x00000000c0002f88      0x16c build/semaphore.o
                0x00000000c0002f88                semaphore_init
                0x00000000c0002fab                semaphore_P
                0x00000000c0003064                semaphore_V
 .text          0x00000000c00030f4       0x66 build/lock.o
                0x00000000c00030f4                lock_init
                0x00000000c0003124                lock_acquire
                0x00000000c000313f                lock_release
 .text          0x00000000c000315a       0xc6 build/console.o
                0x00000000c000315a                console_init
                0x00000000c0003173                console_put_str
                0x00000000c00031aa                console_put_char
                0x00000000c00031e9                console_put_int
 *(.gnu.warning)

.fini
 *(SORT_NONE(.fini))
                [!provide]                        PROVIDE (__etext = .)
                [!provide]                        PROVIDE (_etext = .)
                [!provide]                        PROVIDE (etext = .)

.rodata         0x00000000c0003220      0x628
 *(.rodata .rodata.* .gnu.linkonce.r.*)
 .rodata        0x00000000c0003220       0x3d build/main.o
 *fill*         0x00000000c000325d        0x3 
 .rodata        0x00000000c0003260       0xf4 build/interrupt.o
 .rodata        0x00000000c0003354       0x5a build/timer.o
 .rodata        0x00000000c00033ae       0x32 build/debug.o
 .rodata        0x00000000c00033e0       0x4f build/string.o
 *fill*         0x00000000c000342f        0x1 
 .rodata        0x00000000c0003430       0x83 build/bitmap.o
 *fill*         0x00000000c00034b3        0x1 
 .rodata        0x00000000c00034b4      0x124 build/memory.o
 .rodata        0x00000000c00035d8      0x1e6 build/thread.o
 *fill*         0x00000000c00037be        0x2 
 .rodata        0x00000000c00037c0       0x88 build/semaphore.o

.rodata1
 *(.rodata1)

.eh_frame_hdr
 *(.eh_frame_hdr)
 *(.eh_frame_entry .eh_frame_entry.*)

.eh_frame       0x00000000c0003848      0x848
 *(.eh_frame)
 .eh_frame      0x00000000c0003848       0x74 build/main.o
 .eh_frame      0x00000000c00038bc      0x184 build/interrupt.o
                                        0x19c (size before relaxing)
 .eh_frame      0x00000000c0003a40       0x8c build/timer.o
                                         0xa4 (size before relaxing)
 .eh_frame      0x00000000c0003acc       0x1c build/debug.o
                                         0x34 (size before relaxing)
 .eh_frame      0x00000000c0003ae8       0x40 build/string.o
                                         0x58 (size before relaxing)
 .eh_frame      0x00000000c0003b28       0x88 build/bitmap.o
                                         0xa0 (size before relaxing)
 .eh_frame      0x00000000c0003bb0      0x120 build/memory.o
                                        0x138 (size before relaxing)
 .eh_frame      0x00000000c0003cd0      0x140 build/list.o
                                        0x158 (size before relaxing)
 .eh_frame      0x00000000c0003e10      0x140 build/thread.o
                                        0x158 (size before relaxing)
 .eh_frame      0x00000000c0003f50       0x60 build/semaphore.o
                                         0x78 (size before relaxing)
 .eh_frame      0x00000000c0003fb0       0x60 build/lock.o
                                         0x78 (size before relaxing)
 .eh_frame      0x00000000c0004010       0x80 build/console.o
                                         0x98 (size before relaxing)
 *(.eh_frame.*)

.gcc_except_table
 *(.gcc_except_table .gcc_except_table.*)

.gnu_extab
 *(.gnu_extab*)

.exception_ranges
 *(.exception_ranges .exception_ranges*)
                0x00000000c0006000                . = DATA_SEGMENT_ALIGN (CONSTANT (MAXPAGESIZE), CONSTANT (COMMONPAGESIZE))

.eh_frame
 *(.eh_frame)
 *(.eh_frame.*)

.gnu_extab
 *(.gnu_extab)

.gcc_except_table
 *(.gcc_except_table .gcc_except_table.*)

.exception_ranges
 *(.exception_ranges .exception_ranges*)

.tdata
 *(.tdata .tdata.* .gnu.linkonce.td.*)

.tbss
 *(.tbss .tbss.* .gnu.linkonce.tb.*)
 *(.tcommon)

.preinit_array  0x00000000c0006000        0x0
                [!provide]                        PROVIDE (__preinit_array_start = .)
 *(.preinit_array)
                [!provide]                        PROVIDE (__preinit_array_end = .)

.init_array     0x00000000c0006000        0x0
                [!provide]                        PROVIDE (__init_array_start = .)
 *(SORT_BY_INIT_PRIORITY(.init_array.*) SORT_BY_INIT_PRIORITY(.ctors.*))
 *(.init_array EXCLUDE_FILE(*crtend?.o *crtend.o *crtbegin?.o *crtbegin.o) .ctors)
                [!provide]                        PROVIDE (__init_array_end = .)

.fini_array     0x00000000c0006000        0x0
                [!provide]                        PROVIDE (__fini_array_start = .)
 *(SORT_BY_INIT_PRIORITY(.fini_array.*) SORT_BY_INIT_PRIORITY(.dtors.*))
 *(.fini_array EXCLUDE_FILE(*crtend?.o *crtend.o *crtbegin?.o *crtbegin.o) .dtors)
                [!provide]                        PROVIDE (__fini_array_end = .)

.ctors
 *crtbegin.o(.ctors)
 *crtbegin?.o(.ctors)
 *(EXCLUDE_FILE(*crtend?.o *crtend.o) .ctors)
 *(SORT_BY_NAME(.ctors.*))
 *(.ctors)

.dtors
 *crtbegin.o(.dtors)
 *crtbegin?.o(.dtors)
 *(EXCLUDE_FILE(*crtend?.o *crtend.o) .dtors)
 *(SORT_BY_NAME(.dtors.*))
 *(.dtors)

.jcr
 *(.jcr)

.data.rel.ro
 *(.data.rel.ro.local* .gnu.linkonce.d.rel.ro.local.*)
 *(.data.rel.ro .data.rel.ro.* .gnu.linkonce.d.rel.ro.*)

.dynamic
 *(.dynamic)

.got            0x00000000c0006000        0x0
 *(.got)
 .got           0x00000000c0006000        0x0 build/main.o
 *(.igot)
                0x00000000c0006000                . = DATA_SEGMENT_RELRO_END (., (SIZEOF (.got.plt) >= 0xc)?0xc:0x0)

.got.plt        0x00000000c0006000        0x0
 *(.got.plt)
 .got.plt       0x00000000c0006000        0x0 build/main.o
 *(.igot.plt)
 .igot.plt      0x00000000c0006000        0x0 build/main.o

.data           0x00000000c0006000       0x8c
 *(.data .data.* .gnu.linkonce.d.*)
 .data          0x00000000c0006000        0x0 build/main.o
 .data          0x00000000c0006000        0x0 build/interrupt.o
 .data          0x00000000c0006000        0x0 build/timer.o
 .data          0x00000000c0006000        0x0 build/debug.o
 .data          0x00000000c0006000        0x8 build/print.o
 .data          0x00000000c0006008       0x84 build/kernel.o
                0x00000000c0006008                interrupt_hld_table
 .data          0x00000000c000608c        0x0 build/string.o
 .data          0x00000000c000608c        0x0 build/bitmap.o
 .data          0x00000000c000608c        0x0 build/memory.o
 .data          0x00000000c000608c        0x0 build/list.o
 .data          0x00000000c000608c        0x0 build/thread.o
 .data          0x00000000c000608c        0x0 build/semaphore.o
 .data          0x00000000c000608c        0x0 build/lock.o
 .data          0x00000000c000608c        0x0 build/console.o

.data1
 *(.data1)
                0x00000000c000608c                _edata = .
                [!provide]                        PROVIDE (edata = .)
                0x00000000c000608c                . = .
                0x00000000c000608c                __bss_start = .

.bss            0x00000000c00060a0      0x218
 *(.dynbss)
 *(.bss .bss.* .gnu.linkonce.b.*)
 .bss           0x00000000c00060a0        0x0 build/main.o
 .bss           0x00000000c00060a0        0x0 build/interrupt.o
 .bss           0x00000000c00060a0        0x0 build/timer.o
 .bss           0x00000000c00060a0        0x0 build/debug.o
 .bss           0x00000000c00060a0        0x0 build/string.o
 .bss           0x00000000c00060a0        0x0 build/bitmap.o
 .bss           0x00000000c00060a0        0x0 build/memory.o
 .bss           0x00000000c00060a0        0x0 build/list.o
 .bss           0x00000000c00060a0       0x24 build/thread.o
 .bss           0x00000000c00060c4        0x0 build/semaphore.o
 .bss           0x00000000c00060c4        0x0 build/lock.o
 .bss           0x00000000c00060c4       0x1c build/console.o
 *(COMMON)
 COMMON         0x00000000c00060e0      0x1a8 build/interrupt.o
                0x00000000c00060e0                g_IDT_handle
                0x00000000c0006180                g_IDT
 COMMON         0x00000000c0006288       0x2c build/memory.o
                0x00000000c0006288                kernel_memory_pool
                0x00000000c0006298                kernel_virtual_addr
                0x00000000c00062a4                user_memory_pool
 COMMON         0x00000000c00062b4        0x4 build/thread.o
                0x00000000c00062b4                g_curThreadTag
                0x00000000c00062b8                . = ALIGN ((. != 0x0)?0x4:0x1)
                0x00000000c00062b8                . = ALIGN (0x4)
                0x00000000c00062b8                . = SEGMENT_START ("ldata-segment", .)
                0x00000000c00062b8                . = ALIGN (0x4)
                0x00000000c00062b8                _end = .
                [!provide]                        PROVIDE (end = .)
                0x00000000c00062b8                . = DATA_SEGMENT_END (.)

.stab
 *(.stab)

.stabstr
 *(.stabstr)

.stab.excl
 *(.stab.excl)

.stab.exclstr
 *(.stab.exclstr)

.stab.index
 *(.stab.index)

.stab.indexstr
 *(.stab.indexstr)

.comment        0x0000000000000000       0x29
 *(.comment)
 .comment       0x0000000000000000       0x29 build/main.o
                                         0x2a (size before relaxing)
 .comment       0x0000000000000029       0x2a build/interrupt.o
 .comment       0x0000000000000029       0x2a build/timer.o
 .comment       0x0000000000000029       0x2a build/debug.o
 .comment       0x0000000000000029       0x2a build/string.o
 .comment       0x0000000000000029       0x2a build/bitmap.o
 .comment       0x0000000000000029       0x2a build/memory.o
 .comment       0x0000000000000029       0x2a build/list.o
 .comment       0x0000000000000029       0x2a build/thread.o
 .comment       0x0000000000000029       0x2a build/semaphore.o
 .comment       0x0000000000000029       0x2a build/lock.o
 .comment       0x0000000000000029       0x2a build/console.o

.debug
 *(.debug)

.line
 *(.line)

.debug_srcinfo
 *(.debug_srcinfo)

.debug_sfnames
 *(.debug_sfnames)

.debug_aranges
 *(.debug_aranges)

.debug_pubnames
 *(.debug_pubnames)

.debug_info
 *(.debug_info .gnu.linkonce.wi.*)

.debug_abbrev
 *(.debug_abbrev)

.debug_line
 *(.debug_line .debug_line.* .debug_line_end)

.debug_frame
 *(.debug_frame)

.debug_str
 *(.debug_str)

.debug_loc
 *(.debug_loc)

.debug_macinfo
 *(.debug_macinfo)

.debug_weaknames
 *(.debug_weaknames)

.debug_funcnames
 *(.debug_funcnames)

.debug_typenames
 *(.debug_typenames)

.debug_varnames
 *(.debug_varnames)

.debug_pubtypes
 *(.debug_pubtypes)

.debug_ranges
 *(.debug_ranges)

.debug_macro
 *(.debug_macro)

.debug_addr
 *(.debug_addr)

.gnu.attributes
 *(.gnu.attributes)

/DISCARD/
 *(.note.GNU-stack)
 *(.gnu_debuglink)
 *(.gnu.lto_*)
OUTPUT(build/kernel.bin elf32-i386)
