
Allocating common symbols
Common symbol       size              file

g_IDT_handle        0xc0              build/interrupt.o
kernel_memory_pool  0x2c              build/memory.o
g_readyThreadList   0x10              build/thread.o
kernel_virtual_addr
                    0xc               build/memory.o
g_allThreadList     0x10              build/thread.o
g_IDT               0x180             build/interrupt.o
g_curThreadTag      0x4               build/thread.o
user_memory_pool    0x2c              build/memory.o
g_keyboardIOQueue   0x84              build/keyboard.o

Discarded input sections

 .note.GNU-stack
                0x0000000000000000        0x0 build/main.o
 .note.GNU-stack
                0x0000000000000000        0x0 build/interrupt.o
 .note.GNU-stack
                0x0000000000000000        0x0 build/timer.o
 .note.GNU-stack
                0x0000000000000000        0x0 build/debug.o
 .note.GNU-stack
                0x0000000000000000        0x0 build/string.o
 .note.GNU-stack
                0x0000000000000000        0x0 build/bitmap.o
 .note.GNU-stack
                0x0000000000000000        0x0 build/memory.o
 .note.GNU-stack
                0x0000000000000000        0x0 build/list.o
 .note.GNU-stack
                0x0000000000000000        0x0 build/thread.o
 .note.GNU-stack
                0x0000000000000000        0x0 build/semaphore.o
 .note.GNU-stack
                0x0000000000000000        0x0 build/lock.o
 .note.GNU-stack
                0x0000000000000000        0x0 build/condition_variable.o
 .note.GNU-stack
                0x0000000000000000        0x0 build/console.o
 .note.GNU-stack
                0x0000000000000000        0x0 build/keyboard.o
 .note.GNU-stack
                0x0000000000000000        0x0 build/ioqueue.o
 .note.GNU-stack
                0x0000000000000000        0x0 build/tss.o
 .note.GNU-stack
                0x0000000000000000        0x0 build/process.o

Memory Configuration

Name             Origin             Length             Attributes
*default*        0x0000000000000000 0xffffffffffffffff

Linker script and memory map

Address of section .text set to 0xc0001500
LOAD build/main.o
LOAD build/interrupt.o
LOAD build/timer.o
LOAD build/debug.o
LOAD build/print.o
LOAD build/kernel.o
LOAD build/string.o
LOAD build/bitmap.o
LOAD build/memory.o
LOAD build/list.o
LOAD build/switch.o
LOAD build/thread.o
LOAD build/semaphore.o
LOAD build/lock.o
LOAD build/condition_variable.o
LOAD build/console.o
LOAD build/keyboard.o
LOAD build/ioqueue.o
LOAD build/tss.o
LOAD build/process.o
                [!provide]                        PROVIDE (__executable_start = SEGMENT_START ("text-segment", 0x8048000))
                0x0000000008048094                . = (SEGMENT_START ("text-segment", 0x8048000) + SIZEOF_HEADERS)

.interp
 *(.interp)

.note.gnu.build-id
 *(.note.gnu.build-id)

.hash
 *(.hash)

.gnu.hash
 *(.gnu.hash)

.dynsym
 *(.dynsym)

.dynstr
 *(.dynstr)

.gnu.version
 *(.gnu.version)

.gnu.version_d
 *(.gnu.version_d)

.gnu.version_r
 *(.gnu.version_r)

.rel.dyn        0x0000000008048094        0x0
 *(.rel.init)
 *(.rel.text .rel.text.* .rel.gnu.linkonce.t.*)
 .rel.text      0x0000000008048094        0x0 build/main.o
 *(.rel.fini)
 *(.rel.rodata .rel.rodata.* .rel.gnu.linkonce.r.*)
 *(.rel.data.rel.ro .rel.data.rel.ro.* .rel.gnu.linkonce.d.rel.ro.*)
 *(.rel.data .rel.data.* .rel.gnu.linkonce.d.*)
 *(.rel.tdata .rel.tdata.* .rel.gnu.linkonce.td.*)
 *(.rel.tbss .rel.tbss.* .rel.gnu.linkonce.tb.*)
 *(.rel.ctors)
 *(.rel.dtors)
 *(.rel.got)
 .rel.got       0x0000000008048094        0x0 build/main.o
 *(.rel.bss .rel.bss.* .rel.gnu.linkonce.b.*)
 *(.rel.ifunc)

.rel.plt        0x0000000008048094        0x0
 *(.rel.plt)
                [!provide]                        PROVIDE (__rel_iplt_start = .)
 *(.rel.iplt)
 .rel.iplt      0x0000000008048094        0x0 build/main.o
                [!provide]                        PROVIDE (__rel_iplt_end = .)

.init
 *(SORT_NONE(.init))

.plt            0x0000000008048098        0x0
 *(.plt)
 *(.iplt)
 .iplt          0x0000000008048098        0x0 build/main.o

.plt.got
 *(.plt.got)

.plt.sec
 *(.plt.sec)

.text           0x00000000c0001500     0x2d03
 *(.text.unlikely .text.*_unlikely .text.unlikely.*)
 *(.text.exit .text.exit.*)
 *(.text.startup .text.startup.*)
 *(.text.hot .text.hot.*)
 *(.text .stub .text.* .gnu.linkonce.t.*)
 .text          0x00000000c0001500       0x90 build/main.o
                0x00000000c0001500                main
                0x00000000c0001560                thread_A
                0x00000000c0001578                process_A
 .text          0x00000000c0001590      0x354 build/interrupt.o
                0x00000000c00015af                make_idt_desc
                0x00000000c00015f2                idt_desc_init
                0x00000000c0001656                interrupt_handle
                0x00000000c00016c3                exception_init
                0x00000000c000170d                register_interrupt_handle
                0x00000000c000175f                pic_init
                0x00000000c0001833                interrupt_enable
                0x00000000c000183a                interrupt_disable
                0x00000000c0001841                set_interrupt_status
                0x00000000c0001859                get_interrupt_status
                0x00000000c0001876                idt_init
 .text          0x00000000c00018e4      0x1af build/timer.o
                0x00000000c0001994                timer_set
                0x00000000c0001a3e                timer_init
 .text          0x00000000c0001a93       0xca build/debug.o
                0x00000000c0001a93                panic_spain
 *fill*         0x00000000c0001b5d        0x3 
 .text          0x00000000c0001b60      0x14e build/print.o
                0x00000000c0001b60                put_int
                0x00000000c0001bc3                put_str
                0x00000000c0001be1                put_char
 *fill*         0x00000000c0001cae        0x2 
 .text          0x00000000c0001cb0      0x537 build/kernel.o
                0x00000000c0001cb0                interrupt_exit
 .text          0x00000000c00021e7      0x126 build/string.o
                0x00000000c00021e7                memset
                0x00000000c0002258                memcpy
                0x00000000c00022b8                strcpy
 .text          0x00000000c000230d      0x28d build/bitmap.o
                0x00000000c000230d                bitmap_init
                0x00000000c0002330                bitmap_check
                0x00000000c00023bd                bitmap_apply
                0x00000000c00024c7                bitmap_set
 .text          0x00000000c000259a      0x83e build/memory.o
                0x00000000c00026df                get_pte_ptr
                0x00000000c000270f                get_pde_ptr
                0x00000000c0002809                malloc_page
                0x00000000c00028c4                get_kernel_pages
                0x00000000c000291f                get_user_pages
                0x00000000c000297a                bind_vaddr_with_mempool
                0x00000000c0002ac6                vaddr_to_phyaddr
                0x00000000c0002af2                memory_pool_init
                0x00000000c0002dba                memory_init
 .text          0x00000000c0002dd8      0x170 build/list.o
                0x00000000c0002dd8                list_init
                0x00000000c0002e06                list_insert_before
                0x00000000c0002e32                list_push
                0x00000000c0002e4a                list_append
                0x00000000c0002e62                list_remove
                0x00000000c0002e96                elem_find
                0x00000000c0002ed1                list_empty
                0x00000000c0002eea                list_len
                0x00000000c0002f1f                list_pop
                0x00000000c0002f3e                list_traversal
 *fill*         0x00000000c0002f48        0x8 
 .text          0x00000000c0002f50       0x15 build/switch.o
                0x00000000c0002f50                switch_to
 .text          0x00000000c0002f65      0x496 build/thread.o
                0x00000000c0002f65                get_curthread_pcb
                0x00000000c0002f7a                thread_schedule
                0x00000000c0003065                thread_block
                0x00000000c00030ca                thread_unblock
                0x00000000c0003171                init_thread_pcb
                0x00000000c0003220                init_thread_stack
                0x00000000c0003291                thread_create
                0x00000000c00033ad                thread_init
 .text          0x00000000c00033fb      0x127 build/semaphore.o
                0x00000000c00033fb                semaphore_init
                0x00000000c000341e                semaphore_P
                0x00000000c00034b5                semaphore_V
 .text          0x00000000c0003522       0x66 build/lock.o
                0x00000000c0003522                lock_init
                0x00000000c0003552                lock_acquire
                0x00000000c000356d                lock_release
 .text          0x00000000c0003588       0xfd build/condition_variable.o
                0x00000000c0003588                condition_init
                0x00000000c00035a0                condition_wait
                0x00000000c000361a                condition_notify
                0x00000000c0003659                condition_notifyall
 .text          0x00000000c0003685       0xc6 build/console.o
                0x00000000c0003685                console_init
                0x00000000c000369e                console_put_str
                0x00000000c00036d5                console_put_char
                0x00000000c0003714                console_put_int
 .text          0x00000000c000374b      0x279 build/keyboard.o
                0x00000000c0003768                keyboard_interrupt_handle
                0x00000000c0003979                keyboard_init
 .text          0x00000000c00039c4      0x16d build/ioqueue.o
                0x00000000c00039c4                ioqueue_putchar
                0x00000000c0003a58                ioqueue_getchar
                0x00000000c0003ae1                ioqueue_init
 .text          0x00000000c0003b31      0x277 build/tss.o
                0x00000000c0003b31                tss_update_esp0
                0x00000000c0003b44                tss_init
 .text          0x00000000c0003da8      0x45b build/process.o
                0x00000000c0003da8                process_start
                0x00000000c0003ea1                process_pgdir_active
                0x00000000c0003f21                process_active
                0x00000000c0003f8f                process_create_pgdir
                0x00000000c0004090                process_bitmap_create
                0x00000000c00040f2                process_execute
 *(.gnu.warning)

.fini
 *(SORT_NONE(.fini))
                [!provide]                        PROVIDE (__etext = .)
                [!provide]                        PROVIDE (_etext = .)
                [!provide]                        PROVIDE (etext = .)

.rodata         0x00000000c0004204      0x848
 *(.rodata .rodata.* .gnu.linkonce.r.*)
 .rodata        0x00000000c0004204       0x31 build/main.o
 *fill*         0x00000000c0004235        0x3 
 .rodata        0x00000000c0004238       0xf4 build/interrupt.o
 .rodata        0x00000000c000432c       0x5a build/timer.o
 .rodata        0x00000000c0004386       0x32 build/debug.o
 .rodata        0x00000000c00043b8       0x57 build/string.o
 *fill*         0x00000000c000440f        0x1 
 .rodata        0x00000000c0004410       0x83 build/bitmap.o
 *fill*         0x00000000c0004493        0x1 
 .rodata        0x00000000c0004494      0x164 build/memory.o
 .rodata        0x00000000c00045f8      0x1e6 build/thread.o
 *fill*         0x00000000c00047de        0x2 
 .rodata        0x00000000c00047e0       0x2a build/semaphore.o
 *fill*         0x00000000c000480a        0x2 
 .rodata        0x00000000c000480c       0x2d build/condition_variable.o
 .rodata        0x00000000c0004839       0x39 build/keyboard.o
 .rodata        0x00000000c0004872       0x21 build/tss.o
 *fill*         0x00000000c0004893        0x1 
 .rodata        0x00000000c0004894      0x1b8 build/process.o

.rodata1
 *(.rodata1)

.eh_frame_hdr
 *(.eh_frame_hdr)
 *(.eh_frame_entry .eh_frame_entry.*)

.eh_frame       0x00000000c0004a4c      0xb08
 *(.eh_frame)
 .eh_frame      0x00000000c0004a4c       0x74 build/main.o
 .eh_frame      0x00000000c0004ac0      0x184 build/interrupt.o
                                        0x19c (size before relaxing)
 .eh_frame      0x00000000c0004c44       0x8c build/timer.o
                                         0xa4 (size before relaxing)
 .eh_frame      0x00000000c0004cd0       0x1c build/debug.o
                                         0x34 (size before relaxing)
 .eh_frame      0x00000000c0004cec       0x60 build/string.o
                                         0x78 (size before relaxing)
 .eh_frame      0x00000000c0004d4c       0x88 build/bitmap.o
                                         0xa0 (size before relaxing)
 .eh_frame      0x00000000c0004dd4      0x180 build/memory.o
                                        0x198 (size before relaxing)
 .eh_frame      0x00000000c0004f54      0x140 build/list.o
                                        0x158 (size before relaxing)
 .eh_frame      0x00000000c0005094      0x140 build/thread.o
                                        0x158 (size before relaxing)
 .eh_frame      0x00000000c00051d4       0x60 build/semaphore.o
                                         0x78 (size before relaxing)
 .eh_frame      0x00000000c0005234       0x60 build/lock.o
                                         0x78 (size before relaxing)
 .eh_frame      0x00000000c0005294       0x80 build/condition_variable.o
                                         0x98 (size before relaxing)
 .eh_frame      0x00000000c0005314       0x80 build/console.o
                                         0x98 (size before relaxing)
 .eh_frame      0x00000000c0005394       0x60 build/keyboard.o
                                         0x78 (size before relaxing)
 .eh_frame      0x00000000c00053f4       0x60 build/ioqueue.o
                                         0x78 (size before relaxing)
 .eh_frame      0x00000000c0005454       0x40 build/tss.o
                                         0x58 (size before relaxing)
 .eh_frame      0x00000000c0005494       0xc0 build/process.o
                                         0xd8 (size before relaxing)
 *(.eh_frame.*)

.gcc_except_table
 *(.gcc_except_table .gcc_except_table.*)

.gnu_extab
 *(.gnu_extab*)

.exception_ranges
 *(.exception_ranges .exception_ranges*)
                0x00000000c0007000                . = DATA_SEGMENT_ALIGN (CONSTANT (MAXPAGESIZE), CONSTANT (COMMONPAGESIZE))

.eh_frame
 *(.eh_frame)
 *(.eh_frame.*)

.gnu_extab
 *(.gnu_extab)

.gcc_except_table
 *(.gcc_except_table .gcc_except_table.*)

.exception_ranges
 *(.exception_ranges .exception_ranges*)

.tdata
 *(.tdata .tdata.* .gnu.linkonce.td.*)

.tbss
 *(.tbss .tbss.* .gnu.linkonce.tb.*)
 *(.tcommon)

.preinit_array  0x00000000c0007000        0x0
                [!provide]                        PROVIDE (__preinit_array_start = .)
 *(.preinit_array)
                [!provide]                        PROVIDE (__preinit_array_end = .)

.init_array     0x00000000c0007000        0x0
                [!provide]                        PROVIDE (__init_array_start = .)
 *(SORT_BY_INIT_PRIORITY(.init_array.*) SORT_BY_INIT_PRIORITY(.ctors.*))
 *(.init_array EXCLUDE_FILE(*crtend?.o *crtend.o *crtbegin?.o *crtbegin.o) .ctors)
                [!provide]                        PROVIDE (__init_array_end = .)

.fini_array     0x00000000c0007000        0x0
                [!provide]                        PROVIDE (__fini_array_start = .)
 *(SORT_BY_INIT_PRIORITY(.fini_array.*) SORT_BY_INIT_PRIORITY(.dtors.*))
 *(.fini_array EXCLUDE_FILE(*crtend?.o *crtend.o *crtbegin?.o *crtbegin.o) .dtors)
                [!provide]                        PROVIDE (__fini_array_end = .)

.ctors
 *crtbegin.o(.ctors)
 *crtbegin?.o(.ctors)
 *(EXCLUDE_FILE(*crtend?.o *crtend.o) .ctors)
 *(SORT_BY_NAME(.ctors.*))
 *(.ctors)

.dtors
 *crtbegin.o(.dtors)
 *crtbegin?.o(.dtors)
 *(EXCLUDE_FILE(*crtend?.o *crtend.o) .dtors)
 *(SORT_BY_NAME(.dtors.*))
 *(.dtors)

.jcr
 *(.jcr)

.data.rel.ro
 *(.data.rel.ro.local* .gnu.linkonce.d.rel.ro.local.*)
 *(.data.rel.ro .data.rel.ro.* .gnu.linkonce.d.rel.ro.*)

.dynamic
 *(.dynamic)

.got            0x00000000c0007000        0x0
 *(.got)
 .got           0x00000000c0007000        0x0 build/main.o
 *(.igot)
                0x00000000c0007000                . = DATA_SEGMENT_RELRO_END (., (SIZEOF (.got.plt) >= 0xc)?0xc:0x0)

.got.plt        0x00000000c0007000        0x0
 *(.got.plt)
 .got.plt       0x00000000c0007000        0x0 build/main.o
 *(.igot.plt)
 .igot.plt      0x00000000c0007000        0x0 build/main.o

.data           0x00000000c0007000      0x156
 *(.data .data.* .gnu.linkonce.d.*)
 .data          0x00000000c0007000        0x0 build/main.o
 .data          0x00000000c0007000        0x0 build/interrupt.o
 .data          0x00000000c0007000        0x0 build/timer.o
 .data          0x00000000c0007000        0x0 build/debug.o
 .data          0x00000000c0007000        0x8 build/print.o
 .data          0x00000000c0007008       0xc0 build/kernel.o
                0x00000000c0007008                interrupt_hld_table
 .data          0x00000000c00070c8        0x0 build/string.o
 .data          0x00000000c00070c8        0x0 build/bitmap.o
 .data          0x00000000c00070c8        0x0 build/memory.o
 .data          0x00000000c00070c8        0x0 build/list.o
 .data          0x00000000c00070c8        0x0 build/thread.o
 .data          0x00000000c00070c8        0x0 build/semaphore.o
 .data          0x00000000c00070c8        0x0 build/lock.o
 .data          0x00000000c00070c8        0x0 build/condition_variable.o
 .data          0x00000000c00070c8        0x0 build/console.o
 *fill*         0x00000000c00070c8       0x18 
 .data          0x00000000c00070e0       0x76 build/keyboard.o
 .data          0x00000000c0007156        0x0 build/ioqueue.o
 .data          0x00000000c0007156        0x0 build/tss.o
 .data          0x00000000c0007156        0x0 build/process.o

.data1
 *(.data1)
                0x00000000c0007156                _edata = .
                [!provide]                        PROVIDE (edata = .)
                0x00000000c0007156                . = .
                0x00000000c0007156                __bss_start = .

.bss            0x00000000c0007160      0x424
 *(.dynbss)
 *(.bss .bss.* .gnu.linkonce.b.*)
 .bss           0x00000000c0007160        0x0 build/main.o
 .bss           0x00000000c0007160        0x0 build/interrupt.o
 .bss           0x00000000c0007160        0x0 build/timer.o
 .bss           0x00000000c0007160        0x0 build/debug.o
 .bss           0x00000000c0007160        0x0 build/string.o
 .bss           0x00000000c0007160        0x0 build/bitmap.o
 .bss           0x00000000c0007160        0x0 build/memory.o
 .bss           0x00000000c0007160        0x0 build/list.o
 .bss           0x00000000c0007160        0x4 build/thread.o
 .bss           0x00000000c0007164        0x0 build/semaphore.o
 .bss           0x00000000c0007164        0x0 build/lock.o
 .bss           0x00000000c0007164        0x0 build/condition_variable.o
 .bss           0x00000000c0007164       0x1c build/console.o
 .bss           0x00000000c0007180       0x14 build/keyboard.o
 .bss           0x00000000c0007194        0x0 build/ioqueue.o
 *fill*         0x00000000c0007194        0xc 
 .bss           0x00000000c00071a0       0x6c build/tss.o
 .bss           0x00000000c000720c        0x0 build/process.o
 *(COMMON)
 *fill*         0x00000000c000720c       0x14 
 COMMON         0x00000000c0007220      0x240 build/interrupt.o
                0x00000000c0007220                g_IDT_handle
                0x00000000c00072e0                g_IDT
 COMMON         0x00000000c0007460       0x6c build/memory.o
                0x00000000c0007460                kernel_memory_pool
                0x00000000c000748c                kernel_virtual_addr
                0x00000000c00074a0                user_memory_pool
 COMMON         0x00000000c00074cc       0x24 build/thread.o
                0x00000000c00074cc                g_readyThreadList
                0x00000000c00074dc                g_allThreadList
                0x00000000c00074ec                g_curThreadTag
 *fill*         0x00000000c00074f0       0x10 
 COMMON         0x00000000c0007500       0x84 build/keyboard.o
                0x00000000c0007500                g_keyboardIOQueue
                0x00000000c0007584                . = ALIGN ((. != 0x0)?0x4:0x1)
                0x00000000c0007584                . = ALIGN (0x4)
                0x00000000c0007584                . = SEGMENT_START ("ldata-segment", .)
                0x00000000c0007584                . = ALIGN (0x4)
                0x00000000c0007584                _end = .
                [!provide]                        PROVIDE (end = .)
                0x00000000c0007584                . = DATA_SEGMENT_END (.)

.stab
 *(.stab)

.stabstr
 *(.stabstr)

.stab.excl
 *(.stab.excl)

.stab.exclstr
 *(.stab.exclstr)

.stab.index
 *(.stab.index)

.stab.indexstr
 *(.stab.indexstr)

.comment        0x0000000000000000       0x29
 *(.comment)
 .comment       0x0000000000000000       0x29 build/main.o
                                         0x2a (size before relaxing)
 .comment       0x0000000000000029       0x2a build/interrupt.o
 .comment       0x0000000000000029       0x2a build/timer.o
 .comment       0x0000000000000029       0x2a build/debug.o
 .comment       0x0000000000000029       0x2a build/string.o
 .comment       0x0000000000000029       0x2a build/bitmap.o
 .comment       0x0000000000000029       0x2a build/memory.o
 .comment       0x0000000000000029       0x2a build/list.o
 .comment       0x0000000000000029       0x2a build/thread.o
 .comment       0x0000000000000029       0x2a build/semaphore.o
 .comment       0x0000000000000029       0x2a build/lock.o
 .comment       0x0000000000000029       0x2a build/condition_variable.o
 .comment       0x0000000000000029       0x2a build/console.o
 .comment       0x0000000000000029       0x2a build/keyboard.o
 .comment       0x0000000000000029       0x2a build/ioqueue.o
 .comment       0x0000000000000029       0x2a build/tss.o
 .comment       0x0000000000000029       0x2a build/process.o

.debug
 *(.debug)

.line
 *(.line)

.debug_srcinfo
 *(.debug_srcinfo)

.debug_sfnames
 *(.debug_sfnames)

.debug_aranges
 *(.debug_aranges)

.debug_pubnames
 *(.debug_pubnames)

.debug_info
 *(.debug_info .gnu.linkonce.wi.*)

.debug_abbrev
 *(.debug_abbrev)

.debug_line
 *(.debug_line .debug_line.* .debug_line_end)

.debug_frame
 *(.debug_frame)

.debug_str
 *(.debug_str)

.debug_loc
 *(.debug_loc)

.debug_macinfo
 *(.debug_macinfo)

.debug_weaknames
 *(.debug_weaknames)

.debug_funcnames
 *(.debug_funcnames)

.debug_typenames
 *(.debug_typenames)

.debug_varnames
 *(.debug_varnames)

.debug_pubtypes
 *(.debug_pubtypes)

.debug_ranges
 *(.debug_ranges)

.debug_macro
 *(.debug_macro)

.debug_addr
 *(.debug_addr)

.gnu.attributes
 *(.gnu.attributes)

/DISCARD/
 *(.note.GNU-stack)
 *(.gnu_debuglink)
 *(.gnu.lto_*)
OUTPUT(build/kernel.bin elf32-i386)
