
Allocating common symbols
Common symbol       size              file

g_IDT_handle        0xc0              build/interrupt.o
kernel_memory_pool  0x10              build/memory.o
kernel_virtual_addr
                    0xc               build/memory.o
g_IDT               0x180             build/interrupt.o
g_curThreadTag      0x4               build/thread.o
user_memory_pool    0x10              build/memory.o
g_keyboardIOQueue   0x64              build/keyboard.o

Discarded input sections

 .note.GNU-stack
                0x0000000000000000        0x0 build/main.o
 .note.GNU-stack
                0x0000000000000000        0x0 build/interrupt.o
 .note.GNU-stack
                0x0000000000000000        0x0 build/timer.o
 .note.GNU-stack
                0x0000000000000000        0x0 build/debug.o
 .note.GNU-stack
                0x0000000000000000        0x0 build/string.o
 .note.GNU-stack
                0x0000000000000000        0x0 build/bitmap.o
 .note.GNU-stack
                0x0000000000000000        0x0 build/memory.o
 .note.GNU-stack
                0x0000000000000000        0x0 build/list.o
 .note.GNU-stack
                0x0000000000000000        0x0 build/thread.o
 .note.GNU-stack
                0x0000000000000000        0x0 build/semaphore.o
 .note.GNU-stack
                0x0000000000000000        0x0 build/lock.o
 .note.GNU-stack
                0x0000000000000000        0x0 build/condition_variable.o
 .note.GNU-stack
                0x0000000000000000        0x0 build/console.o
 .note.GNU-stack
                0x0000000000000000        0x0 build/keyboard.o
 .note.GNU-stack
                0x0000000000000000        0x0 build/ioqueue.o
 .note.GNU-stack
                0x0000000000000000        0x0 build/tss.o

Memory Configuration

Name             Origin             Length             Attributes
*default*        0x0000000000000000 0xffffffffffffffff

Linker script and memory map

Address of section .text set to 0xc0001500
LOAD build/main.o
LOAD build/interrupt.o
LOAD build/timer.o
LOAD build/debug.o
LOAD build/print.o
LOAD build/kernel.o
LOAD build/string.o
LOAD build/bitmap.o
LOAD build/memory.o
LOAD build/list.o
LOAD build/switch.o
LOAD build/thread.o
LOAD build/semaphore.o
LOAD build/lock.o
LOAD build/condition_variable.o
LOAD build/console.o
LOAD build/keyboard.o
LOAD build/ioqueue.o
LOAD build/tss.o
                [!provide]                        PROVIDE (__executable_start = SEGMENT_START ("text-segment", 0x8048000))
                0x0000000008048094                . = (SEGMENT_START ("text-segment", 0x8048000) + SIZEOF_HEADERS)

.interp
 *(.interp)

.note.gnu.build-id
 *(.note.gnu.build-id)

.hash
 *(.hash)

.gnu.hash
 *(.gnu.hash)

.dynsym
 *(.dynsym)

.dynstr
 *(.dynstr)

.gnu.version
 *(.gnu.version)

.gnu.version_d
 *(.gnu.version_d)

.gnu.version_r
 *(.gnu.version_r)

.rel.dyn        0x0000000008048094        0x0
 *(.rel.init)
 *(.rel.text .rel.text.* .rel.gnu.linkonce.t.*)
 .rel.text      0x0000000008048094        0x0 build/main.o
 *(.rel.fini)
 *(.rel.rodata .rel.rodata.* .rel.gnu.linkonce.r.*)
 *(.rel.data.rel.ro .rel.data.rel.ro.* .rel.gnu.linkonce.d.rel.ro.*)
 *(.rel.data .rel.data.* .rel.gnu.linkonce.d.*)
 *(.rel.tdata .rel.tdata.* .rel.gnu.linkonce.td.*)
 *(.rel.tbss .rel.tbss.* .rel.gnu.linkonce.tb.*)
 *(.rel.ctors)
 *(.rel.dtors)
 *(.rel.got)
 .rel.got       0x0000000008048094        0x0 build/main.o
 *(.rel.bss .rel.bss.* .rel.gnu.linkonce.b.*)
 *(.rel.ifunc)

.rel.plt        0x0000000008048094        0x0
 *(.rel.plt)
                [!provide]                        PROVIDE (__rel_iplt_start = .)
 *(.rel.iplt)
 .rel.iplt      0x0000000008048094        0x0 build/main.o
                [!provide]                        PROVIDE (__rel_iplt_end = .)

.init
 *(SORT_NONE(.init))

.plt            0x0000000008048098        0x0
 *(.plt)
 *(.iplt)
 .iplt          0x0000000008048098        0x0 build/main.o

.plt.got
 *(.plt.got)

.plt.sec
 *(.plt.sec)

.text           0x00000000c0001500     0x25a2
 *(.text.unlikely .text.*_unlikely .text.unlikely.*)
 *(.text.exit .text.exit.*)
 *(.text.startup .text.startup.*)
 *(.text.hot .text.hot.*)
 *(.text .stub .text.* .gnu.linkonce.t.*)
 .text          0x00000000c0001500       0x8f build/main.o
                0x00000000c0001500                main
                0x00000000c0001561                thread_A
 .text          0x00000000c000158f      0x354 build/interrupt.o
                0x00000000c00015ae                make_idt_desc
                0x00000000c00015f1                idt_desc_init
                0x00000000c0001655                interrupt_handle
                0x00000000c00016c2                exception_init
                0x00000000c000170c                register_interrupt_handle
                0x00000000c000175e                pic_init
                0x00000000c0001832                interrupt_enable
                0x00000000c0001839                interrupt_disable
                0x00000000c0001840                set_interrupt_status
                0x00000000c0001858                get_interrupt_status
                0x00000000c0001875                idt_init
 .text          0x00000000c00018e3      0x1af build/timer.o
                0x00000000c0001993                timer_set
                0x00000000c0001a3d                timer_init
 .text          0x00000000c0001a92       0xca build/debug.o
                0x00000000c0001a92                panic_spain
 *fill*         0x00000000c0001b5c        0x4 
 .text          0x00000000c0001b60      0x14e build/print.o
                0x00000000c0001b60                put_int
                0x00000000c0001bc3                put_str
                0x00000000c0001be1                put_char
 *fill*         0x00000000c0001cae        0x2 
 .text          0x00000000c0001cb0      0x537 build/kernel.o
                0x00000000c0001cb0                interrupt_exit
 .text          0x00000000c00021e7       0xc6 build/string.o
                0x00000000c00021e7                memset
                0x00000000c0002258                strcpy
 .text          0x00000000c00022ad      0x28d build/bitmap.o
                0x00000000c00022ad                bitmap_init
                0x00000000c00022d0                bitmap_check
                0x00000000c000235d                bitmap_apply
                0x00000000c0002467                bitmap_set
 .text          0x00000000c000253a      0x5bf build/memory.o
                0x00000000c0002613                get_pte_ptr
                0x00000000c0002643                get_pde_ptr
                0x00000000c000273d                malloc_page
                0x00000000c00027f8                get_kernel_pages
                0x00000000c0002833                memory_pool_init
                0x00000000c0002adb                memory_init
 .text          0x00000000c0002af9      0x170 build/list.o
                0x00000000c0002af9                list_init
                0x00000000c0002b27                list_insert_before
                0x00000000c0002b53                list_push
                0x00000000c0002b6b                list_append
                0x00000000c0002b83                list_remove
                0x00000000c0002bb7                elem_find
                0x00000000c0002bf2                list_empty
                0x00000000c0002c0b                list_len
                0x00000000c0002c40                list_pop
                0x00000000c0002c5f                list_traversal
 *fill*         0x00000000c0002c69        0x7 
 .text          0x00000000c0002c70       0x15 build/switch.o
                0x00000000c0002c70                switch_to
 .text          0x00000000c0002c85      0x483 build/thread.o
                0x00000000c0002c85                get_curthread_pcb
                0x00000000c0002c9a                thread_schedule
                0x00000000c0002d77                thread_block
                0x00000000c0002ddc                thread_unblock
                0x00000000c0002f9e                thread_create
                0x00000000c00030ba                thread_init
 .text          0x00000000c0003108      0x127 build/semaphore.o
                0x00000000c0003108                semaphore_init
                0x00000000c000312b                semaphore_P
                0x00000000c00031c2                semaphore_V
 .text          0x00000000c000322f       0x66 build/lock.o
                0x00000000c000322f                lock_init
                0x00000000c000325f                lock_acquire
                0x00000000c000327a                lock_release
 .text          0x00000000c0003295       0xfd build/condition_variable.o
                0x00000000c0003295                condition_init
                0x00000000c00032ad                condition_wait
                0x00000000c0003327                condition_notify
                0x00000000c0003366                condition_notifyall
 .text          0x00000000c0003392       0xc6 build/console.o
                0x00000000c0003392                console_init
                0x00000000c00033ab                console_put_str
                0x00000000c00033e2                console_put_char
                0x00000000c0003421                console_put_int
 .text          0x00000000c0003458      0x279 build/keyboard.o
                0x00000000c0003475                keyboard_interrupt_handle
                0x00000000c0003686                keyboard_init
 .text          0x00000000c00036d1      0x16d build/ioqueue.o
                0x00000000c00036d1                ioqueue_putchar
                0x00000000c0003765                ioqueue_getchar
                0x00000000c00037ee                ioqueue_init
 .text          0x00000000c000383e      0x264 build/tss.o
                0x00000000c000383e                tss_init
 *(.gnu.warning)

.fini
 *(SORT_NONE(.fini))
                [!provide]                        PROVIDE (__etext = .)
                [!provide]                        PROVIDE (_etext = .)
                [!provide]                        PROVIDE (etext = .)

.rodata         0x00000000c0003aa4      0x62b
 *(.rodata .rodata.* .gnu.linkonce.r.*)
 .rodata        0x00000000c0003aa4       0x18 build/main.o
 .rodata        0x00000000c0003abc       0xf4 build/interrupt.o
 .rodata        0x00000000c0003bb0       0x5a build/timer.o
 .rodata        0x00000000c0003c0a       0x32 build/debug.o
 .rodata        0x00000000c0003c3c       0x4f build/string.o
 *fill*         0x00000000c0003c8b        0x1 
 .rodata        0x00000000c0003c8c       0x83 build/bitmap.o
 *fill*         0x00000000c0003d0f        0x1 
 .rodata        0x00000000c0003d10      0x124 build/memory.o
 .rodata        0x00000000c0003e34      0x1e6 build/thread.o
 *fill*         0x00000000c000401a        0x2 
 .rodata        0x00000000c000401c       0x2a build/semaphore.o
 *fill*         0x00000000c0004046        0x2 
 .rodata        0x00000000c0004048       0x2d build/condition_variable.o
 .rodata        0x00000000c0004075       0x39 build/keyboard.o
 .rodata        0x00000000c00040ae       0x21 build/tss.o

.rodata1
 *(.rodata1)

.eh_frame_hdr
 *(.eh_frame_hdr)
 *(.eh_frame_entry .eh_frame_entry.*)

.eh_frame       0x00000000c00040d0      0x98c
 *(.eh_frame)
 .eh_frame      0x00000000c00040d0       0x58 build/main.o
 .eh_frame      0x00000000c0004128      0x184 build/interrupt.o
                                        0x19c (size before relaxing)
 .eh_frame      0x00000000c00042ac       0x8c build/timer.o
                                         0xa4 (size before relaxing)
 .eh_frame      0x00000000c0004338       0x1c build/debug.o
                                         0x34 (size before relaxing)
 .eh_frame      0x00000000c0004354       0x40 build/string.o
                                         0x58 (size before relaxing)
 .eh_frame      0x00000000c0004394       0x88 build/bitmap.o
                                         0xa0 (size before relaxing)
 .eh_frame      0x00000000c000441c      0x120 build/memory.o
                                        0x138 (size before relaxing)
 .eh_frame      0x00000000c000453c      0x140 build/list.o
                                        0x158 (size before relaxing)
 .eh_frame      0x00000000c000467c      0x140 build/thread.o
                                        0x158 (size before relaxing)
 .eh_frame      0x00000000c00047bc       0x60 build/semaphore.o
                                         0x78 (size before relaxing)
 .eh_frame      0x00000000c000481c       0x60 build/lock.o
                                         0x78 (size before relaxing)
 .eh_frame      0x00000000c000487c       0x80 build/condition_variable.o
                                         0x98 (size before relaxing)
 .eh_frame      0x00000000c00048fc       0x80 build/console.o
                                         0x98 (size before relaxing)
 .eh_frame      0x00000000c000497c       0x60 build/keyboard.o
                                         0x78 (size before relaxing)
 .eh_frame      0x00000000c00049dc       0x60 build/ioqueue.o
                                         0x78 (size before relaxing)
 .eh_frame      0x00000000c0004a3c       0x20 build/tss.o
                                         0x38 (size before relaxing)
 *(.eh_frame.*)

.gcc_except_table
 *(.gcc_except_table .gcc_except_table.*)

.gnu_extab
 *(.gnu_extab*)

.exception_ranges
 *(.exception_ranges .exception_ranges*)
                0x00000000c0006000                . = DATA_SEGMENT_ALIGN (CONSTANT (MAXPAGESIZE), CONSTANT (COMMONPAGESIZE))

.eh_frame
 *(.eh_frame)
 *(.eh_frame.*)

.gnu_extab
 *(.gnu_extab)

.gcc_except_table
 *(.gcc_except_table .gcc_except_table.*)

.exception_ranges
 *(.exception_ranges .exception_ranges*)

.tdata
 *(.tdata .tdata.* .gnu.linkonce.td.*)

.tbss
 *(.tbss .tbss.* .gnu.linkonce.tb.*)
 *(.tcommon)

.preinit_array  0x00000000c0006000        0x0
                [!provide]                        PROVIDE (__preinit_array_start = .)
 *(.preinit_array)
                [!provide]                        PROVIDE (__preinit_array_end = .)

.init_array     0x00000000c0006000        0x0
                [!provide]                        PROVIDE (__init_array_start = .)
 *(SORT_BY_INIT_PRIORITY(.init_array.*) SORT_BY_INIT_PRIORITY(.ctors.*))
 *(.init_array EXCLUDE_FILE(*crtend?.o *crtend.o *crtbegin?.o *crtbegin.o) .ctors)
                [!provide]                        PROVIDE (__init_array_end = .)

.fini_array     0x00000000c0006000        0x0
                [!provide]                        PROVIDE (__fini_array_start = .)
 *(SORT_BY_INIT_PRIORITY(.fini_array.*) SORT_BY_INIT_PRIORITY(.dtors.*))
 *(.fini_array EXCLUDE_FILE(*crtend?.o *crtend.o *crtbegin?.o *crtbegin.o) .dtors)
                [!provide]                        PROVIDE (__fini_array_end = .)

.ctors
 *crtbegin.o(.ctors)
 *crtbegin?.o(.ctors)
 *(EXCLUDE_FILE(*crtend?.o *crtend.o) .ctors)
 *(SORT_BY_NAME(.ctors.*))
 *(.ctors)

.dtors
 *crtbegin.o(.dtors)
 *crtbegin?.o(.dtors)
 *(EXCLUDE_FILE(*crtend?.o *crtend.o) .dtors)
 *(SORT_BY_NAME(.dtors.*))
 *(.dtors)

.jcr
 *(.jcr)

.data.rel.ro
 *(.data.rel.ro.local* .gnu.linkonce.d.rel.ro.local.*)
 *(.data.rel.ro .data.rel.ro.* .gnu.linkonce.d.rel.ro.*)

.dynamic
 *(.dynamic)

.got            0x00000000c0006000        0x0
 *(.got)
 .got           0x00000000c0006000        0x0 build/main.o
 *(.igot)
                0x00000000c0006000                . = DATA_SEGMENT_RELRO_END (., (SIZEOF (.got.plt) >= 0xc)?0xc:0x0)

.got.plt        0x00000000c0006000        0x0
 *(.got.plt)
 .got.plt       0x00000000c0006000        0x0 build/main.o
 *(.igot.plt)
 .igot.plt      0x00000000c0006000        0x0 build/main.o

.data           0x00000000c0006000      0x156
 *(.data .data.* .gnu.linkonce.d.*)
 .data          0x00000000c0006000        0x0 build/main.o
 .data          0x00000000c0006000        0x0 build/interrupt.o
 .data          0x00000000c0006000        0x0 build/timer.o
 .data          0x00000000c0006000        0x0 build/debug.o
 .data          0x00000000c0006000        0x8 build/print.o
 .data          0x00000000c0006008       0xc0 build/kernel.o
                0x00000000c0006008                interrupt_hld_table
 .data          0x00000000c00060c8        0x0 build/string.o
 .data          0x00000000c00060c8        0x0 build/bitmap.o
 .data          0x00000000c00060c8        0x0 build/memory.o
 .data          0x00000000c00060c8        0x0 build/list.o
 .data          0x00000000c00060c8        0x0 build/thread.o
 .data          0x00000000c00060c8        0x0 build/semaphore.o
 .data          0x00000000c00060c8        0x0 build/lock.o
 .data          0x00000000c00060c8        0x0 build/condition_variable.o
 .data          0x00000000c00060c8        0x0 build/console.o
 *fill*         0x00000000c00060c8       0x18 
 .data          0x00000000c00060e0       0x76 build/keyboard.o
 .data          0x00000000c0006156        0x0 build/ioqueue.o
 .data          0x00000000c0006156        0x0 build/tss.o

.data1
 *(.data1)
                0x00000000c0006156                _edata = .
                [!provide]                        PROVIDE (edata = .)
                0x00000000c0006156                . = .
                0x00000000c0006156                __bss_start = .

.bss            0x00000000c0006160      0x3c4
 *(.dynbss)
 *(.bss .bss.* .gnu.linkonce.b.*)
 .bss           0x00000000c0006160        0x0 build/main.o
 .bss           0x00000000c0006160        0x0 build/interrupt.o
 .bss           0x00000000c0006160        0x0 build/timer.o
 .bss           0x00000000c0006160        0x0 build/debug.o
 .bss           0x00000000c0006160        0x0 build/string.o
 .bss           0x00000000c0006160        0x0 build/bitmap.o
 .bss           0x00000000c0006160        0x0 build/memory.o
 .bss           0x00000000c0006160        0x0 build/list.o
 .bss           0x00000000c0006160       0x24 build/thread.o
 .bss           0x00000000c0006184        0x0 build/semaphore.o
 .bss           0x00000000c0006184        0x0 build/lock.o
 .bss           0x00000000c0006184        0x0 build/condition_variable.o
 .bss           0x00000000c0006184       0x1c build/console.o
 .bss           0x00000000c00061a0       0x14 build/keyboard.o
 .bss           0x00000000c00061b4        0x0 build/ioqueue.o
 *fill*         0x00000000c00061b4        0xc 
 .bss           0x00000000c00061c0       0x6c build/tss.o
 *(COMMON)
 *fill*         0x00000000c000622c       0x14 
 COMMON         0x00000000c0006240      0x240 build/interrupt.o
                0x00000000c0006240                g_IDT_handle
                0x00000000c0006300                g_IDT
 COMMON         0x00000000c0006480       0x2c build/memory.o
                0x00000000c0006480                kernel_memory_pool
                0x00000000c0006490                kernel_virtual_addr
                0x00000000c000649c                user_memory_pool
 COMMON         0x00000000c00064ac        0x4 build/thread.o
                0x00000000c00064ac                g_curThreadTag
 *fill*         0x00000000c00064b0       0x10 
 COMMON         0x00000000c00064c0       0x64 build/keyboard.o
                0x00000000c00064c0                g_keyboardIOQueue
                0x00000000c0006524                . = ALIGN ((. != 0x0)?0x4:0x1)
                0x00000000c0006524                . = ALIGN (0x4)
                0x00000000c0006524                . = SEGMENT_START ("ldata-segment", .)
                0x00000000c0006524                . = ALIGN (0x4)
                0x00000000c0006524                _end = .
                [!provide]                        PROVIDE (end = .)
                0x00000000c0006524                . = DATA_SEGMENT_END (.)

.stab
 *(.stab)

.stabstr
 *(.stabstr)

.stab.excl
 *(.stab.excl)

.stab.exclstr
 *(.stab.exclstr)

.stab.index
 *(.stab.index)

.stab.indexstr
 *(.stab.indexstr)

.comment        0x0000000000000000       0x29
 *(.comment)
 .comment       0x0000000000000000       0x29 build/main.o
                                         0x2a (size before relaxing)
 .comment       0x0000000000000029       0x2a build/interrupt.o
 .comment       0x0000000000000029       0x2a build/timer.o
 .comment       0x0000000000000029       0x2a build/debug.o
 .comment       0x0000000000000029       0x2a build/string.o
 .comment       0x0000000000000029       0x2a build/bitmap.o
 .comment       0x0000000000000029       0x2a build/memory.o
 .comment       0x0000000000000029       0x2a build/list.o
 .comment       0x0000000000000029       0x2a build/thread.o
 .comment       0x0000000000000029       0x2a build/semaphore.o
 .comment       0x0000000000000029       0x2a build/lock.o
 .comment       0x0000000000000029       0x2a build/condition_variable.o
 .comment       0x0000000000000029       0x2a build/console.o
 .comment       0x0000000000000029       0x2a build/keyboard.o
 .comment       0x0000000000000029       0x2a build/ioqueue.o
 .comment       0x0000000000000029       0x2a build/tss.o

.debug
 *(.debug)

.line
 *(.line)

.debug_srcinfo
 *(.debug_srcinfo)

.debug_sfnames
 *(.debug_sfnames)

.debug_aranges
 *(.debug_aranges)

.debug_pubnames
 *(.debug_pubnames)

.debug_info
 *(.debug_info .gnu.linkonce.wi.*)

.debug_abbrev
 *(.debug_abbrev)

.debug_line
 *(.debug_line .debug_line.* .debug_line_end)

.debug_frame
 *(.debug_frame)

.debug_str
 *(.debug_str)

.debug_loc
 *(.debug_loc)

.debug_macinfo
 *(.debug_macinfo)

.debug_weaknames
 *(.debug_weaknames)

.debug_funcnames
 *(.debug_funcnames)

.debug_typenames
 *(.debug_typenames)

.debug_varnames
 *(.debug_varnames)

.debug_pubtypes
 *(.debug_pubtypes)

.debug_ranges
 *(.debug_ranges)

.debug_macro
 *(.debug_macro)

.debug_addr
 *(.debug_addr)

.gnu.attributes
 *(.gnu.attributes)

/DISCARD/
 *(.note.GNU-stack)
 *(.gnu_debuglink)
 *(.gnu.lto_*)
OUTPUT(build/kernel.bin elf32-i386)
