
Allocating common symbols
Common symbol       size              file

g_IDT_handle        0x204             build/interrupt.o
kernel_memory_pool  0x2c              build/memory.o
g_readyThreadList   0x10              build/thread.o
kernel_virtual_addr
                    0xc               build/memory.o
g_allThreadList     0x10              build/thread.o
g_ideChannelArray   0xcc0             build/ide.o
g_IDT               0x408             build/interrupt.o
g_curThreadTag      0x4               build/thread.o
g_ChannelCount      0x1               build/ide.o
user_memory_pool    0x2c              build/memory.o
g_Syscall_Table     0x10              build/syscall.o
g_keyboardIOQueue   0x84              build/keyboard.o
g_tickCount         0x4               build/timer.o

Discarded input sections

 .note.GNU-stack
                0x0000000000000000        0x0 build/main.o
 .note.GNU-stack
                0x0000000000000000        0x0 build/interrupt.o
 .note.GNU-stack
                0x0000000000000000        0x0 build/timer.o
 .note.GNU-stack
                0x0000000000000000        0x0 build/debug.o
 .note.GNU-stack
                0x0000000000000000        0x0 build/string.o
 .note.GNU-stack
                0x0000000000000000        0x0 build/bitmap.o
 .note.GNU-stack
                0x0000000000000000        0x0 build/memory.o
 .note.GNU-stack
                0x0000000000000000        0x0 build/list.o
 .note.GNU-stack
                0x0000000000000000        0x0 build/thread.o
 .note.GNU-stack
                0x0000000000000000        0x0 build/semaphore.o
 .note.GNU-stack
                0x0000000000000000        0x0 build/lock.o
 .note.GNU-stack
                0x0000000000000000        0x0 build/condition_variable.o
 .note.GNU-stack
                0x0000000000000000        0x0 build/console.o
 .note.GNU-stack
                0x0000000000000000        0x0 build/keyboard.o
 .note.GNU-stack
                0x0000000000000000        0x0 build/ioqueue.o
 .note.GNU-stack
                0x0000000000000000        0x0 build/tss.o
 .note.GNU-stack
                0x0000000000000000        0x0 build/process.o
 .note.GNU-stack
                0x0000000000000000        0x0 build/syscall.o
 .note.GNU-stack
                0x0000000000000000        0x0 build/stdio.o
 .note.GNU-stack
                0x0000000000000000        0x0 build/stdio_kernel.o
 .note.GNU-stack
                0x0000000000000000        0x0 build/ide.o
 .note.GNU-stack
                0x0000000000000000        0x0 build/fs.o

Memory Configuration

Name             Origin             Length             Attributes
*default*        0x0000000000000000 0xffffffffffffffff

Linker script and memory map

Address of section .text set to 0xc0001500
LOAD build/main.o
LOAD build/interrupt.o
LOAD build/timer.o
LOAD build/debug.o
LOAD build/print.o
LOAD build/kernel.o
LOAD build/string.o
LOAD build/bitmap.o
LOAD build/memory.o
LOAD build/list.o
LOAD build/switch.o
LOAD build/thread.o
LOAD build/semaphore.o
LOAD build/lock.o
LOAD build/condition_variable.o
LOAD build/console.o
LOAD build/keyboard.o
LOAD build/ioqueue.o
LOAD build/tss.o
LOAD build/process.o
LOAD build/syscall.o
LOAD build/stdio.o
LOAD build/stdio_kernel.o
LOAD build/ide.o
LOAD build/fs.o
                [!provide]                        PROVIDE (__executable_start = SEGMENT_START ("text-segment", 0x8048000))
                0x0000000008048094                . = (SEGMENT_START ("text-segment", 0x8048000) + SIZEOF_HEADERS)

.interp
 *(.interp)

.note.gnu.build-id
 *(.note.gnu.build-id)

.hash
 *(.hash)

.gnu.hash
 *(.gnu.hash)

.dynsym
 *(.dynsym)

.dynstr
 *(.dynstr)

.gnu.version
 *(.gnu.version)

.gnu.version_d
 *(.gnu.version_d)

.gnu.version_r
 *(.gnu.version_r)

.rel.dyn        0x0000000008048094        0x0
 *(.rel.init)
 *(.rel.text .rel.text.* .rel.gnu.linkonce.t.*)
 .rel.text      0x0000000008048094        0x0 build/main.o
 *(.rel.fini)
 *(.rel.rodata .rel.rodata.* .rel.gnu.linkonce.r.*)
 *(.rel.data.rel.ro .rel.data.rel.ro.* .rel.gnu.linkonce.d.rel.ro.*)
 *(.rel.data .rel.data.* .rel.gnu.linkonce.d.*)
 *(.rel.tdata .rel.tdata.* .rel.gnu.linkonce.td.*)
 *(.rel.tbss .rel.tbss.* .rel.gnu.linkonce.tb.*)
 *(.rel.ctors)
 *(.rel.dtors)
 *(.rel.got)
 .rel.got       0x0000000008048094        0x0 build/main.o
 *(.rel.bss .rel.bss.* .rel.gnu.linkonce.b.*)
 *(.rel.ifunc)

.rel.plt        0x0000000008048094        0x0
 *(.rel.plt)
                [!provide]                        PROVIDE (__rel_iplt_start = .)
 *(.rel.iplt)
 .rel.iplt      0x0000000008048094        0x0 build/main.o
                [!provide]                        PROVIDE (__rel_iplt_end = .)

.init
 *(SORT_NONE(.init))

.plt            0x0000000008048098        0x0
 *(.plt)
 *(.iplt)
 .iplt          0x0000000008048098        0x0 build/main.o

.plt.got
 *(.plt.got)

.plt.sec
 *(.plt.sec)

.text           0x00000000c0001500     0x4d6b
 *(.text.unlikely .text.*_unlikely .text.unlikely.*)
 *(.text.exit .text.exit.*)
 *(.text.startup .text.startup.*)
 *(.text.hot .text.hot.*)
 *(.text .stub .text.* .gnu.linkonce.t.*)
 .text          0x00000000c0001500       0xfb build/main.o
                0x00000000c0001500                main
                0x00000000c000156f                thread_A
                0x00000000c0001587                process_A
 .text          0x00000000c00015fb      0x374 build/interrupt.o
                0x00000000c000161a                make_idt_desc
                0x00000000c000165d                idt_desc_init
                0x00000000c00016de                interrupt_handle
                0x00000000c000174b                exception_init
                0x00000000c0001798                register_interrupt_handle
                0x00000000c00017ea                pic_init
                0x00000000c00018be                interrupt_enable
                0x00000000c00018c5                interrupt_disable
                0x00000000c00018cc                set_interrupt_status
                0x00000000c00018e4                get_interrupt_status
                0x00000000c0001901                idt_init
 .text          0x00000000c000196f      0x218 build/timer.o
                0x00000000c0001a54                m_sleep
                0x00000000c0001a88                timer_set
                0x00000000c0001b32                timer_init
 .text          0x00000000c0001b87       0xca build/debug.o
                0x00000000c0001b87                panic_spain
 *fill*         0x00000000c0001c51        0xf 
 .text          0x00000000c0001c60      0x14e build/print.o
                0x00000000c0001c60                put_int
                0x00000000c0001cc3                put_str
                0x00000000c0001ce1                put_char
 *fill*         0x00000000c0001dae        0x2 
 .text          0x00000000c0001db0      0x55b build/kernel.o
                0x00000000c0001db0                interrupt_exit
                0x00000000c00022e7                syscall_handler
 .text          0x00000000c000230b      0x171 build/string.o
                0x00000000c000230b                memset
                0x00000000c000237c                memcpy
                0x00000000c00023dc                strcpy
                0x00000000c0002431                strlen
 .text          0x00000000c000247c      0x28d build/bitmap.o
                0x00000000c000247c                bitmap_init
                0x00000000c000249f                bitmap_check
                0x00000000c000252c                bitmap_apply
                0x00000000c0002636                bitmap_set
 .text          0x00000000c0002709      0xf96 build/memory.o
                0x00000000c000284e                get_pte_ptr
                0x00000000c000287e                get_pde_ptr
                0x00000000c0002978                malloc_page
                0x00000000c0002a33                get_kernel_pages
                0x00000000c0002a8e                get_user_pages
                0x00000000c0002ae9                bind_vaddr_with_mempool
                0x00000000c0002c35                vaddr_to_phyaddr
                0x00000000c0002c61                get_arena_memblock
                0x00000000c0002c7c                get_arena_by_memblock
                0x00000000c0002c89                sys_malloc
                0x00000000c0002fa2                phyaddr_free
                0x00000000c00030d8                page_free
                0x00000000c00031b4                sys_free
                0x00000000c0003325                memory_pool_init
                0x00000000c00035ed                mem_block_pool_init
                0x00000000c0003671                memory_init
 .text          0x00000000c000369f      0x1c0 build/list.o
                0x00000000c000369f                list_init
                0x00000000c00036cd                list_insert_before
                0x00000000c00036f9                list_push
                0x00000000c0003711                list_append
                0x00000000c0003729                list_remove
                0x00000000c000375d                elem_find
                0x00000000c0003798                list_empty
                0x00000000c00037b1                list_len
                0x00000000c00037e6                list_pop
                0x00000000c0003805                list_traversal
 *fill*         0x00000000c000385f        0x1 
 .text          0x00000000c0003860       0x15 build/switch.o
                0x00000000c0003860                switch_to
 .text          0x00000000c0003875      0x5ea build/thread.o
                0x00000000c00038cb                sys_getpid
                0x00000000c00038df                get_curthread_pcb
                0x00000000c00038f4                thread_schedule
                0x00000000c0003a04                thread_block
                0x00000000c0003a69                thread_unblock
                0x00000000c0003b10                thread_yield
                0x00000000c0003b96                init_thread_pcb
                0x00000000c0003c59                init_thread_stack
                0x00000000c0003cca                thread_create
                0x00000000c0003de6                thread_init
 .text          0x00000000c0003e5f      0x127 build/semaphore.o
                0x00000000c0003e5f                semaphore_init
                0x00000000c0003e82                semaphore_P
                0x00000000c0003f19                semaphore_V
 .text          0x00000000c0003f86       0x66 build/lock.o
                0x00000000c0003f86                lock_init
                0x00000000c0003fb6                lock_acquire
                0x00000000c0003fd1                lock_release
 .text          0x00000000c0003fec       0xfd build/condition_variable.o
                0x00000000c0003fec                condition_init
                0x00000000c0004004                condition_wait
                0x00000000c000407e                condition_notify
                0x00000000c00040bd                condition_notifyall
 .text          0x00000000c00040e9       0xc6 build/console.o
                0x00000000c00040e9                console_init
                0x00000000c0004102                console_put_str
                0x00000000c0004139                console_put_char
                0x00000000c0004178                console_put_int
 .text          0x00000000c00041af      0x279 build/keyboard.o
                0x00000000c00041cc                keyboard_interrupt_handle
                0x00000000c00043dd                keyboard_init
 .text          0x00000000c0004428      0x16d build/ioqueue.o
                0x00000000c0004428                ioqueue_putchar
                0x00000000c00044bc                ioqueue_getchar
                0x00000000c0004545                ioqueue_init
 .text          0x00000000c0004595      0x280 build/tss.o
                0x00000000c0004595                tss_update_esp0
                0x00000000c00045a8                tss_init
 .text          0x00000000c0004815      0x360 build/process.o
                0x00000000c0004815                process_start
                0x00000000c00048e1                process_pgdir_active
                0x00000000c0004916                process_active
                0x00000000c0004964                process_create_pgdir
                0x00000000c00049f3                process_bitmap_create
                0x00000000c0004a55                process_execute
 .text          0x00000000c0004b75       0xe5 build/syscall.o
                0x00000000c0004b75                sys_write
                0x00000000c0004b99                syscall_init
                0x00000000c0004bea                getpid
                0x00000000c0004bff                write
                0x00000000c0004c1e                malloc
                0x00000000c0004c3d                free
 .text          0x00000000c0004c5a      0x28f build/stdio.o
                0x00000000c0004ce1                vsprintf
                0x00000000c0004e5e                sprintf
                0x00000000c0004e8e                printf
 .text          0x00000000c0004ee9       0x5c build/stdio_kernel.o
                0x00000000c0004ee9                printk
 .text          0x00000000c0004f45      0xd43 build/ide.o
                0x00000000c0005463                ide_write
                0x00000000c000559c                ide_read
                0x00000000c00059a6                hd_interrupt_handler
                0x00000000c0005a81                ide_init
 .text          0x00000000c0005c88      0x5e3 build/fs.o
                0x00000000c00060d4                file_system_init
 *(.gnu.warning)

.fini
 *(SORT_NONE(.fini))
                [!provide]                        PROVIDE (__etext = .)
                [!provide]                        PROVIDE (_etext = .)
                [!provide]                        PROVIDE (etext = .)

.rodata         0x00000000c000626c      0xcd1
 *(.rodata .rodata.* .gnu.linkonce.r.*)
 .rodata        0x00000000c000626c       0x56 build/main.o
 *fill*         0x00000000c00062c2        0x2 
 .rodata        0x00000000c00062c4       0xf4 build/interrupt.o
 .rodata        0x00000000c00063b8       0x5a build/timer.o
 .rodata        0x00000000c0006412       0x32 build/debug.o
 .rodata        0x00000000c0006444       0x6b build/string.o
 *fill*         0x00000000c00064af        0x1 
 .rodata        0x00000000c00064b0       0x83 build/bitmap.o
 *fill*         0x00000000c0006533        0x1 
 .rodata        0x00000000c0006534      0x281 build/memory.o
 *fill*         0x00000000c00067b5        0x3 
 .rodata        0x00000000c00067b8      0x242 build/thread.o
 *fill*         0x00000000c00069fa        0x2 
 .rodata        0x00000000c00069fc       0x2a build/semaphore.o
 *fill*         0x00000000c0006a26        0x2 
 .rodata        0x00000000c0006a28       0x2d build/condition_variable.o
 .rodata        0x00000000c0006a55       0x39 build/keyboard.o
 .rodata        0x00000000c0006a8e       0x21 build/tss.o
 *fill*         0x00000000c0006aaf        0x1 
 .rodata        0x00000000c0006ab0       0xb8 build/process.o
 .rodata        0x00000000c0006b68       0x27 build/syscall.o
 *fill*         0x00000000c0006b8f        0x1 
 .rodata        0x00000000c0006b90      0x1d5 build/ide.o
 *fill*         0x00000000c0006d65        0x3 
 .rodata        0x00000000c0006d68      0x1d5 build/fs.o

.rodata1
 *(.rodata1)

.eh_frame_hdr
 *(.eh_frame_hdr)
 *(.eh_frame_entry .eh_frame_entry.*)

.eh_frame       0x00000000c0006f40     0x1120
 *(.eh_frame)
 .eh_frame      0x00000000c0006f40       0x74 build/main.o
 .eh_frame      0x00000000c0006fb4      0x184 build/interrupt.o
                                        0x19c (size before relaxing)
 .eh_frame      0x00000000c0007138       0xcc build/timer.o
                                         0xe4 (size before relaxing)
 .eh_frame      0x00000000c0007204       0x1c build/debug.o
                                         0x34 (size before relaxing)
 .eh_frame      0x00000000c0007220       0x80 build/string.o
                                         0x98 (size before relaxing)
 .eh_frame      0x00000000c00072a0       0x88 build/bitmap.o
                                         0xa0 (size before relaxing)
 .eh_frame      0x00000000c0007328      0x2a0 build/memory.o
                                        0x2b8 (size before relaxing)
 .eh_frame      0x00000000c00075c8      0x140 build/list.o
                                        0x158 (size before relaxing)
 .eh_frame      0x00000000c0007708      0x1bc build/thread.o
                                        0x1d4 (size before relaxing)
 .eh_frame      0x00000000c00078c4       0x60 build/semaphore.o
                                         0x78 (size before relaxing)
 .eh_frame      0x00000000c0007924       0x60 build/lock.o
                                         0x78 (size before relaxing)
 .eh_frame      0x00000000c0007984       0x80 build/condition_variable.o
                                         0x98 (size before relaxing)
 .eh_frame      0x00000000c0007a04       0x80 build/console.o
                                         0x98 (size before relaxing)
 .eh_frame      0x00000000c0007a84       0x60 build/keyboard.o
                                         0x78 (size before relaxing)
 .eh_frame      0x00000000c0007ae4       0x60 build/ioqueue.o
                                         0x78 (size before relaxing)
 .eh_frame      0x00000000c0007b44       0x40 build/tss.o
                                         0x58 (size before relaxing)
 .eh_frame      0x00000000c0007b84       0xc0 build/process.o
                                         0xd8 (size before relaxing)
 .eh_frame      0x00000000c0007c44       0xcc build/syscall.o
                                         0xe4 (size before relaxing)
 .eh_frame      0x00000000c0007d10       0x88 build/stdio.o
                                         0xa0 (size before relaxing)
 .eh_frame      0x00000000c0007d98       0x24 build/stdio_kernel.o
                                         0x3c (size before relaxing)
 .eh_frame      0x00000000c0007dbc      0x254 build/ide.o
                                        0x26c (size before relaxing)
 .eh_frame      0x00000000c0008010       0x50 build/fs.o
                                         0x68 (size before relaxing)
 *(.eh_frame.*)

.gcc_except_table
 *(.gcc_except_table .gcc_except_table.*)

.gnu_extab
 *(.gnu_extab*)

.exception_ranges
 *(.exception_ranges .exception_ranges*)
                0x00000000c000a000                . = DATA_SEGMENT_ALIGN (CONSTANT (MAXPAGESIZE), CONSTANT (COMMONPAGESIZE))

.eh_frame
 *(.eh_frame)
 *(.eh_frame.*)

.gnu_extab
 *(.gnu_extab)

.gcc_except_table
 *(.gcc_except_table .gcc_except_table.*)

.exception_ranges
 *(.exception_ranges .exception_ranges*)

.tdata
 *(.tdata .tdata.* .gnu.linkonce.td.*)

.tbss
 *(.tbss .tbss.* .gnu.linkonce.tb.*)
 *(.tcommon)

.preinit_array  0x00000000c000a000        0x0
                [!provide]                        PROVIDE (__preinit_array_start = .)
 *(.preinit_array)
                [!provide]                        PROVIDE (__preinit_array_end = .)

.init_array     0x00000000c000a000        0x0
                [!provide]                        PROVIDE (__init_array_start = .)
 *(SORT_BY_INIT_PRIORITY(.init_array.*) SORT_BY_INIT_PRIORITY(.ctors.*))
 *(.init_array EXCLUDE_FILE(*crtend?.o *crtend.o *crtbegin?.o *crtbegin.o) .ctors)
                [!provide]                        PROVIDE (__init_array_end = .)

.fini_array     0x00000000c000a000        0x0
                [!provide]                        PROVIDE (__fini_array_start = .)
 *(SORT_BY_INIT_PRIORITY(.fini_array.*) SORT_BY_INIT_PRIORITY(.dtors.*))
 *(.fini_array EXCLUDE_FILE(*crtend?.o *crtend.o *crtbegin?.o *crtbegin.o) .dtors)
                [!provide]                        PROVIDE (__fini_array_end = .)

.ctors
 *crtbegin.o(.ctors)
 *crtbegin?.o(.ctors)
 *(EXCLUDE_FILE(*crtend?.o *crtend.o) .ctors)
 *(SORT_BY_NAME(.ctors.*))
 *(.ctors)

.dtors
 *crtbegin.o(.dtors)
 *crtbegin?.o(.dtors)
 *(EXCLUDE_FILE(*crtend?.o *crtend.o) .dtors)
 *(SORT_BY_NAME(.dtors.*))
 *(.dtors)

.jcr
 *(.jcr)

.data.rel.ro
 *(.data.rel.ro.local* .gnu.linkonce.d.rel.ro.local.*)
 *(.data.rel.ro .data.rel.ro.* .gnu.linkonce.d.rel.ro.*)

.dynamic
 *(.dynamic)

.got            0x00000000c000a000        0x0
 *(.got)
 .got           0x00000000c000a000        0x0 build/main.o
 *(.igot)
                0x00000000c000a000                . = DATA_SEGMENT_RELRO_END (., (SIZEOF (.got.plt) >= 0xc)?0xc:0x0)

.got.plt        0x00000000c000a000        0x0
 *(.got.plt)
 .got.plt       0x00000000c000a000        0x0 build/main.o
 *(.igot.plt)
 .igot.plt      0x00000000c000a000        0x0 build/main.o

.data           0x00000000c000a000      0x156
 *(.data .data.* .gnu.linkonce.d.*)
 .data          0x00000000c000a000        0x0 build/main.o
 .data          0x00000000c000a000        0x0 build/interrupt.o
 .data          0x00000000c000a000        0x0 build/timer.o
 .data          0x00000000c000a000        0x0 build/debug.o
 .data          0x00000000c000a000        0x8 build/print.o
 .data          0x00000000c000a008       0xc0 build/kernel.o
                0x00000000c000a008                interrupt_hld_table
 .data          0x00000000c000a0c8        0x0 build/string.o
 .data          0x00000000c000a0c8        0x0 build/bitmap.o
 .data          0x00000000c000a0c8        0x0 build/memory.o
 .data          0x00000000c000a0c8        0x0 build/list.o
 .data          0x00000000c000a0c8        0x0 build/thread.o
 .data          0x00000000c000a0c8        0x0 build/semaphore.o
 .data          0x00000000c000a0c8        0x0 build/lock.o
 .data          0x00000000c000a0c8        0x0 build/condition_variable.o
 .data          0x00000000c000a0c8        0x0 build/console.o
 *fill*         0x00000000c000a0c8       0x18 
 .data          0x00000000c000a0e0       0x76 build/keyboard.o
 .data          0x00000000c000a156        0x0 build/ioqueue.o
 .data          0x00000000c000a156        0x0 build/tss.o
 .data          0x00000000c000a156        0x0 build/process.o
 .data          0x00000000c000a156        0x0 build/syscall.o
 .data          0x00000000c000a156        0x0 build/stdio.o
 .data          0x00000000c000a156        0x0 build/stdio_kernel.o
 .data          0x00000000c000a156        0x0 build/ide.o
 .data          0x00000000c000a156        0x0 build/fs.o

.data1
 *(.data1)
                0x00000000c000a156                _edata = .
                [!provide]                        PROVIDE (edata = .)
                0x00000000c000a156                . = .
                0x00000000c000a156                __bss_start = .

.bss            0x00000000c000a160     0x1604
 *(.dynbss)
 *(.bss .bss.* .gnu.linkonce.b.*)
 .bss           0x00000000c000a160        0x4 build/main.o
                0x00000000c000a160                a
 .bss           0x00000000c000a164        0x0 build/interrupt.o
 .bss           0x00000000c000a164        0x0 build/timer.o
 .bss           0x00000000c000a164        0x0 build/debug.o
 .bss           0x00000000c000a164        0x0 build/string.o
 .bss           0x00000000c000a164        0x0 build/bitmap.o
 *fill*         0x00000000c000a164       0x1c 
 .bss           0x00000000c000a180       0xa8 build/memory.o
 .bss           0x00000000c000a228        0x0 build/list.o
 .bss           0x00000000c000a228       0x26 build/thread.o
 .bss           0x00000000c000a24e        0x0 build/semaphore.o
 .bss           0x00000000c000a24e        0x0 build/lock.o
 .bss           0x00000000c000a24e        0x0 build/condition_variable.o
 *fill*         0x00000000c000a24e        0x2 
 .bss           0x00000000c000a250       0x1c build/console.o
 .bss           0x00000000c000a26c       0x14 build/keyboard.o
 .bss           0x00000000c000a280        0x0 build/ioqueue.o
 .bss           0x00000000c000a280       0x6c build/tss.o
 .bss           0x00000000c000a2ec        0x0 build/process.o
 .bss           0x00000000c000a2ec        0x0 build/syscall.o
 .bss           0x00000000c000a2ec        0x0 build/stdio.o
 .bss           0x00000000c000a2ec        0x0 build/stdio_kernel.o
 .bss           0x00000000c000a2ec       0x18 build/ide.o
 .bss           0x00000000c000a304        0x0 build/fs.o
 *(COMMON)
 *fill*         0x00000000c000a304       0x1c 
 COMMON         0x00000000c000a320      0x628 build/interrupt.o
                0x00000000c000a320                g_IDT_handle
                0x00000000c000a540                g_IDT
 COMMON         0x00000000c000a948        0x4 build/timer.o
                0x00000000c000a948                g_tickCount
 *fill*         0x00000000c000a94c       0x14 
 COMMON         0x00000000c000a960       0x6c build/memory.o
                0x00000000c000a960                kernel_memory_pool
                0x00000000c000a98c                kernel_virtual_addr
                0x00000000c000a9a0                user_memory_pool
 COMMON         0x00000000c000a9cc       0x24 build/thread.o
                0x00000000c000a9cc                g_readyThreadList
                0x00000000c000a9dc                g_allThreadList
                0x00000000c000a9ec                g_curThreadTag
 *fill*         0x00000000c000a9f0       0x10 
 COMMON         0x00000000c000aa00       0x84 build/keyboard.o
                0x00000000c000aa00                g_keyboardIOQueue
 COMMON         0x00000000c000aa84       0x10 build/syscall.o
                0x00000000c000aa84                g_Syscall_Table
 *fill*         0x00000000c000aa94        0xc 
 COMMON         0x00000000c000aaa0      0xcc1 build/ide.o
                0x00000000c000aaa0                g_ideChannelArray
                0x00000000c000b760                g_ChannelCount
                0x00000000c000b764                . = ALIGN ((. != 0x0)?0x4:0x1)
 *fill*         0x00000000c000b761        0x3 
                0x00000000c000b764                . = ALIGN (0x4)
                0x00000000c000b764                . = SEGMENT_START ("ldata-segment", .)
                0x00000000c000b764                . = ALIGN (0x4)
                0x00000000c000b764                _end = .
                [!provide]                        PROVIDE (end = .)
                0x00000000c000b764                . = DATA_SEGMENT_END (.)

.stab
 *(.stab)

.stabstr
 *(.stabstr)

.stab.excl
 *(.stab.excl)

.stab.exclstr
 *(.stab.exclstr)

.stab.index
 *(.stab.index)

.stab.indexstr
 *(.stab.indexstr)

.comment        0x0000000000000000       0x29
 *(.comment)
 .comment       0x0000000000000000       0x29 build/main.o
                                         0x2a (size before relaxing)
 .comment       0x0000000000000029       0x2a build/interrupt.o
 .comment       0x0000000000000029       0x2a build/timer.o
 .comment       0x0000000000000029       0x2a build/debug.o
 .comment       0x0000000000000029       0x2a build/string.o
 .comment       0x0000000000000029       0x2a build/bitmap.o
 .comment       0x0000000000000029       0x2a build/memory.o
 .comment       0x0000000000000029       0x2a build/list.o
 .comment       0x0000000000000029       0x2a build/thread.o
 .comment       0x0000000000000029       0x2a build/semaphore.o
 .comment       0x0000000000000029       0x2a build/lock.o
 .comment       0x0000000000000029       0x2a build/condition_variable.o
 .comment       0x0000000000000029       0x2a build/console.o
 .comment       0x0000000000000029       0x2a build/keyboard.o
 .comment       0x0000000000000029       0x2a build/ioqueue.o
 .comment       0x0000000000000029       0x2a build/tss.o
 .comment       0x0000000000000029       0x2a build/process.o
 .comment       0x0000000000000029       0x2a build/syscall.o
 .comment       0x0000000000000029       0x2a build/stdio.o
 .comment       0x0000000000000029       0x2a build/stdio_kernel.o
 .comment       0x0000000000000029       0x2a build/ide.o
 .comment       0x0000000000000029       0x2a build/fs.o

.debug
 *(.debug)

.line
 *(.line)

.debug_srcinfo
 *(.debug_srcinfo)

.debug_sfnames
 *(.debug_sfnames)

.debug_aranges
 *(.debug_aranges)

.debug_pubnames
 *(.debug_pubnames)

.debug_info
 *(.debug_info .gnu.linkonce.wi.*)

.debug_abbrev
 *(.debug_abbrev)

.debug_line
 *(.debug_line .debug_line.* .debug_line_end)

.debug_frame
 *(.debug_frame)

.debug_str
 *(.debug_str)

.debug_loc
 *(.debug_loc)

.debug_macinfo
 *(.debug_macinfo)

.debug_weaknames
 *(.debug_weaknames)

.debug_funcnames
 *(.debug_funcnames)

.debug_typenames
 *(.debug_typenames)

.debug_varnames
 *(.debug_varnames)

.debug_pubtypes
 *(.debug_pubtypes)

.debug_ranges
 *(.debug_ranges)

.debug_macro
 *(.debug_macro)

.debug_addr
 *(.debug_addr)

.gnu.attributes
 *(.gnu.attributes)

/DISCARD/
 *(.note.GNU-stack)
 *(.gnu_debuglink)
 *(.gnu.lto_*)
OUTPUT(build/kernel.bin elf32-i386)
