
Allocating common symbols
Common symbol       size              file

g_IDT_handle        0x204             build/interrupt.o
kernel_memory_pool  0x2c              build/memory.o
g_readyThreadList   0x10              build/thread.o
kernel_virtual_addr
                    0xc               build/memory.o
g_allThreadList     0x10              build/thread.o
g_IDT               0x408             build/interrupt.o
g_curThreadTag      0x4               build/thread.o
user_memory_pool    0x2c              build/memory.o
g_Syscall_Table     0x10              build/syscall.o
g_keyboardIOQueue   0x84              build/keyboard.o

Discarded input sections

 .note.GNU-stack
                0x0000000000000000        0x0 build/main.o
 .note.GNU-stack
                0x0000000000000000        0x0 build/interrupt.o
 .note.GNU-stack
                0x0000000000000000        0x0 build/timer.o
 .note.GNU-stack
                0x0000000000000000        0x0 build/debug.o
 .note.GNU-stack
                0x0000000000000000        0x0 build/string.o
 .note.GNU-stack
                0x0000000000000000        0x0 build/bitmap.o
 .note.GNU-stack
                0x0000000000000000        0x0 build/memory.o
 .note.GNU-stack
                0x0000000000000000        0x0 build/list.o
 .note.GNU-stack
                0x0000000000000000        0x0 build/thread.o
 .note.GNU-stack
                0x0000000000000000        0x0 build/semaphore.o
 .note.GNU-stack
                0x0000000000000000        0x0 build/lock.o
 .note.GNU-stack
                0x0000000000000000        0x0 build/condition_variable.o
 .note.GNU-stack
                0x0000000000000000        0x0 build/console.o
 .note.GNU-stack
                0x0000000000000000        0x0 build/keyboard.o
 .note.GNU-stack
                0x0000000000000000        0x0 build/ioqueue.o
 .note.GNU-stack
                0x0000000000000000        0x0 build/tss.o
 .note.GNU-stack
                0x0000000000000000        0x0 build/process.o
 .note.GNU-stack
                0x0000000000000000        0x0 build/syscall.o
 .note.GNU-stack
                0x0000000000000000        0x0 build/stdio.o
 .note.GNU-stack
                0x0000000000000000        0x0 build/stdio_kernel.o

Memory Configuration

Name             Origin             Length             Attributes
*default*        0x0000000000000000 0xffffffffffffffff

Linker script and memory map

Address of section .text set to 0xc0001500
LOAD build/main.o
LOAD build/interrupt.o
LOAD build/timer.o
LOAD build/debug.o
LOAD build/print.o
LOAD build/kernel.o
LOAD build/string.o
LOAD build/bitmap.o
LOAD build/memory.o
LOAD build/list.o
LOAD build/switch.o
LOAD build/thread.o
LOAD build/semaphore.o
LOAD build/lock.o
LOAD build/condition_variable.o
LOAD build/console.o
LOAD build/keyboard.o
LOAD build/ioqueue.o
LOAD build/tss.o
LOAD build/process.o
LOAD build/syscall.o
LOAD build/stdio.o
LOAD build/stdio_kernel.o
                [!provide]                        PROVIDE (__executable_start = SEGMENT_START ("text-segment", 0x8048000))
                0x0000000008048094                . = (SEGMENT_START ("text-segment", 0x8048000) + SIZEOF_HEADERS)

.interp
 *(.interp)

.note.gnu.build-id
 *(.note.gnu.build-id)

.hash
 *(.hash)

.gnu.hash
 *(.gnu.hash)

.dynsym
 *(.dynsym)

.dynstr
 *(.dynstr)

.gnu.version
 *(.gnu.version)

.gnu.version_d
 *(.gnu.version_d)

.gnu.version_r
 *(.gnu.version_r)

.rel.dyn        0x0000000008048094        0x0
 *(.rel.init)
 *(.rel.text .rel.text.* .rel.gnu.linkonce.t.*)
 .rel.text      0x0000000008048094        0x0 build/main.o
 *(.rel.fini)
 *(.rel.rodata .rel.rodata.* .rel.gnu.linkonce.r.*)
 *(.rel.data.rel.ro .rel.data.rel.ro.* .rel.gnu.linkonce.d.rel.ro.*)
 *(.rel.data .rel.data.* .rel.gnu.linkonce.d.*)
 *(.rel.tdata .rel.tdata.* .rel.gnu.linkonce.td.*)
 *(.rel.tbss .rel.tbss.* .rel.gnu.linkonce.tb.*)
 *(.rel.ctors)
 *(.rel.dtors)
 *(.rel.got)
 .rel.got       0x0000000008048094        0x0 build/main.o
 *(.rel.bss .rel.bss.* .rel.gnu.linkonce.b.*)
 *(.rel.ifunc)

.rel.plt        0x0000000008048094        0x0
 *(.rel.plt)
                [!provide]                        PROVIDE (__rel_iplt_start = .)
 *(.rel.iplt)
 .rel.iplt      0x0000000008048094        0x0 build/main.o
                [!provide]                        PROVIDE (__rel_iplt_end = .)

.init
 *(SORT_NONE(.init))

.plt            0x0000000008048098        0x0
 *(.plt)
 *(.iplt)
 .iplt          0x0000000008048098        0x0 build/main.o

.plt.got
 *(.plt.got)

.plt.sec
 *(.plt.sec)

.text           0x00000000c0001500     0x38a8
 *(.text.unlikely .text.*_unlikely .text.unlikely.*)
 *(.text.exit .text.exit.*)
 *(.text.startup .text.startup.*)
 *(.text.hot .text.hot.*)
 *(.text .stub .text.* .gnu.linkonce.t.*)
 .text          0x00000000c0001500       0xf1 build/main.o
                0x00000000c0001500                main
                0x00000000c0001565                thread_A
                0x00000000c000157d                process_A
 .text          0x00000000c00015f1      0x374 build/interrupt.o
                0x00000000c0001610                make_idt_desc
                0x00000000c0001653                idt_desc_init
                0x00000000c00016d4                interrupt_handle
                0x00000000c0001741                exception_init
                0x00000000c000178e                register_interrupt_handle
                0x00000000c00017e0                pic_init
                0x00000000c00018b4                interrupt_enable
                0x00000000c00018bb                interrupt_disable
                0x00000000c00018c2                set_interrupt_status
                0x00000000c00018da                get_interrupt_status
                0x00000000c00018f7                idt_init
 .text          0x00000000c0001965      0x1b2 build/timer.o
                0x00000000c0001a18                timer_set
                0x00000000c0001ac2                timer_init
 .text          0x00000000c0001b17       0xca build/debug.o
                0x00000000c0001b17                panic_spain
 *fill*         0x00000000c0001be1        0xf 
 .text          0x00000000c0001bf0      0x14e build/print.o
                0x00000000c0001bf0                put_int
                0x00000000c0001c53                put_str
                0x00000000c0001c71                put_char
 *fill*         0x00000000c0001d3e        0x2 
 .text          0x00000000c0001d40      0x55b build/kernel.o
                0x00000000c0001d40                interrupt_exit
                0x00000000c0002277                syscall_handler
 .text          0x00000000c000229b      0x171 build/string.o
                0x00000000c000229b                memset
                0x00000000c000230c                memcpy
                0x00000000c000236c                strcpy
                0x00000000c00023c1                strlen
 .text          0x00000000c000240c      0x28d build/bitmap.o
                0x00000000c000240c                bitmap_init
                0x00000000c000242f                bitmap_check
                0x00000000c00024bc                bitmap_apply
                0x00000000c00025c6                bitmap_set
 .text          0x00000000c0002699      0xf96 build/memory.o
                0x00000000c00027de                get_pte_ptr
                0x00000000c000280e                get_pde_ptr
                0x00000000c0002908                malloc_page
                0x00000000c00029c3                get_kernel_pages
                0x00000000c0002a1e                get_user_pages
                0x00000000c0002a79                bind_vaddr_with_mempool
                0x00000000c0002bc5                vaddr_to_phyaddr
                0x00000000c0002bf1                get_arena_memblock
                0x00000000c0002c0c                get_arena_by_memblock
                0x00000000c0002c19                sys_malloc
                0x00000000c0002f32                phyaddr_free
                0x00000000c0003068                page_free
                0x00000000c0003144                sys_free
                0x00000000c00032b5                memory_pool_init
                0x00000000c000357d                mem_block_pool_init
                0x00000000c0003601                memory_init
 .text          0x00000000c000362f      0x170 build/list.o
                0x00000000c000362f                list_init
                0x00000000c000365d                list_insert_before
                0x00000000c0003689                list_push
                0x00000000c00036a1                list_append
                0x00000000c00036b9                list_remove
                0x00000000c00036ed                elem_find
                0x00000000c0003728                list_empty
                0x00000000c0003741                list_len
                0x00000000c0003776                list_pop
                0x00000000c0003795                list_traversal
 *fill*         0x00000000c000379f        0x1 
 .text          0x00000000c00037a0       0x15 build/switch.o
                0x00000000c00037a0                switch_to
 .text          0x00000000c00037b5      0x50d build/thread.o
                0x00000000c00037f4                sys_getpid
                0x00000000c0003808                get_curthread_pcb
                0x00000000c000381d                thread_schedule
                0x00000000c0003908                thread_block
                0x00000000c000396d                thread_unblock
                0x00000000c0003a14                init_thread_pcb
                0x00000000c0003ad7                init_thread_stack
                0x00000000c0003b48                thread_create
                0x00000000c0003c64                thread_init
 .text          0x00000000c0003cc2      0x127 build/semaphore.o
                0x00000000c0003cc2                semaphore_init
                0x00000000c0003ce5                semaphore_P
                0x00000000c0003d7c                semaphore_V
 .text          0x00000000c0003de9       0x66 build/lock.o
                0x00000000c0003de9                lock_init
                0x00000000c0003e19                lock_acquire
                0x00000000c0003e34                lock_release
 .text          0x00000000c0003e4f       0xfd build/condition_variable.o
                0x00000000c0003e4f                condition_init
                0x00000000c0003e67                condition_wait
                0x00000000c0003ee1                condition_notify
                0x00000000c0003f20                condition_notifyall
 .text          0x00000000c0003f4c       0xc6 build/console.o
                0x00000000c0003f4c                console_init
                0x00000000c0003f65                console_put_str
                0x00000000c0003f9c                console_put_char
                0x00000000c0003fdb                console_put_int
 .text          0x00000000c0004012      0x279 build/keyboard.o
                0x00000000c000402f                keyboard_interrupt_handle
                0x00000000c0004240                keyboard_init
 .text          0x00000000c000428b      0x16d build/ioqueue.o
                0x00000000c000428b                ioqueue_putchar
                0x00000000c000431f                ioqueue_getchar
                0x00000000c00043a8                ioqueue_init
 .text          0x00000000c00043f8      0x280 build/tss.o
                0x00000000c00043f8                tss_update_esp0
                0x00000000c000440b                tss_init
 .text          0x00000000c0004678      0x360 build/process.o
                0x00000000c0004678                process_start
                0x00000000c0004744                process_pgdir_active
                0x00000000c0004779                process_active
                0x00000000c00047c7                process_create_pgdir
                0x00000000c0004856                process_bitmap_create
                0x00000000c00048b8                process_execute
 .text          0x00000000c00049d8       0xe5 build/syscall.o
                0x00000000c00049d8                sys_write
                0x00000000c00049fc                syscall_init
                0x00000000c0004a4d                getpid
                0x00000000c0004a62                write
                0x00000000c0004a81                malloc
                0x00000000c0004aa0                free
 .text          0x00000000c0004abd      0x28f build/stdio.o
                0x00000000c0004b44                vsprintf
                0x00000000c0004cc1                sprintf
                0x00000000c0004cf1                printf
 .text          0x00000000c0004d4c       0x5c build/stdio_kernel.o
                0x00000000c0004d4c                printk
 *(.gnu.warning)

.fini
 *(SORT_NONE(.fini))
                [!provide]                        PROVIDE (__etext = .)
                [!provide]                        PROVIDE (_etext = .)
                [!provide]                        PROVIDE (etext = .)

.rodata         0x00000000c0004da8      0x8c7
 *(.rodata .rodata.* .gnu.linkonce.r.*)
 .rodata        0x00000000c0004da8       0x56 build/main.o
 *fill*         0x00000000c0004dfe        0x2 
 .rodata        0x00000000c0004e00       0xf4 build/interrupt.o
 .rodata        0x00000000c0004ef4       0x5a build/timer.o
 .rodata        0x00000000c0004f4e       0x32 build/debug.o
 .rodata        0x00000000c0004f80       0x6b build/string.o
 *fill*         0x00000000c0004feb        0x1 
 .rodata        0x00000000c0004fec       0x83 build/bitmap.o
 *fill*         0x00000000c000506f        0x1 
 .rodata        0x00000000c0005070      0x281 build/memory.o
 *fill*         0x00000000c00052f1        0x3 
 .rodata        0x00000000c00052f4      0x1e6 build/thread.o
 *fill*         0x00000000c00054da        0x2 
 .rodata        0x00000000c00054dc       0x2a build/semaphore.o
 *fill*         0x00000000c0005506        0x2 
 .rodata        0x00000000c0005508       0x2d build/condition_variable.o
 .rodata        0x00000000c0005535       0x39 build/keyboard.o
 .rodata        0x00000000c000556e       0x21 build/tss.o
 *fill*         0x00000000c000558f        0x1 
 .rodata        0x00000000c0005590       0xb8 build/process.o
 .rodata        0x00000000c0005648       0x27 build/syscall.o

.rodata1
 *(.rodata1)

.eh_frame_hdr
 *(.eh_frame_hdr)
 *(.eh_frame_entry .eh_frame_entry.*)

.eh_frame       0x00000000c0005670      0xe00
 *(.eh_frame)
 .eh_frame      0x00000000c0005670       0x74 build/main.o
 .eh_frame      0x00000000c00056e4      0x184 build/interrupt.o
                                        0x19c (size before relaxing)
 .eh_frame      0x00000000c0005868       0x8c build/timer.o
                                         0xa4 (size before relaxing)
 .eh_frame      0x00000000c00058f4       0x1c build/debug.o
                                         0x34 (size before relaxing)
 .eh_frame      0x00000000c0005910       0x80 build/string.o
                                         0x98 (size before relaxing)
 .eh_frame      0x00000000c0005990       0x88 build/bitmap.o
                                         0xa0 (size before relaxing)
 .eh_frame      0x00000000c0005a18      0x2a0 build/memory.o
                                        0x2b8 (size before relaxing)
 .eh_frame      0x00000000c0005cb8      0x140 build/list.o
                                        0x158 (size before relaxing)
 .eh_frame      0x00000000c0005df8      0x180 build/thread.o
                                        0x198 (size before relaxing)
 .eh_frame      0x00000000c0005f78       0x60 build/semaphore.o
                                         0x78 (size before relaxing)
 .eh_frame      0x00000000c0005fd8       0x60 build/lock.o
                                         0x78 (size before relaxing)
 .eh_frame      0x00000000c0006038       0x80 build/condition_variable.o
                                         0x98 (size before relaxing)
 .eh_frame      0x00000000c00060b8       0x80 build/console.o
                                         0x98 (size before relaxing)
 .eh_frame      0x00000000c0006138       0x60 build/keyboard.o
                                         0x78 (size before relaxing)
 .eh_frame      0x00000000c0006198       0x60 build/ioqueue.o
                                         0x78 (size before relaxing)
 .eh_frame      0x00000000c00061f8       0x40 build/tss.o
                                         0x58 (size before relaxing)
 .eh_frame      0x00000000c0006238       0xc0 build/process.o
                                         0xd8 (size before relaxing)
 .eh_frame      0x00000000c00062f8       0xcc build/syscall.o
                                         0xe4 (size before relaxing)
 .eh_frame      0x00000000c00063c4       0x88 build/stdio.o
                                         0xa0 (size before relaxing)
 .eh_frame      0x00000000c000644c       0x24 build/stdio_kernel.o
                                         0x3c (size before relaxing)
 *(.eh_frame.*)

.gcc_except_table
 *(.gcc_except_table .gcc_except_table.*)

.gnu_extab
 *(.gnu_extab*)

.exception_ranges
 *(.exception_ranges .exception_ranges*)
                0x00000000c0008000                . = DATA_SEGMENT_ALIGN (CONSTANT (MAXPAGESIZE), CONSTANT (COMMONPAGESIZE))

.eh_frame
 *(.eh_frame)
 *(.eh_frame.*)

.gnu_extab
 *(.gnu_extab)

.gcc_except_table
 *(.gcc_except_table .gcc_except_table.*)

.exception_ranges
 *(.exception_ranges .exception_ranges*)

.tdata
 *(.tdata .tdata.* .gnu.linkonce.td.*)

.tbss
 *(.tbss .tbss.* .gnu.linkonce.tb.*)
 *(.tcommon)

.preinit_array  0x00000000c0008000        0x0
                [!provide]                        PROVIDE (__preinit_array_start = .)
 *(.preinit_array)
                [!provide]                        PROVIDE (__preinit_array_end = .)

.init_array     0x00000000c0008000        0x0
                [!provide]                        PROVIDE (__init_array_start = .)
 *(SORT_BY_INIT_PRIORITY(.init_array.*) SORT_BY_INIT_PRIORITY(.ctors.*))
 *(.init_array EXCLUDE_FILE(*crtend?.o *crtend.o *crtbegin?.o *crtbegin.o) .ctors)
                [!provide]                        PROVIDE (__init_array_end = .)

.fini_array     0x00000000c0008000        0x0
                [!provide]                        PROVIDE (__fini_array_start = .)
 *(SORT_BY_INIT_PRIORITY(.fini_array.*) SORT_BY_INIT_PRIORITY(.dtors.*))
 *(.fini_array EXCLUDE_FILE(*crtend?.o *crtend.o *crtbegin?.o *crtbegin.o) .dtors)
                [!provide]                        PROVIDE (__fini_array_end = .)

.ctors
 *crtbegin.o(.ctors)
 *crtbegin?.o(.ctors)
 *(EXCLUDE_FILE(*crtend?.o *crtend.o) .ctors)
 *(SORT_BY_NAME(.ctors.*))
 *(.ctors)

.dtors
 *crtbegin.o(.dtors)
 *crtbegin?.o(.dtors)
 *(EXCLUDE_FILE(*crtend?.o *crtend.o) .dtors)
 *(SORT_BY_NAME(.dtors.*))
 *(.dtors)

.jcr
 *(.jcr)

.data.rel.ro
 *(.data.rel.ro.local* .gnu.linkonce.d.rel.ro.local.*)
 *(.data.rel.ro .data.rel.ro.* .gnu.linkonce.d.rel.ro.*)

.dynamic
 *(.dynamic)

.got            0x00000000c0008000        0x0
 *(.got)
 .got           0x00000000c0008000        0x0 build/main.o
 *(.igot)
                0x00000000c0008000                . = DATA_SEGMENT_RELRO_END (., (SIZEOF (.got.plt) >= 0xc)?0xc:0x0)

.got.plt        0x00000000c0008000        0x0
 *(.got.plt)
 .got.plt       0x00000000c0008000        0x0 build/main.o
 *(.igot.plt)
 .igot.plt      0x00000000c0008000        0x0 build/main.o

.data           0x00000000c0008000      0x156
 *(.data .data.* .gnu.linkonce.d.*)
 .data          0x00000000c0008000        0x0 build/main.o
 .data          0x00000000c0008000        0x0 build/interrupt.o
 .data          0x00000000c0008000        0x0 build/timer.o
 .data          0x00000000c0008000        0x0 build/debug.o
 .data          0x00000000c0008000        0x8 build/print.o
 .data          0x00000000c0008008       0xc0 build/kernel.o
                0x00000000c0008008                interrupt_hld_table
 .data          0x00000000c00080c8        0x0 build/string.o
 .data          0x00000000c00080c8        0x0 build/bitmap.o
 .data          0x00000000c00080c8        0x0 build/memory.o
 .data          0x00000000c00080c8        0x0 build/list.o
 .data          0x00000000c00080c8        0x0 build/thread.o
 .data          0x00000000c00080c8        0x0 build/semaphore.o
 .data          0x00000000c00080c8        0x0 build/lock.o
 .data          0x00000000c00080c8        0x0 build/condition_variable.o
 .data          0x00000000c00080c8        0x0 build/console.o
 *fill*         0x00000000c00080c8       0x18 
 .data          0x00000000c00080e0       0x76 build/keyboard.o
 .data          0x00000000c0008156        0x0 build/ioqueue.o
 .data          0x00000000c0008156        0x0 build/tss.o
 .data          0x00000000c0008156        0x0 build/process.o
 .data          0x00000000c0008156        0x0 build/syscall.o
 .data          0x00000000c0008156        0x0 build/stdio.o
 .data          0x00000000c0008156        0x0 build/stdio_kernel.o

.data1
 *(.data1)
                0x00000000c0008156                _edata = .
                [!provide]                        PROVIDE (edata = .)
                0x00000000c0008156                . = .
                0x00000000c0008156                __bss_start = .

.bss            0x00000000c0008160      0x914
 *(.dynbss)
 *(.bss .bss.* .gnu.linkonce.b.*)
 .bss           0x00000000c0008160        0x4 build/main.o
                0x00000000c0008160                a
 .bss           0x00000000c0008164        0x0 build/interrupt.o
 .bss           0x00000000c0008164        0x0 build/timer.o
 .bss           0x00000000c0008164        0x0 build/debug.o
 .bss           0x00000000c0008164        0x0 build/string.o
 .bss           0x00000000c0008164        0x0 build/bitmap.o
 *fill*         0x00000000c0008164       0x1c 
 .bss           0x00000000c0008180       0xa8 build/memory.o
 .bss           0x00000000c0008228        0x0 build/list.o
 .bss           0x00000000c0008228       0x22 build/thread.o
 .bss           0x00000000c000824a        0x0 build/semaphore.o
 .bss           0x00000000c000824a        0x0 build/lock.o
 .bss           0x00000000c000824a        0x0 build/condition_variable.o
 *fill*         0x00000000c000824a        0x2 
 .bss           0x00000000c000824c       0x1c build/console.o
 .bss           0x00000000c0008268       0x14 build/keyboard.o
 .bss           0x00000000c000827c        0x0 build/ioqueue.o
 *fill*         0x00000000c000827c        0x4 
 .bss           0x00000000c0008280       0x6c build/tss.o
 .bss           0x00000000c00082ec        0x0 build/process.o
 .bss           0x00000000c00082ec        0x0 build/syscall.o
 .bss           0x00000000c00082ec        0x0 build/stdio.o
 .bss           0x00000000c00082ec        0x0 build/stdio_kernel.o
 *(COMMON)
 *fill*         0x00000000c00082ec       0x14 
 COMMON         0x00000000c0008300      0x628 build/interrupt.o
                0x00000000c0008300                g_IDT_handle
                0x00000000c0008520                g_IDT
 *fill*         0x00000000c0008928       0x18 
 COMMON         0x00000000c0008940       0x6c build/memory.o
                0x00000000c0008940                kernel_memory_pool
                0x00000000c000896c                kernel_virtual_addr
                0x00000000c0008980                user_memory_pool
 COMMON         0x00000000c00089ac       0x24 build/thread.o
                0x00000000c00089ac                g_readyThreadList
                0x00000000c00089bc                g_allThreadList
                0x00000000c00089cc                g_curThreadTag
 *fill*         0x00000000c00089d0       0x10 
 COMMON         0x00000000c00089e0       0x84 build/keyboard.o
                0x00000000c00089e0                g_keyboardIOQueue
 COMMON         0x00000000c0008a64       0x10 build/syscall.o
                0x00000000c0008a64                g_Syscall_Table
                0x00000000c0008a74                . = ALIGN ((. != 0x0)?0x4:0x1)
                0x00000000c0008a74                . = ALIGN (0x4)
                0x00000000c0008a74                . = SEGMENT_START ("ldata-segment", .)
                0x00000000c0008a74                . = ALIGN (0x4)
                0x00000000c0008a74                _end = .
                [!provide]                        PROVIDE (end = .)
                0x00000000c0008a74                . = DATA_SEGMENT_END (.)

.stab
 *(.stab)

.stabstr
 *(.stabstr)

.stab.excl
 *(.stab.excl)

.stab.exclstr
 *(.stab.exclstr)

.stab.index
 *(.stab.index)

.stab.indexstr
 *(.stab.indexstr)

.comment        0x0000000000000000       0x29
 *(.comment)
 .comment       0x0000000000000000       0x29 build/main.o
                                         0x2a (size before relaxing)
 .comment       0x0000000000000029       0x2a build/interrupt.o
 .comment       0x0000000000000029       0x2a build/timer.o
 .comment       0x0000000000000029       0x2a build/debug.o
 .comment       0x0000000000000029       0x2a build/string.o
 .comment       0x0000000000000029       0x2a build/bitmap.o
 .comment       0x0000000000000029       0x2a build/memory.o
 .comment       0x0000000000000029       0x2a build/list.o
 .comment       0x0000000000000029       0x2a build/thread.o
 .comment       0x0000000000000029       0x2a build/semaphore.o
 .comment       0x0000000000000029       0x2a build/lock.o
 .comment       0x0000000000000029       0x2a build/condition_variable.o
 .comment       0x0000000000000029       0x2a build/console.o
 .comment       0x0000000000000029       0x2a build/keyboard.o
 .comment       0x0000000000000029       0x2a build/ioqueue.o
 .comment       0x0000000000000029       0x2a build/tss.o
 .comment       0x0000000000000029       0x2a build/process.o
 .comment       0x0000000000000029       0x2a build/syscall.o
 .comment       0x0000000000000029       0x2a build/stdio.o
 .comment       0x0000000000000029       0x2a build/stdio_kernel.o

.debug
 *(.debug)

.line
 *(.line)

.debug_srcinfo
 *(.debug_srcinfo)

.debug_sfnames
 *(.debug_sfnames)

.debug_aranges
 *(.debug_aranges)

.debug_pubnames
 *(.debug_pubnames)

.debug_info
 *(.debug_info .gnu.linkonce.wi.*)

.debug_abbrev
 *(.debug_abbrev)

.debug_line
 *(.debug_line .debug_line.* .debug_line_end)

.debug_frame
 *(.debug_frame)

.debug_str
 *(.debug_str)

.debug_loc
 *(.debug_loc)

.debug_macinfo
 *(.debug_macinfo)

.debug_weaknames
 *(.debug_weaknames)

.debug_funcnames
 *(.debug_funcnames)

.debug_typenames
 *(.debug_typenames)

.debug_varnames
 *(.debug_varnames)

.debug_pubtypes
 *(.debug_pubtypes)

.debug_ranges
 *(.debug_ranges)

.debug_macro
 *(.debug_macro)

.debug_addr
 *(.debug_addr)

.gnu.attributes
 *(.gnu.attributes)

/DISCARD/
 *(.note.GNU-stack)
 *(.gnu_debuglink)
 *(.gnu.lto_*)
OUTPUT(build/kernel.bin elf32-i386)
