
Allocating common symbols
Common symbol       size              file

g_IDT_handle        0xc0              build/interrupt.o
kernel_memory_pool  0x2c              build/memory.o
kernel_virtual_addr
                    0xc               build/memory.o
g_IDT               0x180             build/interrupt.o
g_curThreadTag      0x4               build/thread.o
user_memory_pool    0x2c              build/memory.o
g_keyboardIOQueue   0x84              build/keyboard.o

Discarded input sections

 .note.GNU-stack
                0x0000000000000000        0x0 build/main.o
 .note.GNU-stack
                0x0000000000000000        0x0 build/interrupt.o
 .note.GNU-stack
                0x0000000000000000        0x0 build/timer.o
 .note.GNU-stack
                0x0000000000000000        0x0 build/debug.o
 .note.GNU-stack
                0x0000000000000000        0x0 build/string.o
 .note.GNU-stack
                0x0000000000000000        0x0 build/bitmap.o
 .note.GNU-stack
                0x0000000000000000        0x0 build/memory.o
 .note.GNU-stack
                0x0000000000000000        0x0 build/list.o
 .note.GNU-stack
                0x0000000000000000        0x0 build/thread.o
 .note.GNU-stack
                0x0000000000000000        0x0 build/semaphore.o
 .note.GNU-stack
                0x0000000000000000        0x0 build/lock.o
 .note.GNU-stack
                0x0000000000000000        0x0 build/condition_variable.o
 .note.GNU-stack
                0x0000000000000000        0x0 build/console.o
 .note.GNU-stack
                0x0000000000000000        0x0 build/keyboard.o
 .note.GNU-stack
                0x0000000000000000        0x0 build/ioqueue.o
 .note.GNU-stack
                0x0000000000000000        0x0 build/tss.o

Memory Configuration

Name             Origin             Length             Attributes
*default*        0x0000000000000000 0xffffffffffffffff

Linker script and memory map

Address of section .text set to 0xc0001500
LOAD build/main.o
LOAD build/interrupt.o
LOAD build/timer.o
LOAD build/debug.o
LOAD build/print.o
LOAD build/kernel.o
LOAD build/string.o
LOAD build/bitmap.o
LOAD build/memory.o
LOAD build/list.o
LOAD build/switch.o
LOAD build/thread.o
LOAD build/semaphore.o
LOAD build/lock.o
LOAD build/condition_variable.o
LOAD build/console.o
LOAD build/keyboard.o
LOAD build/ioqueue.o
LOAD build/tss.o
                [!provide]                        PROVIDE (__executable_start = SEGMENT_START ("text-segment", 0x8048000))
                0x0000000008048094                . = (SEGMENT_START ("text-segment", 0x8048000) + SIZEOF_HEADERS)

.interp
 *(.interp)

.note.gnu.build-id
 *(.note.gnu.build-id)

.hash
 *(.hash)

.gnu.hash
 *(.gnu.hash)

.dynsym
 *(.dynsym)

.dynstr
 *(.dynstr)

.gnu.version
 *(.gnu.version)

.gnu.version_d
 *(.gnu.version_d)

.gnu.version_r
 *(.gnu.version_r)

.rel.dyn        0x0000000008048094        0x0
 *(.rel.init)
 *(.rel.text .rel.text.* .rel.gnu.linkonce.t.*)
 .rel.text      0x0000000008048094        0x0 build/main.o
 *(.rel.fini)
 *(.rel.rodata .rel.rodata.* .rel.gnu.linkonce.r.*)
 *(.rel.data.rel.ro .rel.data.rel.ro.* .rel.gnu.linkonce.d.rel.ro.*)
 *(.rel.data .rel.data.* .rel.gnu.linkonce.d.*)
 *(.rel.tdata .rel.tdata.* .rel.gnu.linkonce.td.*)
 *(.rel.tbss .rel.tbss.* .rel.gnu.linkonce.tb.*)
 *(.rel.ctors)
 *(.rel.dtors)
 *(.rel.got)
 .rel.got       0x0000000008048094        0x0 build/main.o
 *(.rel.bss .rel.bss.* .rel.gnu.linkonce.b.*)
 *(.rel.ifunc)

.rel.plt        0x0000000008048094        0x0
 *(.rel.plt)
                [!provide]                        PROVIDE (__rel_iplt_start = .)
 *(.rel.iplt)
 .rel.iplt      0x0000000008048094        0x0 build/main.o
                [!provide]                        PROVIDE (__rel_iplt_end = .)

.init
 *(SORT_NONE(.init))

.plt            0x0000000008048098        0x0
 *(.plt)
 *(.iplt)
 .iplt          0x0000000008048098        0x0 build/main.o

.plt.got
 *(.plt.got)

.plt.sec
 *(.plt.sec)

.text           0x00000000c0001500     0x2822
 *(.text.unlikely .text.*_unlikely .text.unlikely.*)
 *(.text.exit .text.exit.*)
 *(.text.startup .text.startup.*)
 *(.text.hot .text.hot.*)
 *(.text .stub .text.* .gnu.linkonce.t.*)
 .text          0x00000000c0001500       0x8f build/main.o
                0x00000000c0001500                main
                0x00000000c0001561                thread_A
 .text          0x00000000c000158f      0x354 build/interrupt.o
                0x00000000c00015ae                make_idt_desc
                0x00000000c00015f1                idt_desc_init
                0x00000000c0001655                interrupt_handle
                0x00000000c00016c2                exception_init
                0x00000000c000170c                register_interrupt_handle
                0x00000000c000175e                pic_init
                0x00000000c0001832                interrupt_enable
                0x00000000c0001839                interrupt_disable
                0x00000000c0001840                set_interrupt_status
                0x00000000c0001858                get_interrupt_status
                0x00000000c0001875                idt_init
 .text          0x00000000c00018e3      0x1af build/timer.o
                0x00000000c0001993                timer_set
                0x00000000c0001a3d                timer_init
 .text          0x00000000c0001a92       0xca build/debug.o
                0x00000000c0001a92                panic_spain
 *fill*         0x00000000c0001b5c        0x4 
 .text          0x00000000c0001b60      0x14e build/print.o
                0x00000000c0001b60                put_int
                0x00000000c0001bc3                put_str
                0x00000000c0001be1                put_char
 *fill*         0x00000000c0001cae        0x2 
 .text          0x00000000c0001cb0      0x537 build/kernel.o
                0x00000000c0001cb0                interrupt_exit
 .text          0x00000000c00021e7       0xc6 build/string.o
                0x00000000c00021e7                memset
                0x00000000c0002258                strcpy
 .text          0x00000000c00022ad      0x28d build/bitmap.o
                0x00000000c00022ad                bitmap_init
                0x00000000c00022d0                bitmap_check
                0x00000000c000235d                bitmap_apply
                0x00000000c0002467                bitmap_set
 .text          0x00000000c000253a      0x83e build/memory.o
                0x00000000c000267f                get_pte_ptr
                0x00000000c00026af                get_pde_ptr
                0x00000000c00027a9                malloc_page
                0x00000000c0002864                get_kernel_pages
                0x00000000c00028bf                get_user_pages
                0x00000000c000291a                bind_vaddr_with_mempool
                0x00000000c0002a66                vaddr_to_phyaddr
                0x00000000c0002a92                memory_pool_init
                0x00000000c0002d5a                memory_init
 .text          0x00000000c0002d78      0x170 build/list.o
                0x00000000c0002d78                list_init
                0x00000000c0002da6                list_insert_before
                0x00000000c0002dd2                list_push
                0x00000000c0002dea                list_append
                0x00000000c0002e02                list_remove
                0x00000000c0002e36                elem_find
                0x00000000c0002e71                list_empty
                0x00000000c0002e8a                list_len
                0x00000000c0002ebf                list_pop
                0x00000000c0002ede                list_traversal
 *fill*         0x00000000c0002ee8        0x8 
 .text          0x00000000c0002ef0       0x15 build/switch.o
                0x00000000c0002ef0                switch_to
 .text          0x00000000c0002f05      0x483 build/thread.o
                0x00000000c0002f05                get_curthread_pcb
                0x00000000c0002f1a                thread_schedule
                0x00000000c0002ff7                thread_block
                0x00000000c000305c                thread_unblock
                0x00000000c000321e                thread_create
                0x00000000c000333a                thread_init
 .text          0x00000000c0003388      0x127 build/semaphore.o
                0x00000000c0003388                semaphore_init
                0x00000000c00033ab                semaphore_P
                0x00000000c0003442                semaphore_V
 .text          0x00000000c00034af       0x66 build/lock.o
                0x00000000c00034af                lock_init
                0x00000000c00034df                lock_acquire
                0x00000000c00034fa                lock_release
 .text          0x00000000c0003515       0xfd build/condition_variable.o
                0x00000000c0003515                condition_init
                0x00000000c000352d                condition_wait
                0x00000000c00035a7                condition_notify
                0x00000000c00035e6                condition_notifyall
 .text          0x00000000c0003612       0xc6 build/console.o
                0x00000000c0003612                console_init
                0x00000000c000362b                console_put_str
                0x00000000c0003662                console_put_char
                0x00000000c00036a1                console_put_int
 .text          0x00000000c00036d8      0x279 build/keyboard.o
                0x00000000c00036f5                keyboard_interrupt_handle
                0x00000000c0003906                keyboard_init
 .text          0x00000000c0003951      0x16d build/ioqueue.o
                0x00000000c0003951                ioqueue_putchar
                0x00000000c00039e5                ioqueue_getchar
                0x00000000c0003a6e                ioqueue_init
 .text          0x00000000c0003abe      0x264 build/tss.o
                0x00000000c0003abe                tss_init
 *(.gnu.warning)

.fini
 *(SORT_NONE(.fini))
                [!provide]                        PROVIDE (__etext = .)
                [!provide]                        PROVIDE (_etext = .)
                [!provide]                        PROVIDE (etext = .)

.rodata         0x00000000c0003d24      0x66b
 *(.rodata .rodata.* .gnu.linkonce.r.*)
 .rodata        0x00000000c0003d24       0x18 build/main.o
 .rodata        0x00000000c0003d3c       0xf4 build/interrupt.o
 .rodata        0x00000000c0003e30       0x5a build/timer.o
 .rodata        0x00000000c0003e8a       0x32 build/debug.o
 .rodata        0x00000000c0003ebc       0x4f build/string.o
 *fill*         0x00000000c0003f0b        0x1 
 .rodata        0x00000000c0003f0c       0x83 build/bitmap.o
 *fill*         0x00000000c0003f8f        0x1 
 .rodata        0x00000000c0003f90      0x164 build/memory.o
 .rodata        0x00000000c00040f4      0x1e6 build/thread.o
 *fill*         0x00000000c00042da        0x2 
 .rodata        0x00000000c00042dc       0x2a build/semaphore.o
 *fill*         0x00000000c0004306        0x2 
 .rodata        0x00000000c0004308       0x2d build/condition_variable.o
 .rodata        0x00000000c0004335       0x39 build/keyboard.o
 .rodata        0x00000000c000436e       0x21 build/tss.o

.rodata1
 *(.rodata1)

.eh_frame_hdr
 *(.eh_frame_hdr)
 *(.eh_frame_entry .eh_frame_entry.*)

.eh_frame       0x00000000c0004390      0x9ec
 *(.eh_frame)
 .eh_frame      0x00000000c0004390       0x58 build/main.o
 .eh_frame      0x00000000c00043e8      0x184 build/interrupt.o
                                        0x19c (size before relaxing)
 .eh_frame      0x00000000c000456c       0x8c build/timer.o
                                         0xa4 (size before relaxing)
 .eh_frame      0x00000000c00045f8       0x1c build/debug.o
                                         0x34 (size before relaxing)
 .eh_frame      0x00000000c0004614       0x40 build/string.o
                                         0x58 (size before relaxing)
 .eh_frame      0x00000000c0004654       0x88 build/bitmap.o
                                         0xa0 (size before relaxing)
 .eh_frame      0x00000000c00046dc      0x180 build/memory.o
                                        0x198 (size before relaxing)
 .eh_frame      0x00000000c000485c      0x140 build/list.o
                                        0x158 (size before relaxing)
 .eh_frame      0x00000000c000499c      0x140 build/thread.o
                                        0x158 (size before relaxing)
 .eh_frame      0x00000000c0004adc       0x60 build/semaphore.o
                                         0x78 (size before relaxing)
 .eh_frame      0x00000000c0004b3c       0x60 build/lock.o
                                         0x78 (size before relaxing)
 .eh_frame      0x00000000c0004b9c       0x80 build/condition_variable.o
                                         0x98 (size before relaxing)
 .eh_frame      0x00000000c0004c1c       0x80 build/console.o
                                         0x98 (size before relaxing)
 .eh_frame      0x00000000c0004c9c       0x60 build/keyboard.o
                                         0x78 (size before relaxing)
 .eh_frame      0x00000000c0004cfc       0x60 build/ioqueue.o
                                         0x78 (size before relaxing)
 .eh_frame      0x00000000c0004d5c       0x20 build/tss.o
                                         0x38 (size before relaxing)
 *(.eh_frame.*)

.gcc_except_table
 *(.gcc_except_table .gcc_except_table.*)

.gnu_extab
 *(.gnu_extab*)

.exception_ranges
 *(.exception_ranges .exception_ranges*)
                0x00000000c0006000                . = DATA_SEGMENT_ALIGN (CONSTANT (MAXPAGESIZE), CONSTANT (COMMONPAGESIZE))

.eh_frame
 *(.eh_frame)
 *(.eh_frame.*)

.gnu_extab
 *(.gnu_extab)

.gcc_except_table
 *(.gcc_except_table .gcc_except_table.*)

.exception_ranges
 *(.exception_ranges .exception_ranges*)

.tdata
 *(.tdata .tdata.* .gnu.linkonce.td.*)

.tbss
 *(.tbss .tbss.* .gnu.linkonce.tb.*)
 *(.tcommon)

.preinit_array  0x00000000c0006000        0x0
                [!provide]                        PROVIDE (__preinit_array_start = .)
 *(.preinit_array)
                [!provide]                        PROVIDE (__preinit_array_end = .)

.init_array     0x00000000c0006000        0x0
                [!provide]                        PROVIDE (__init_array_start = .)
 *(SORT_BY_INIT_PRIORITY(.init_array.*) SORT_BY_INIT_PRIORITY(.ctors.*))
 *(.init_array EXCLUDE_FILE(*crtend?.o *crtend.o *crtbegin?.o *crtbegin.o) .ctors)
                [!provide]                        PROVIDE (__init_array_end = .)

.fini_array     0x00000000c0006000        0x0
                [!provide]                        PROVIDE (__fini_array_start = .)
 *(SORT_BY_INIT_PRIORITY(.fini_array.*) SORT_BY_INIT_PRIORITY(.dtors.*))
 *(.fini_array EXCLUDE_FILE(*crtend?.o *crtend.o *crtbegin?.o *crtbegin.o) .dtors)
                [!provide]                        PROVIDE (__fini_array_end = .)

.ctors
 *crtbegin.o(.ctors)
 *crtbegin?.o(.ctors)
 *(EXCLUDE_FILE(*crtend?.o *crtend.o) .ctors)
 *(SORT_BY_NAME(.ctors.*))
 *(.ctors)

.dtors
 *crtbegin.o(.dtors)
 *crtbegin?.o(.dtors)
 *(EXCLUDE_FILE(*crtend?.o *crtend.o) .dtors)
 *(SORT_BY_NAME(.dtors.*))
 *(.dtors)

.jcr
 *(.jcr)

.data.rel.ro
 *(.data.rel.ro.local* .gnu.linkonce.d.rel.ro.local.*)
 *(.data.rel.ro .data.rel.ro.* .gnu.linkonce.d.rel.ro.*)

.dynamic
 *(.dynamic)

.got            0x00000000c0006000        0x0
 *(.got)
 .got           0x00000000c0006000        0x0 build/main.o
 *(.igot)
                0x00000000c0006000                . = DATA_SEGMENT_RELRO_END (., (SIZEOF (.got.plt) >= 0xc)?0xc:0x0)

.got.plt        0x00000000c0006000        0x0
 *(.got.plt)
 .got.plt       0x00000000c0006000        0x0 build/main.o
 *(.igot.plt)
 .igot.plt      0x00000000c0006000        0x0 build/main.o

.data           0x00000000c0006000      0x156
 *(.data .data.* .gnu.linkonce.d.*)
 .data          0x00000000c0006000        0x0 build/main.o
 .data          0x00000000c0006000        0x0 build/interrupt.o
 .data          0x00000000c0006000        0x0 build/timer.o
 .data          0x00000000c0006000        0x0 build/debug.o
 .data          0x00000000c0006000        0x8 build/print.o
 .data          0x00000000c0006008       0xc0 build/kernel.o
                0x00000000c0006008                interrupt_hld_table
 .data          0x00000000c00060c8        0x0 build/string.o
 .data          0x00000000c00060c8        0x0 build/bitmap.o
 .data          0x00000000c00060c8        0x0 build/memory.o
 .data          0x00000000c00060c8        0x0 build/list.o
 .data          0x00000000c00060c8        0x0 build/thread.o
 .data          0x00000000c00060c8        0x0 build/semaphore.o
 .data          0x00000000c00060c8        0x0 build/lock.o
 .data          0x00000000c00060c8        0x0 build/condition_variable.o
 .data          0x00000000c00060c8        0x0 build/console.o
 *fill*         0x00000000c00060c8       0x18 
 .data          0x00000000c00060e0       0x76 build/keyboard.o
 .data          0x00000000c0006156        0x0 build/ioqueue.o
 .data          0x00000000c0006156        0x0 build/tss.o

.data1
 *(.data1)
                0x00000000c0006156                _edata = .
                [!provide]                        PROVIDE (edata = .)
                0x00000000c0006156                . = .
                0x00000000c0006156                __bss_start = .

.bss            0x00000000c0006160      0x424
 *(.dynbss)
 *(.bss .bss.* .gnu.linkonce.b.*)
 .bss           0x00000000c0006160        0x0 build/main.o
 .bss           0x00000000c0006160        0x0 build/interrupt.o
 .bss           0x00000000c0006160        0x0 build/timer.o
 .bss           0x00000000c0006160        0x0 build/debug.o
 .bss           0x00000000c0006160        0x0 build/string.o
 .bss           0x00000000c0006160        0x0 build/bitmap.o
 .bss           0x00000000c0006160        0x0 build/memory.o
 .bss           0x00000000c0006160        0x0 build/list.o
 .bss           0x00000000c0006160       0x24 build/thread.o
 .bss           0x00000000c0006184        0x0 build/semaphore.o
 .bss           0x00000000c0006184        0x0 build/lock.o
 .bss           0x00000000c0006184        0x0 build/condition_variable.o
 .bss           0x00000000c0006184       0x1c build/console.o
 .bss           0x00000000c00061a0       0x14 build/keyboard.o
 .bss           0x00000000c00061b4        0x0 build/ioqueue.o
 *fill*         0x00000000c00061b4        0xc 
 .bss           0x00000000c00061c0       0x6c build/tss.o
 *(COMMON)
 *fill*         0x00000000c000622c       0x14 
 COMMON         0x00000000c0006240      0x240 build/interrupt.o
                0x00000000c0006240                g_IDT_handle
                0x00000000c0006300                g_IDT
 COMMON         0x00000000c0006480       0x6c build/memory.o
                0x00000000c0006480                kernel_memory_pool
                0x00000000c00064ac                kernel_virtual_addr
                0x00000000c00064c0                user_memory_pool
 COMMON         0x00000000c00064ec        0x4 build/thread.o
                0x00000000c00064ec                g_curThreadTag
 *fill*         0x00000000c00064f0       0x10 
 COMMON         0x00000000c0006500       0x84 build/keyboard.o
                0x00000000c0006500                g_keyboardIOQueue
                0x00000000c0006584                . = ALIGN ((. != 0x0)?0x4:0x1)
                0x00000000c0006584                . = ALIGN (0x4)
                0x00000000c0006584                . = SEGMENT_START ("ldata-segment", .)
                0x00000000c0006584                . = ALIGN (0x4)
                0x00000000c0006584                _end = .
                [!provide]                        PROVIDE (end = .)
                0x00000000c0006584                . = DATA_SEGMENT_END (.)

.stab
 *(.stab)

.stabstr
 *(.stabstr)

.stab.excl
 *(.stab.excl)

.stab.exclstr
 *(.stab.exclstr)

.stab.index
 *(.stab.index)

.stab.indexstr
 *(.stab.indexstr)

.comment        0x0000000000000000       0x29
 *(.comment)
 .comment       0x0000000000000000       0x29 build/main.o
                                         0x2a (size before relaxing)
 .comment       0x0000000000000029       0x2a build/interrupt.o
 .comment       0x0000000000000029       0x2a build/timer.o
 .comment       0x0000000000000029       0x2a build/debug.o
 .comment       0x0000000000000029       0x2a build/string.o
 .comment       0x0000000000000029       0x2a build/bitmap.o
 .comment       0x0000000000000029       0x2a build/memory.o
 .comment       0x0000000000000029       0x2a build/list.o
 .comment       0x0000000000000029       0x2a build/thread.o
 .comment       0x0000000000000029       0x2a build/semaphore.o
 .comment       0x0000000000000029       0x2a build/lock.o
 .comment       0x0000000000000029       0x2a build/condition_variable.o
 .comment       0x0000000000000029       0x2a build/console.o
 .comment       0x0000000000000029       0x2a build/keyboard.o
 .comment       0x0000000000000029       0x2a build/ioqueue.o
 .comment       0x0000000000000029       0x2a build/tss.o

.debug
 *(.debug)

.line
 *(.line)

.debug_srcinfo
 *(.debug_srcinfo)

.debug_sfnames
 *(.debug_sfnames)

.debug_aranges
 *(.debug_aranges)

.debug_pubnames
 *(.debug_pubnames)

.debug_info
 *(.debug_info .gnu.linkonce.wi.*)

.debug_abbrev
 *(.debug_abbrev)

.debug_line
 *(.debug_line .debug_line.* .debug_line_end)

.debug_frame
 *(.debug_frame)

.debug_str
 *(.debug_str)

.debug_loc
 *(.debug_loc)

.debug_macinfo
 *(.debug_macinfo)

.debug_weaknames
 *(.debug_weaknames)

.debug_funcnames
 *(.debug_funcnames)

.debug_typenames
 *(.debug_typenames)

.debug_varnames
 *(.debug_varnames)

.debug_pubtypes
 *(.debug_pubtypes)

.debug_ranges
 *(.debug_ranges)

.debug_macro
 *(.debug_macro)

.debug_addr
 *(.debug_addr)

.gnu.attributes
 *(.gnu.attributes)

/DISCARD/
 *(.note.GNU-stack)
 *(.gnu_debuglink)
 *(.gnu.lto_*)
OUTPUT(build/kernel.bin elf32-i386)
