
Allocating common symbols
Common symbol       size              file

g_IDT_handle        0x204             build/interrupt.o
kernel_memory_pool  0x2c              build/memory.o
g_readyThreadList   0x10              build/thread.o
kernel_virtual_addr
                    0xc               build/memory.o
g_allThreadList     0x10              build/thread.o
g_IDT               0x408             build/interrupt.o
g_curThreadTag      0x4               build/thread.o
user_memory_pool    0x2c              build/memory.o
g_Syscall_Table     0x10              build/syscall.o
g_keyboardIOQueue   0x84              build/keyboard.o
g_tickCount         0x4               build/timer.o

Discarded input sections

 .note.GNU-stack
                0x0000000000000000        0x0 build/main.o
 .note.GNU-stack
                0x0000000000000000        0x0 build/interrupt.o
 .note.GNU-stack
                0x0000000000000000        0x0 build/timer.o
 .note.GNU-stack
                0x0000000000000000        0x0 build/debug.o
 .note.GNU-stack
                0x0000000000000000        0x0 build/string.o
 .note.GNU-stack
                0x0000000000000000        0x0 build/bitmap.o
 .note.GNU-stack
                0x0000000000000000        0x0 build/memory.o
 .note.GNU-stack
                0x0000000000000000        0x0 build/list.o
 .note.GNU-stack
                0x0000000000000000        0x0 build/thread.o
 .note.GNU-stack
                0x0000000000000000        0x0 build/semaphore.o
 .note.GNU-stack
                0x0000000000000000        0x0 build/lock.o
 .note.GNU-stack
                0x0000000000000000        0x0 build/condition_variable.o
 .note.GNU-stack
                0x0000000000000000        0x0 build/console.o
 .note.GNU-stack
                0x0000000000000000        0x0 build/keyboard.o
 .note.GNU-stack
                0x0000000000000000        0x0 build/ioqueue.o
 .note.GNU-stack
                0x0000000000000000        0x0 build/tss.o
 .note.GNU-stack
                0x0000000000000000        0x0 build/process.o
 .note.GNU-stack
                0x0000000000000000        0x0 build/syscall.o
 .note.GNU-stack
                0x0000000000000000        0x0 build/stdio.o
 .note.GNU-stack
                0x0000000000000000        0x0 build/stdio_kernel.o
 .note.GNU-stack
                0x0000000000000000        0x0 build/ide.o

Memory Configuration

Name             Origin             Length             Attributes
*default*        0x0000000000000000 0xffffffffffffffff

Linker script and memory map

Address of section .text set to 0xc0001500
LOAD build/main.o
LOAD build/interrupt.o
LOAD build/timer.o
LOAD build/debug.o
LOAD build/print.o
LOAD build/kernel.o
LOAD build/string.o
LOAD build/bitmap.o
LOAD build/memory.o
LOAD build/list.o
LOAD build/switch.o
LOAD build/thread.o
LOAD build/semaphore.o
LOAD build/lock.o
LOAD build/condition_variable.o
LOAD build/console.o
LOAD build/keyboard.o
LOAD build/ioqueue.o
LOAD build/tss.o
LOAD build/process.o
LOAD build/syscall.o
LOAD build/stdio.o
LOAD build/stdio_kernel.o
LOAD build/ide.o
                [!provide]                        PROVIDE (__executable_start = SEGMENT_START ("text-segment", 0x8048000))
                0x0000000008048094                . = (SEGMENT_START ("text-segment", 0x8048000) + SIZEOF_HEADERS)

.interp
 *(.interp)

.note.gnu.build-id
 *(.note.gnu.build-id)

.hash
 *(.hash)

.gnu.hash
 *(.gnu.hash)

.dynsym
 *(.dynsym)

.dynstr
 *(.dynstr)

.gnu.version
 *(.gnu.version)

.gnu.version_d
 *(.gnu.version_d)

.gnu.version_r
 *(.gnu.version_r)

.rel.dyn        0x0000000008048094        0x0
 *(.rel.init)
 *(.rel.text .rel.text.* .rel.gnu.linkonce.t.*)
 .rel.text      0x0000000008048094        0x0 build/main.o
 *(.rel.fini)
 *(.rel.rodata .rel.rodata.* .rel.gnu.linkonce.r.*)
 *(.rel.data.rel.ro .rel.data.rel.ro.* .rel.gnu.linkonce.d.rel.ro.*)
 *(.rel.data .rel.data.* .rel.gnu.linkonce.d.*)
 *(.rel.tdata .rel.tdata.* .rel.gnu.linkonce.td.*)
 *(.rel.tbss .rel.tbss.* .rel.gnu.linkonce.tb.*)
 *(.rel.ctors)
 *(.rel.dtors)
 *(.rel.got)
 .rel.got       0x0000000008048094        0x0 build/main.o
 *(.rel.bss .rel.bss.* .rel.gnu.linkonce.b.*)
 *(.rel.ifunc)

.rel.plt        0x0000000008048094        0x0
 *(.rel.plt)
                [!provide]                        PROVIDE (__rel_iplt_start = .)
 *(.rel.iplt)
 .rel.iplt      0x0000000008048094        0x0 build/main.o
                [!provide]                        PROVIDE (__rel_iplt_end = .)

.init
 *(SORT_NONE(.init))

.plt            0x0000000008048098        0x0
 *(.plt)
 *(.iplt)
 .iplt          0x0000000008048098        0x0 build/main.o

.plt.got
 *(.plt.got)

.plt.sec
 *(.plt.sec)

.text           0x00000000c0001500     0x4778
 *(.text.unlikely .text.*_unlikely .text.unlikely.*)
 *(.text.exit .text.exit.*)
 *(.text.startup .text.startup.*)
 *(.text.hot .text.hot.*)
 *(.text .stub .text.* .gnu.linkonce.t.*)
 .text          0x00000000c0001500       0xf6 build/main.o
                0x00000000c0001500                main
                0x00000000c000156a                thread_A
                0x00000000c0001582                process_A
 .text          0x00000000c00015f6      0x374 build/interrupt.o
                0x00000000c0001615                make_idt_desc
                0x00000000c0001658                idt_desc_init
                0x00000000c00016d9                interrupt_handle
                0x00000000c0001746                exception_init
                0x00000000c0001793                register_interrupt_handle
                0x00000000c00017e5                pic_init
                0x00000000c00018b9                interrupt_enable
                0x00000000c00018c0                interrupt_disable
                0x00000000c00018c7                set_interrupt_status
                0x00000000c00018df                get_interrupt_status
                0x00000000c00018fc                idt_init
 .text          0x00000000c000196a      0x218 build/timer.o
                0x00000000c0001a4f                m_sleep
                0x00000000c0001a83                timer_set
                0x00000000c0001b2d                timer_init
 .text          0x00000000c0001b82       0xca build/debug.o
                0x00000000c0001b82                panic_spain
 *fill*         0x00000000c0001c4c        0x4 
 .text          0x00000000c0001c50      0x14e build/print.o
                0x00000000c0001c50                put_int
                0x00000000c0001cb3                put_str
                0x00000000c0001cd1                put_char
 *fill*         0x00000000c0001d9e        0x2 
 .text          0x00000000c0001da0      0x55b build/kernel.o
                0x00000000c0001da0                interrupt_exit
                0x00000000c00022d7                syscall_handler
 .text          0x00000000c00022fb      0x171 build/string.o
                0x00000000c00022fb                memset
                0x00000000c000236c                memcpy
                0x00000000c00023cc                strcpy
                0x00000000c0002421                strlen
 .text          0x00000000c000246c      0x28d build/bitmap.o
                0x00000000c000246c                bitmap_init
                0x00000000c000248f                bitmap_check
                0x00000000c000251c                bitmap_apply
                0x00000000c0002626                bitmap_set
 .text          0x00000000c00026f9      0xf96 build/memory.o
                0x00000000c000283e                get_pte_ptr
                0x00000000c000286e                get_pde_ptr
                0x00000000c0002968                malloc_page
                0x00000000c0002a23                get_kernel_pages
                0x00000000c0002a7e                get_user_pages
                0x00000000c0002ad9                bind_vaddr_with_mempool
                0x00000000c0002c25                vaddr_to_phyaddr
                0x00000000c0002c51                get_arena_memblock
                0x00000000c0002c6c                get_arena_by_memblock
                0x00000000c0002c79                sys_malloc
                0x00000000c0002f92                phyaddr_free
                0x00000000c00030c8                page_free
                0x00000000c00031a4                sys_free
                0x00000000c0003315                memory_pool_init
                0x00000000c00035dd                mem_block_pool_init
                0x00000000c0003661                memory_init
 .text          0x00000000c000368f      0x1c0 build/list.o
                0x00000000c000368f                list_init
                0x00000000c00036bd                list_insert_before
                0x00000000c00036e9                list_push
                0x00000000c0003701                list_append
                0x00000000c0003719                list_remove
                0x00000000c000374d                elem_find
                0x00000000c0003788                list_empty
                0x00000000c00037a1                list_len
                0x00000000c00037d6                list_pop
                0x00000000c00037f5                list_traversal
 *fill*         0x00000000c000384f        0x1 
 .text          0x00000000c0003850       0x15 build/switch.o
                0x00000000c0003850                switch_to
 .text          0x00000000c0003865      0x5ea build/thread.o
                0x00000000c00038bb                sys_getpid
                0x00000000c00038cf                get_curthread_pcb
                0x00000000c00038e4                thread_schedule
                0x00000000c00039f4                thread_block
                0x00000000c0003a59                thread_unblock
                0x00000000c0003b00                thread_yield
                0x00000000c0003b86                init_thread_pcb
                0x00000000c0003c49                init_thread_stack
                0x00000000c0003cba                thread_create
                0x00000000c0003dd6                thread_init
 .text          0x00000000c0003e4f      0x127 build/semaphore.o
                0x00000000c0003e4f                semaphore_init
                0x00000000c0003e72                semaphore_P
                0x00000000c0003f09                semaphore_V
 .text          0x00000000c0003f76       0x66 build/lock.o
                0x00000000c0003f76                lock_init
                0x00000000c0003fa6                lock_acquire
                0x00000000c0003fc1                lock_release
 .text          0x00000000c0003fdc       0xfd build/condition_variable.o
                0x00000000c0003fdc                condition_init
                0x00000000c0003ff4                condition_wait
                0x00000000c000406e                condition_notify
                0x00000000c00040ad                condition_notifyall
 .text          0x00000000c00040d9       0xc6 build/console.o
                0x00000000c00040d9                console_init
                0x00000000c00040f2                console_put_str
                0x00000000c0004129                console_put_char
                0x00000000c0004168                console_put_int
 .text          0x00000000c000419f      0x279 build/keyboard.o
                0x00000000c00041bc                keyboard_interrupt_handle
                0x00000000c00043cd                keyboard_init
 .text          0x00000000c0004418      0x16d build/ioqueue.o
                0x00000000c0004418                ioqueue_putchar
                0x00000000c00044ac                ioqueue_getchar
                0x00000000c0004535                ioqueue_init
 .text          0x00000000c0004585      0x280 build/tss.o
                0x00000000c0004585                tss_update_esp0
                0x00000000c0004598                tss_init
 .text          0x00000000c0004805      0x360 build/process.o
                0x00000000c0004805                process_start
                0x00000000c00048d1                process_pgdir_active
                0x00000000c0004906                process_active
                0x00000000c0004954                process_create_pgdir
                0x00000000c00049e3                process_bitmap_create
                0x00000000c0004a45                process_execute
 .text          0x00000000c0004b65       0xe5 build/syscall.o
                0x00000000c0004b65                sys_write
                0x00000000c0004b89                syscall_init
                0x00000000c0004bda                getpid
                0x00000000c0004bef                write
                0x00000000c0004c0e                malloc
                0x00000000c0004c2d                free
 .text          0x00000000c0004c4a      0x28f build/stdio.o
                0x00000000c0004cd1                vsprintf
                0x00000000c0004e4e                sprintf
                0x00000000c0004e7e                printf
 .text          0x00000000c0004ed9       0x5c build/stdio_kernel.o
                0x00000000c0004ed9                printk
 .text          0x00000000c0004f35      0xd43 build/ide.o
                0x00000000c0005453                ide_write
                0x00000000c000558c                ide_read
                0x00000000c0005996                hd_interrupt_handler
                0x00000000c0005a71                ide_init
 *(.gnu.warning)

.fini
 *(SORT_NONE(.fini))
                [!provide]                        PROVIDE (__etext = .)
                [!provide]                        PROVIDE (_etext = .)
                [!provide]                        PROVIDE (etext = .)

.rodata         0x00000000c0005c78      0xaf9
 *(.rodata .rodata.* .gnu.linkonce.r.*)
 .rodata        0x00000000c0005c78       0x56 build/main.o
 *fill*         0x00000000c0005cce        0x2 
 .rodata        0x00000000c0005cd0       0xf4 build/interrupt.o
 .rodata        0x00000000c0005dc4       0x5a build/timer.o
 .rodata        0x00000000c0005e1e       0x32 build/debug.o
 .rodata        0x00000000c0005e50       0x6b build/string.o
 *fill*         0x00000000c0005ebb        0x1 
 .rodata        0x00000000c0005ebc       0x83 build/bitmap.o
 *fill*         0x00000000c0005f3f        0x1 
 .rodata        0x00000000c0005f40      0x281 build/memory.o
 *fill*         0x00000000c00061c1        0x3 
 .rodata        0x00000000c00061c4      0x242 build/thread.o
 *fill*         0x00000000c0006406        0x2 
 .rodata        0x00000000c0006408       0x2a build/semaphore.o
 *fill*         0x00000000c0006432        0x2 
 .rodata        0x00000000c0006434       0x2d build/condition_variable.o
 .rodata        0x00000000c0006461       0x39 build/keyboard.o
 .rodata        0x00000000c000649a       0x21 build/tss.o
 *fill*         0x00000000c00064bb        0x1 
 .rodata        0x00000000c00064bc       0xb8 build/process.o
 .rodata        0x00000000c0006574       0x27 build/syscall.o
 *fill*         0x00000000c000659b        0x1 
 .rodata        0x00000000c000659c      0x1d5 build/ide.o

.rodata1
 *(.rodata1)

.eh_frame_hdr
 *(.eh_frame_hdr)
 *(.eh_frame_entry .eh_frame_entry.*)

.eh_frame       0x00000000c0006774     0x10d0
 *(.eh_frame)
 .eh_frame      0x00000000c0006774       0x74 build/main.o
 .eh_frame      0x00000000c00067e8      0x184 build/interrupt.o
                                        0x19c (size before relaxing)
 .eh_frame      0x00000000c000696c       0xcc build/timer.o
                                         0xe4 (size before relaxing)
 .eh_frame      0x00000000c0006a38       0x1c build/debug.o
                                         0x34 (size before relaxing)
 .eh_frame      0x00000000c0006a54       0x80 build/string.o
                                         0x98 (size before relaxing)
 .eh_frame      0x00000000c0006ad4       0x88 build/bitmap.o
                                         0xa0 (size before relaxing)
 .eh_frame      0x00000000c0006b5c      0x2a0 build/memory.o
                                        0x2b8 (size before relaxing)
 .eh_frame      0x00000000c0006dfc      0x140 build/list.o
                                        0x158 (size before relaxing)
 .eh_frame      0x00000000c0006f3c      0x1bc build/thread.o
                                        0x1d4 (size before relaxing)
 .eh_frame      0x00000000c00070f8       0x60 build/semaphore.o
                                         0x78 (size before relaxing)
 .eh_frame      0x00000000c0007158       0x60 build/lock.o
                                         0x78 (size before relaxing)
 .eh_frame      0x00000000c00071b8       0x80 build/condition_variable.o
                                         0x98 (size before relaxing)
 .eh_frame      0x00000000c0007238       0x80 build/console.o
                                         0x98 (size before relaxing)
 .eh_frame      0x00000000c00072b8       0x60 build/keyboard.o
                                         0x78 (size before relaxing)
 .eh_frame      0x00000000c0007318       0x60 build/ioqueue.o
                                         0x78 (size before relaxing)
 .eh_frame      0x00000000c0007378       0x40 build/tss.o
                                         0x58 (size before relaxing)
 .eh_frame      0x00000000c00073b8       0xc0 build/process.o
                                         0xd8 (size before relaxing)
 .eh_frame      0x00000000c0007478       0xcc build/syscall.o
                                         0xe4 (size before relaxing)
 .eh_frame      0x00000000c0007544       0x88 build/stdio.o
                                         0xa0 (size before relaxing)
 .eh_frame      0x00000000c00075cc       0x24 build/stdio_kernel.o
                                         0x3c (size before relaxing)
 .eh_frame      0x00000000c00075f0      0x254 build/ide.o
                                        0x26c (size before relaxing)
 *(.eh_frame.*)

.gcc_except_table
 *(.gcc_except_table .gcc_except_table.*)

.gnu_extab
 *(.gnu_extab*)

.exception_ranges
 *(.exception_ranges .exception_ranges*)
                0x00000000c0009000                . = DATA_SEGMENT_ALIGN (CONSTANT (MAXPAGESIZE), CONSTANT (COMMONPAGESIZE))

.eh_frame
 *(.eh_frame)
 *(.eh_frame.*)

.gnu_extab
 *(.gnu_extab)

.gcc_except_table
 *(.gcc_except_table .gcc_except_table.*)

.exception_ranges
 *(.exception_ranges .exception_ranges*)

.tdata
 *(.tdata .tdata.* .gnu.linkonce.td.*)

.tbss
 *(.tbss .tbss.* .gnu.linkonce.tb.*)
 *(.tcommon)

.preinit_array  0x00000000c0009000        0x0
                [!provide]                        PROVIDE (__preinit_array_start = .)
 *(.preinit_array)
                [!provide]                        PROVIDE (__preinit_array_end = .)

.init_array     0x00000000c0009000        0x0
                [!provide]                        PROVIDE (__init_array_start = .)
 *(SORT_BY_INIT_PRIORITY(.init_array.*) SORT_BY_INIT_PRIORITY(.ctors.*))
 *(.init_array EXCLUDE_FILE(*crtend?.o *crtend.o *crtbegin?.o *crtbegin.o) .ctors)
                [!provide]                        PROVIDE (__init_array_end = .)

.fini_array     0x00000000c0009000        0x0
                [!provide]                        PROVIDE (__fini_array_start = .)
 *(SORT_BY_INIT_PRIORITY(.fini_array.*) SORT_BY_INIT_PRIORITY(.dtors.*))
 *(.fini_array EXCLUDE_FILE(*crtend?.o *crtend.o *crtbegin?.o *crtbegin.o) .dtors)
                [!provide]                        PROVIDE (__fini_array_end = .)

.ctors
 *crtbegin.o(.ctors)
 *crtbegin?.o(.ctors)
 *(EXCLUDE_FILE(*crtend?.o *crtend.o) .ctors)
 *(SORT_BY_NAME(.ctors.*))
 *(.ctors)

.dtors
 *crtbegin.o(.dtors)
 *crtbegin?.o(.dtors)
 *(EXCLUDE_FILE(*crtend?.o *crtend.o) .dtors)
 *(SORT_BY_NAME(.dtors.*))
 *(.dtors)

.jcr
 *(.jcr)

.data.rel.ro
 *(.data.rel.ro.local* .gnu.linkonce.d.rel.ro.local.*)
 *(.data.rel.ro .data.rel.ro.* .gnu.linkonce.d.rel.ro.*)

.dynamic
 *(.dynamic)

.got            0x00000000c0009000        0x0
 *(.got)
 .got           0x00000000c0009000        0x0 build/main.o
 *(.igot)
                0x00000000c0009000                . = DATA_SEGMENT_RELRO_END (., (SIZEOF (.got.plt) >= 0xc)?0xc:0x0)

.got.plt        0x00000000c0009000        0x0
 *(.got.plt)
 .got.plt       0x00000000c0009000        0x0 build/main.o
 *(.igot.plt)
 .igot.plt      0x00000000c0009000        0x0 build/main.o

.data           0x00000000c0009000      0x156
 *(.data .data.* .gnu.linkonce.d.*)
 .data          0x00000000c0009000        0x0 build/main.o
 .data          0x00000000c0009000        0x0 build/interrupt.o
 .data          0x00000000c0009000        0x0 build/timer.o
 .data          0x00000000c0009000        0x0 build/debug.o
 .data          0x00000000c0009000        0x8 build/print.o
 .data          0x00000000c0009008       0xc0 build/kernel.o
                0x00000000c0009008                interrupt_hld_table
 .data          0x00000000c00090c8        0x0 build/string.o
 .data          0x00000000c00090c8        0x0 build/bitmap.o
 .data          0x00000000c00090c8        0x0 build/memory.o
 .data          0x00000000c00090c8        0x0 build/list.o
 .data          0x00000000c00090c8        0x0 build/thread.o
 .data          0x00000000c00090c8        0x0 build/semaphore.o
 .data          0x00000000c00090c8        0x0 build/lock.o
 .data          0x00000000c00090c8        0x0 build/condition_variable.o
 .data          0x00000000c00090c8        0x0 build/console.o
 *fill*         0x00000000c00090c8       0x18 
 .data          0x00000000c00090e0       0x76 build/keyboard.o
 .data          0x00000000c0009156        0x0 build/ioqueue.o
 .data          0x00000000c0009156        0x0 build/tss.o
 .data          0x00000000c0009156        0x0 build/process.o
 .data          0x00000000c0009156        0x0 build/syscall.o
 .data          0x00000000c0009156        0x0 build/stdio.o
 .data          0x00000000c0009156        0x0 build/stdio_kernel.o
 .data          0x00000000c0009156        0x0 build/ide.o

.data1
 *(.data1)
                0x00000000c0009156                _edata = .
                [!provide]                        PROVIDE (edata = .)
                0x00000000c0009156                . = .
                0x00000000c0009156                __bss_start = .

.bss            0x00000000c0009160     0x15f4
 *(.dynbss)
 *(.bss .bss.* .gnu.linkonce.b.*)
 .bss           0x00000000c0009160        0x4 build/main.o
                0x00000000c0009160                a
 .bss           0x00000000c0009164        0x0 build/interrupt.o
 .bss           0x00000000c0009164        0x0 build/timer.o
 .bss           0x00000000c0009164        0x0 build/debug.o
 .bss           0x00000000c0009164        0x0 build/string.o
 .bss           0x00000000c0009164        0x0 build/bitmap.o
 *fill*         0x00000000c0009164       0x1c 
 .bss           0x00000000c0009180       0xa8 build/memory.o
 .bss           0x00000000c0009228        0x0 build/list.o
 .bss           0x00000000c0009228       0x26 build/thread.o
 .bss           0x00000000c000924e        0x0 build/semaphore.o
 .bss           0x00000000c000924e        0x0 build/lock.o
 .bss           0x00000000c000924e        0x0 build/condition_variable.o
 *fill*         0x00000000c000924e        0x2 
 .bss           0x00000000c0009250       0x1c build/console.o
 .bss           0x00000000c000926c       0x14 build/keyboard.o
 .bss           0x00000000c0009280        0x0 build/ioqueue.o
 .bss           0x00000000c0009280       0x6c build/tss.o
 .bss           0x00000000c00092ec        0x0 build/process.o
 .bss           0x00000000c00092ec        0x0 build/syscall.o
 .bss           0x00000000c00092ec        0x0 build/stdio.o
 .bss           0x00000000c00092ec        0x0 build/stdio_kernel.o
 *fill*         0x00000000c00092ec       0x14 
 .bss           0x00000000c0009300      0xce0 build/ide.o
 *(COMMON)
 COMMON         0x00000000c0009fe0      0x628 build/interrupt.o
                0x00000000c0009fe0                g_IDT_handle
                0x00000000c000a200                g_IDT
 COMMON         0x00000000c000a608        0x4 build/timer.o
                0x00000000c000a608                g_tickCount
 *fill*         0x00000000c000a60c       0x14 
 COMMON         0x00000000c000a620       0x6c build/memory.o
                0x00000000c000a620                kernel_memory_pool
                0x00000000c000a64c                kernel_virtual_addr
                0x00000000c000a660                user_memory_pool
 COMMON         0x00000000c000a68c       0x24 build/thread.o
                0x00000000c000a68c                g_readyThreadList
                0x00000000c000a69c                g_allThreadList
                0x00000000c000a6ac                g_curThreadTag
 *fill*         0x00000000c000a6b0       0x10 
 COMMON         0x00000000c000a6c0       0x84 build/keyboard.o
                0x00000000c000a6c0                g_keyboardIOQueue
 COMMON         0x00000000c000a744       0x10 build/syscall.o
                0x00000000c000a744                g_Syscall_Table
                0x00000000c000a754                . = ALIGN ((. != 0x0)?0x4:0x1)
                0x00000000c000a754                . = ALIGN (0x4)
                0x00000000c000a754                . = SEGMENT_START ("ldata-segment", .)
                0x00000000c000a754                . = ALIGN (0x4)
                0x00000000c000a754                _end = .
                [!provide]                        PROVIDE (end = .)
                0x00000000c000a754                . = DATA_SEGMENT_END (.)

.stab
 *(.stab)

.stabstr
 *(.stabstr)

.stab.excl
 *(.stab.excl)

.stab.exclstr
 *(.stab.exclstr)

.stab.index
 *(.stab.index)

.stab.indexstr
 *(.stab.indexstr)

.comment        0x0000000000000000       0x29
 *(.comment)
 .comment       0x0000000000000000       0x29 build/main.o
                                         0x2a (size before relaxing)
 .comment       0x0000000000000029       0x2a build/interrupt.o
 .comment       0x0000000000000029       0x2a build/timer.o
 .comment       0x0000000000000029       0x2a build/debug.o
 .comment       0x0000000000000029       0x2a build/string.o
 .comment       0x0000000000000029       0x2a build/bitmap.o
 .comment       0x0000000000000029       0x2a build/memory.o
 .comment       0x0000000000000029       0x2a build/list.o
 .comment       0x0000000000000029       0x2a build/thread.o
 .comment       0x0000000000000029       0x2a build/semaphore.o
 .comment       0x0000000000000029       0x2a build/lock.o
 .comment       0x0000000000000029       0x2a build/condition_variable.o
 .comment       0x0000000000000029       0x2a build/console.o
 .comment       0x0000000000000029       0x2a build/keyboard.o
 .comment       0x0000000000000029       0x2a build/ioqueue.o
 .comment       0x0000000000000029       0x2a build/tss.o
 .comment       0x0000000000000029       0x2a build/process.o
 .comment       0x0000000000000029       0x2a build/syscall.o
 .comment       0x0000000000000029       0x2a build/stdio.o
 .comment       0x0000000000000029       0x2a build/stdio_kernel.o
 .comment       0x0000000000000029       0x2a build/ide.o

.debug
 *(.debug)

.line
 *(.line)

.debug_srcinfo
 *(.debug_srcinfo)

.debug_sfnames
 *(.debug_sfnames)

.debug_aranges
 *(.debug_aranges)

.debug_pubnames
 *(.debug_pubnames)

.debug_info
 *(.debug_info .gnu.linkonce.wi.*)

.debug_abbrev
 *(.debug_abbrev)

.debug_line
 *(.debug_line .debug_line.* .debug_line_end)

.debug_frame
 *(.debug_frame)

.debug_str
 *(.debug_str)

.debug_loc
 *(.debug_loc)

.debug_macinfo
 *(.debug_macinfo)

.debug_weaknames
 *(.debug_weaknames)

.debug_funcnames
 *(.debug_funcnames)

.debug_typenames
 *(.debug_typenames)

.debug_varnames
 *(.debug_varnames)

.debug_pubtypes
 *(.debug_pubtypes)

.debug_ranges
 *(.debug_ranges)

.debug_macro
 *(.debug_macro)

.debug_addr
 *(.debug_addr)

.gnu.attributes
 *(.gnu.attributes)

/DISCARD/
 *(.note.GNU-stack)
 *(.gnu_debuglink)
 *(.gnu.lto_*)
OUTPUT(build/kernel.bin elf32-i386)
