
Allocating common symbols
Common symbol       size              file

g_IDT_handle        0xc0              build/interrupt.o
kernel_memory_pool  0x2c              build/memory.o
g_readyThreadList   0x10              build/thread.o
kernel_virtual_addr
                    0xc               build/memory.o
g_allThreadList     0x10              build/thread.o
g_IDT               0x180             build/interrupt.o
g_curThreadTag      0x4               build/thread.o
user_memory_pool    0x2c              build/memory.o
g_keyboardIOQueue   0x84              build/keyboard.o

Discarded input sections

 .note.GNU-stack
                0x0000000000000000        0x0 build/main.o
 .note.GNU-stack
                0x0000000000000000        0x0 build/interrupt.o
 .note.GNU-stack
                0x0000000000000000        0x0 build/timer.o
 .note.GNU-stack
                0x0000000000000000        0x0 build/debug.o
 .note.GNU-stack
                0x0000000000000000        0x0 build/string.o
 .note.GNU-stack
                0x0000000000000000        0x0 build/bitmap.o
 .note.GNU-stack
                0x0000000000000000        0x0 build/memory.o
 .note.GNU-stack
                0x0000000000000000        0x0 build/list.o
 .note.GNU-stack
                0x0000000000000000        0x0 build/thread.o
 .note.GNU-stack
                0x0000000000000000        0x0 build/semaphore.o
 .note.GNU-stack
                0x0000000000000000        0x0 build/lock.o
 .note.GNU-stack
                0x0000000000000000        0x0 build/condition_variable.o
 .note.GNU-stack
                0x0000000000000000        0x0 build/console.o
 .note.GNU-stack
                0x0000000000000000        0x0 build/keyboard.o
 .note.GNU-stack
                0x0000000000000000        0x0 build/ioqueue.o
 .note.GNU-stack
                0x0000000000000000        0x0 build/tss.o
 .note.GNU-stack
                0x0000000000000000        0x0 build/process.o

Memory Configuration

Name             Origin             Length             Attributes
*default*        0x0000000000000000 0xffffffffffffffff

Linker script and memory map

Address of section .text set to 0xc0001500
LOAD build/main.o
LOAD build/interrupt.o
LOAD build/timer.o
LOAD build/debug.o
LOAD build/print.o
LOAD build/kernel.o
LOAD build/string.o
LOAD build/bitmap.o
LOAD build/memory.o
LOAD build/list.o
LOAD build/switch.o
LOAD build/thread.o
LOAD build/semaphore.o
LOAD build/lock.o
LOAD build/condition_variable.o
LOAD build/console.o
LOAD build/keyboard.o
LOAD build/ioqueue.o
LOAD build/tss.o
LOAD build/process.o
                [!provide]                        PROVIDE (__executable_start = SEGMENT_START ("text-segment", 0x8048000))
                0x0000000008048094                . = (SEGMENT_START ("text-segment", 0x8048000) + SIZEOF_HEADERS)

.interp
 *(.interp)

.note.gnu.build-id
 *(.note.gnu.build-id)

.hash
 *(.hash)

.gnu.hash
 *(.gnu.hash)

.dynsym
 *(.dynsym)

.dynstr
 *(.dynstr)

.gnu.version
 *(.gnu.version)

.gnu.version_d
 *(.gnu.version_d)

.gnu.version_r
 *(.gnu.version_r)

.rel.dyn        0x0000000008048094        0x0
 *(.rel.init)
 *(.rel.text .rel.text.* .rel.gnu.linkonce.t.*)
 .rel.text      0x0000000008048094        0x0 build/main.o
 *(.rel.fini)
 *(.rel.rodata .rel.rodata.* .rel.gnu.linkonce.r.*)
 *(.rel.data.rel.ro .rel.data.rel.ro.* .rel.gnu.linkonce.d.rel.ro.*)
 *(.rel.data .rel.data.* .rel.gnu.linkonce.d.*)
 *(.rel.tdata .rel.tdata.* .rel.gnu.linkonce.td.*)
 *(.rel.tbss .rel.tbss.* .rel.gnu.linkonce.tb.*)
 *(.rel.ctors)
 *(.rel.dtors)
 *(.rel.got)
 .rel.got       0x0000000008048094        0x0 build/main.o
 *(.rel.bss .rel.bss.* .rel.gnu.linkonce.b.*)
 *(.rel.ifunc)

.rel.plt        0x0000000008048094        0x0
 *(.rel.plt)
                [!provide]                        PROVIDE (__rel_iplt_start = .)
 *(.rel.iplt)
 .rel.iplt      0x0000000008048094        0x0 build/main.o
                [!provide]                        PROVIDE (__rel_iplt_end = .)

.init
 *(SORT_NONE(.init))

.plt            0x0000000008048098        0x0
 *(.plt)
 *(.iplt)
 .iplt          0x0000000008048098        0x0 build/main.o

.plt.got
 *(.plt.got)

.plt.sec
 *(.plt.sec)

.text           0x00000000c0001500     0x2c2f
 *(.text.unlikely .text.*_unlikely .text.unlikely.*)
 *(.text.exit .text.exit.*)
 *(.text.startup .text.startup.*)
 *(.text.hot .text.hot.*)
 *(.text .stub .text.* .gnu.linkonce.t.*)
 .text          0x00000000c0001500       0xbe build/main.o
                0x00000000c0001500                main
                0x00000000c0001576                thread_A
                0x00000000c00015ac                process_A
 .text          0x00000000c00015be      0x354 build/interrupt.o
                0x00000000c00015dd                make_idt_desc
                0x00000000c0001620                idt_desc_init
                0x00000000c0001684                interrupt_handle
                0x00000000c00016f1                exception_init
                0x00000000c000173b                register_interrupt_handle
                0x00000000c000178d                pic_init
                0x00000000c0001861                interrupt_enable
                0x00000000c0001868                interrupt_disable
                0x00000000c000186f                set_interrupt_status
                0x00000000c0001887                get_interrupt_status
                0x00000000c00018a4                idt_init
 .text          0x00000000c0001912      0x1af build/timer.o
                0x00000000c00019c2                timer_set
                0x00000000c0001a6c                timer_init
 .text          0x00000000c0001ac1       0xca build/debug.o
                0x00000000c0001ac1                panic_spain
 *fill*         0x00000000c0001b8b        0x5 
 .text          0x00000000c0001b90      0x14e build/print.o
                0x00000000c0001b90                put_int
                0x00000000c0001bf3                put_str
                0x00000000c0001c11                put_char
 *fill*         0x00000000c0001cde        0x2 
 .text          0x00000000c0001ce0      0x537 build/kernel.o
                0x00000000c0001ce0                interrupt_exit
 .text          0x00000000c0002217      0x126 build/string.o
                0x00000000c0002217                memset
                0x00000000c0002288                memcpy
                0x00000000c00022e8                strcpy
 .text          0x00000000c000233d      0x28d build/bitmap.o
                0x00000000c000233d                bitmap_init
                0x00000000c0002360                bitmap_check
                0x00000000c00023ed                bitmap_apply
                0x00000000c00024f7                bitmap_set
 .text          0x00000000c00025ca      0x83e build/memory.o
                0x00000000c000270f                get_pte_ptr
                0x00000000c000273f                get_pde_ptr
                0x00000000c0002839                malloc_page
                0x00000000c00028f4                get_kernel_pages
                0x00000000c000294f                get_user_pages
                0x00000000c00029aa                bind_vaddr_with_mempool
                0x00000000c0002af6                vaddr_to_phyaddr
                0x00000000c0002b22                memory_pool_init
                0x00000000c0002dea                memory_init
 .text          0x00000000c0002e08      0x170 build/list.o
                0x00000000c0002e08                list_init
                0x00000000c0002e36                list_insert_before
                0x00000000c0002e62                list_push
                0x00000000c0002e7a                list_append
                0x00000000c0002e92                list_remove
                0x00000000c0002ec6                elem_find
                0x00000000c0002f01                list_empty
                0x00000000c0002f1a                list_len
                0x00000000c0002f4f                list_pop
                0x00000000c0002f6e                list_traversal
 *fill*         0x00000000c0002f78        0x8 
 .text          0x00000000c0002f80       0x15 build/switch.o
                0x00000000c0002f80                switch_to
 .text          0x00000000c0002f95      0x496 build/thread.o
                0x00000000c0002f95                get_curthread_pcb
                0x00000000c0002faa                thread_schedule
                0x00000000c0003095                thread_block
                0x00000000c00030fa                thread_unblock
                0x00000000c00031a1                init_thread_pcb
                0x00000000c0003250                init_thread_stack
                0x00000000c00032c1                thread_create
                0x00000000c00033dd                thread_init
 .text          0x00000000c000342b      0x127 build/semaphore.o
                0x00000000c000342b                semaphore_init
                0x00000000c000344e                semaphore_P
                0x00000000c00034e5                semaphore_V
 .text          0x00000000c0003552       0x66 build/lock.o
                0x00000000c0003552                lock_init
                0x00000000c0003582                lock_acquire
                0x00000000c000359d                lock_release
 .text          0x00000000c00035b8       0xfd build/condition_variable.o
                0x00000000c00035b8                condition_init
                0x00000000c00035d0                condition_wait
                0x00000000c000364a                condition_notify
                0x00000000c0003689                condition_notifyall
 .text          0x00000000c00036b5       0xc6 build/console.o
                0x00000000c00036b5                console_init
                0x00000000c00036ce                console_put_str
                0x00000000c0003705                console_put_char
                0x00000000c0003744                console_put_int
 .text          0x00000000c000377b      0x279 build/keyboard.o
                0x00000000c0003798                keyboard_interrupt_handle
                0x00000000c00039a9                keyboard_init
 .text          0x00000000c00039f4      0x16d build/ioqueue.o
                0x00000000c00039f4                ioqueue_putchar
                0x00000000c0003a88                ioqueue_getchar
                0x00000000c0003b11                ioqueue_init
 .text          0x00000000c0003b61      0x280 build/tss.o
                0x00000000c0003b61                tss_update_esp0
                0x00000000c0003b74                tss_init
 .text          0x00000000c0003de1      0x34e build/process.o
                0x00000000c0003de1                process_start
                0x00000000c0003ead                process_pgdir_active
                0x00000000c0003ee2                process_active
                0x00000000c0003f30                process_create_pgdir
                0x00000000c0003fbf                process_bitmap_create
                0x00000000c0004021                process_execute
 *(.gnu.warning)

.fini
 *(SORT_NONE(.fini))
                [!provide]                        PROVIDE (__etext = .)
                [!provide]                        PROVIDE (_etext = .)
                [!provide]                        PROVIDE (etext = .)

.rodata         0x00000000c0004130      0x744
 *(.rodata .rodata.* .gnu.linkonce.r.*)
 .rodata        0x00000000c0004130       0x2f build/main.o
 *fill*         0x00000000c000415f        0x1 
 .rodata        0x00000000c0004160       0xf4 build/interrupt.o
 .rodata        0x00000000c0004254       0x5a build/timer.o
 .rodata        0x00000000c00042ae       0x32 build/debug.o
 .rodata        0x00000000c00042e0       0x57 build/string.o
 *fill*         0x00000000c0004337        0x1 
 .rodata        0x00000000c0004338       0x83 build/bitmap.o
 *fill*         0x00000000c00043bb        0x1 
 .rodata        0x00000000c00043bc      0x164 build/memory.o
 .rodata        0x00000000c0004520      0x1e6 build/thread.o
 *fill*         0x00000000c0004706        0x2 
 .rodata        0x00000000c0004708       0x2a build/semaphore.o
 *fill*         0x00000000c0004732        0x2 
 .rodata        0x00000000c0004734       0x2d build/condition_variable.o
 .rodata        0x00000000c0004761       0x39 build/keyboard.o
 .rodata        0x00000000c000479a       0x21 build/tss.o
 *fill*         0x00000000c00047bb        0x1 
 .rodata        0x00000000c00047bc       0xb8 build/process.o

.rodata1
 *(.rodata1)

.eh_frame_hdr
 *(.eh_frame_hdr)
 *(.eh_frame_entry .eh_frame_entry.*)

.eh_frame       0x00000000c0004874      0xb08
 *(.eh_frame)
 .eh_frame      0x00000000c0004874       0x74 build/main.o
 .eh_frame      0x00000000c00048e8      0x184 build/interrupt.o
                                        0x19c (size before relaxing)
 .eh_frame      0x00000000c0004a6c       0x8c build/timer.o
                                         0xa4 (size before relaxing)
 .eh_frame      0x00000000c0004af8       0x1c build/debug.o
                                         0x34 (size before relaxing)
 .eh_frame      0x00000000c0004b14       0x60 build/string.o
                                         0x78 (size before relaxing)
 .eh_frame      0x00000000c0004b74       0x88 build/bitmap.o
                                         0xa0 (size before relaxing)
 .eh_frame      0x00000000c0004bfc      0x180 build/memory.o
                                        0x198 (size before relaxing)
 .eh_frame      0x00000000c0004d7c      0x140 build/list.o
                                        0x158 (size before relaxing)
 .eh_frame      0x00000000c0004ebc      0x140 build/thread.o
                                        0x158 (size before relaxing)
 .eh_frame      0x00000000c0004ffc       0x60 build/semaphore.o
                                         0x78 (size before relaxing)
 .eh_frame      0x00000000c000505c       0x60 build/lock.o
                                         0x78 (size before relaxing)
 .eh_frame      0x00000000c00050bc       0x80 build/condition_variable.o
                                         0x98 (size before relaxing)
 .eh_frame      0x00000000c000513c       0x80 build/console.o
                                         0x98 (size before relaxing)
 .eh_frame      0x00000000c00051bc       0x60 build/keyboard.o
                                         0x78 (size before relaxing)
 .eh_frame      0x00000000c000521c       0x60 build/ioqueue.o
                                         0x78 (size before relaxing)
 .eh_frame      0x00000000c000527c       0x40 build/tss.o
                                         0x58 (size before relaxing)
 .eh_frame      0x00000000c00052bc       0xc0 build/process.o
                                         0xd8 (size before relaxing)
 *(.eh_frame.*)

.gcc_except_table
 *(.gcc_except_table .gcc_except_table.*)

.gnu_extab
 *(.gnu_extab*)

.exception_ranges
 *(.exception_ranges .exception_ranges*)
                0x00000000c0007000                . = DATA_SEGMENT_ALIGN (CONSTANT (MAXPAGESIZE), CONSTANT (COMMONPAGESIZE))

.eh_frame
 *(.eh_frame)
 *(.eh_frame.*)

.gnu_extab
 *(.gnu_extab)

.gcc_except_table
 *(.gcc_except_table .gcc_except_table.*)

.exception_ranges
 *(.exception_ranges .exception_ranges*)

.tdata
 *(.tdata .tdata.* .gnu.linkonce.td.*)

.tbss
 *(.tbss .tbss.* .gnu.linkonce.tb.*)
 *(.tcommon)

.preinit_array  0x00000000c0007000        0x0
                [!provide]                        PROVIDE (__preinit_array_start = .)
 *(.preinit_array)
                [!provide]                        PROVIDE (__preinit_array_end = .)

.init_array     0x00000000c0007000        0x0
                [!provide]                        PROVIDE (__init_array_start = .)
 *(SORT_BY_INIT_PRIORITY(.init_array.*) SORT_BY_INIT_PRIORITY(.ctors.*))
 *(.init_array EXCLUDE_FILE(*crtend?.o *crtend.o *crtbegin?.o *crtbegin.o) .ctors)
                [!provide]                        PROVIDE (__init_array_end = .)

.fini_array     0x00000000c0007000        0x0
                [!provide]                        PROVIDE (__fini_array_start = .)
 *(SORT_BY_INIT_PRIORITY(.fini_array.*) SORT_BY_INIT_PRIORITY(.dtors.*))
 *(.fini_array EXCLUDE_FILE(*crtend?.o *crtend.o *crtbegin?.o *crtbegin.o) .dtors)
                [!provide]                        PROVIDE (__fini_array_end = .)

.ctors
 *crtbegin.o(.ctors)
 *crtbegin?.o(.ctors)
 *(EXCLUDE_FILE(*crtend?.o *crtend.o) .ctors)
 *(SORT_BY_NAME(.ctors.*))
 *(.ctors)

.dtors
 *crtbegin.o(.dtors)
 *crtbegin?.o(.dtors)
 *(EXCLUDE_FILE(*crtend?.o *crtend.o) .dtors)
 *(SORT_BY_NAME(.dtors.*))
 *(.dtors)

.jcr
 *(.jcr)

.data.rel.ro
 *(.data.rel.ro.local* .gnu.linkonce.d.rel.ro.local.*)
 *(.data.rel.ro .data.rel.ro.* .gnu.linkonce.d.rel.ro.*)

.dynamic
 *(.dynamic)

.got            0x00000000c0007000        0x0
 *(.got)
 .got           0x00000000c0007000        0x0 build/main.o
 *(.igot)
                0x00000000c0007000                . = DATA_SEGMENT_RELRO_END (., (SIZEOF (.got.plt) >= 0xc)?0xc:0x0)

.got.plt        0x00000000c0007000        0x0
 *(.got.plt)
 .got.plt       0x00000000c0007000        0x0 build/main.o
 *(.igot.plt)
 .igot.plt      0x00000000c0007000        0x0 build/main.o

.data           0x00000000c0007000      0x156
 *(.data .data.* .gnu.linkonce.d.*)
 .data          0x00000000c0007000        0x0 build/main.o
 .data          0x00000000c0007000        0x0 build/interrupt.o
 .data          0x00000000c0007000        0x0 build/timer.o
 .data          0x00000000c0007000        0x0 build/debug.o
 .data          0x00000000c0007000        0x8 build/print.o
 .data          0x00000000c0007008       0xc0 build/kernel.o
                0x00000000c0007008                interrupt_hld_table
 .data          0x00000000c00070c8        0x0 build/string.o
 .data          0x00000000c00070c8        0x0 build/bitmap.o
 .data          0x00000000c00070c8        0x0 build/memory.o
 .data          0x00000000c00070c8        0x0 build/list.o
 .data          0x00000000c00070c8        0x0 build/thread.o
 .data          0x00000000c00070c8        0x0 build/semaphore.o
 .data          0x00000000c00070c8        0x0 build/lock.o
 .data          0x00000000c00070c8        0x0 build/condition_variable.o
 .data          0x00000000c00070c8        0x0 build/console.o
 *fill*         0x00000000c00070c8       0x18 
 .data          0x00000000c00070e0       0x76 build/keyboard.o
 .data          0x00000000c0007156        0x0 build/ioqueue.o
 .data          0x00000000c0007156        0x0 build/tss.o
 .data          0x00000000c0007156        0x0 build/process.o

.data1
 *(.data1)
                0x00000000c0007156                _edata = .
                [!provide]                        PROVIDE (edata = .)
                0x00000000c0007156                . = .
                0x00000000c0007156                __bss_start = .

.bss            0x00000000c0007160      0x424
 *(.dynbss)
 *(.bss .bss.* .gnu.linkonce.b.*)
 .bss           0x00000000c0007160        0x4 build/main.o
                0x00000000c0007160                a
 .bss           0x00000000c0007164        0x0 build/interrupt.o
 .bss           0x00000000c0007164        0x0 build/timer.o
 .bss           0x00000000c0007164        0x0 build/debug.o
 .bss           0x00000000c0007164        0x0 build/string.o
 .bss           0x00000000c0007164        0x0 build/bitmap.o
 .bss           0x00000000c0007164        0x0 build/memory.o
 .bss           0x00000000c0007164        0x0 build/list.o
 .bss           0x00000000c0007164        0x4 build/thread.o
 .bss           0x00000000c0007168        0x0 build/semaphore.o
 .bss           0x00000000c0007168        0x0 build/lock.o
 .bss           0x00000000c0007168        0x0 build/condition_variable.o
 .bss           0x00000000c0007168       0x1c build/console.o
 .bss           0x00000000c0007184       0x14 build/keyboard.o
 .bss           0x00000000c0007198        0x0 build/ioqueue.o
 *fill*         0x00000000c0007198        0x8 
 .bss           0x00000000c00071a0       0x6c build/tss.o
 .bss           0x00000000c000720c        0x0 build/process.o
 *(COMMON)
 *fill*         0x00000000c000720c       0x14 
 COMMON         0x00000000c0007220      0x240 build/interrupt.o
                0x00000000c0007220                g_IDT_handle
                0x00000000c00072e0                g_IDT
 COMMON         0x00000000c0007460       0x6c build/memory.o
                0x00000000c0007460                kernel_memory_pool
                0x00000000c000748c                kernel_virtual_addr
                0x00000000c00074a0                user_memory_pool
 COMMON         0x00000000c00074cc       0x24 build/thread.o
                0x00000000c00074cc                g_readyThreadList
                0x00000000c00074dc                g_allThreadList
                0x00000000c00074ec                g_curThreadTag
 *fill*         0x00000000c00074f0       0x10 
 COMMON         0x00000000c0007500       0x84 build/keyboard.o
                0x00000000c0007500                g_keyboardIOQueue
                0x00000000c0007584                . = ALIGN ((. != 0x0)?0x4:0x1)
                0x00000000c0007584                . = ALIGN (0x4)
                0x00000000c0007584                . = SEGMENT_START ("ldata-segment", .)
                0x00000000c0007584                . = ALIGN (0x4)
                0x00000000c0007584                _end = .
                [!provide]                        PROVIDE (end = .)
                0x00000000c0007584                . = DATA_SEGMENT_END (.)

.stab
 *(.stab)

.stabstr
 *(.stabstr)

.stab.excl
 *(.stab.excl)

.stab.exclstr
 *(.stab.exclstr)

.stab.index
 *(.stab.index)

.stab.indexstr
 *(.stab.indexstr)

.comment        0x0000000000000000       0x29
 *(.comment)
 .comment       0x0000000000000000       0x29 build/main.o
                                         0x2a (size before relaxing)
 .comment       0x0000000000000029       0x2a build/interrupt.o
 .comment       0x0000000000000029       0x2a build/timer.o
 .comment       0x0000000000000029       0x2a build/debug.o
 .comment       0x0000000000000029       0x2a build/string.o
 .comment       0x0000000000000029       0x2a build/bitmap.o
 .comment       0x0000000000000029       0x2a build/memory.o
 .comment       0x0000000000000029       0x2a build/list.o
 .comment       0x0000000000000029       0x2a build/thread.o
 .comment       0x0000000000000029       0x2a build/semaphore.o
 .comment       0x0000000000000029       0x2a build/lock.o
 .comment       0x0000000000000029       0x2a build/condition_variable.o
 .comment       0x0000000000000029       0x2a build/console.o
 .comment       0x0000000000000029       0x2a build/keyboard.o
 .comment       0x0000000000000029       0x2a build/ioqueue.o
 .comment       0x0000000000000029       0x2a build/tss.o
 .comment       0x0000000000000029       0x2a build/process.o

.debug
 *(.debug)

.line
 *(.line)

.debug_srcinfo
 *(.debug_srcinfo)

.debug_sfnames
 *(.debug_sfnames)

.debug_aranges
 *(.debug_aranges)

.debug_pubnames
 *(.debug_pubnames)

.debug_info
 *(.debug_info .gnu.linkonce.wi.*)

.debug_abbrev
 *(.debug_abbrev)

.debug_line
 *(.debug_line .debug_line.* .debug_line_end)

.debug_frame
 *(.debug_frame)

.debug_str
 *(.debug_str)

.debug_loc
 *(.debug_loc)

.debug_macinfo
 *(.debug_macinfo)

.debug_weaknames
 *(.debug_weaknames)

.debug_funcnames
 *(.debug_funcnames)

.debug_typenames
 *(.debug_typenames)

.debug_varnames
 *(.debug_varnames)

.debug_pubtypes
 *(.debug_pubtypes)

.debug_ranges
 *(.debug_ranges)

.debug_macro
 *(.debug_macro)

.debug_addr
 *(.debug_addr)

.gnu.attributes
 *(.gnu.attributes)

/DISCARD/
 *(.note.GNU-stack)
 *(.gnu_debuglink)
 *(.gnu.lto_*)
OUTPUT(build/kernel.bin elf32-i386)
