
Allocating common symbols
Common symbol       size              file

g_fielTable         0x180             build/file.o
g_curPartion        0x4               build/fs.o
g_IDT_handle        0x204             build/interrupt.o
kernel_memory_pool  0x2c              build/memory.o
g_readyThreadList   0x10              build/thread.o
kernel_virtual_addr
                    0xc               build/memory.o
g_allThreadList     0x10              build/thread.o
g_rootDir           0x208             build/dir.o
g_ideChannelArray   0xcc0             build/ide.o
g_IDT               0x408             build/interrupt.o
g_curThreadTag      0x4               build/thread.o
g_ChannelCount      0x1               build/ide.o
user_memory_pool    0x2c              build/memory.o
g_Syscall_Table     0x3c              build/syscall.o
g_partitionList     0x10              build/ide.o
g_keyboardIOQueue   0x84              build/keyboard.o
g_tickCount         0x4               build/timer.o

Discarded input sections

 .note.GNU-stack
                0x0000000000000000        0x0 build/main.o
 .note.GNU-stack
                0x0000000000000000        0x0 build/interrupt.o
 .note.GNU-stack
                0x0000000000000000        0x0 build/timer.o
 .note.GNU-stack
                0x0000000000000000        0x0 build/debug.o
 .note.GNU-stack
                0x0000000000000000        0x0 build/string.o
 .note.GNU-stack
                0x0000000000000000        0x0 build/bitmap.o
 .note.GNU-stack
                0x0000000000000000        0x0 build/memory.o
 .note.GNU-stack
                0x0000000000000000        0x0 build/list.o
 .note.GNU-stack
                0x0000000000000000        0x0 build/thread.o
 .note.GNU-stack
                0x0000000000000000        0x0 build/semaphore.o
 .note.GNU-stack
                0x0000000000000000        0x0 build/lock.o
 .note.GNU-stack
                0x0000000000000000        0x0 build/condition_variable.o
 .note.GNU-stack
                0x0000000000000000        0x0 build/console.o
 .note.GNU-stack
                0x0000000000000000        0x0 build/keyboard.o
 .note.GNU-stack
                0x0000000000000000        0x0 build/ioqueue.o
 .note.GNU-stack
                0x0000000000000000        0x0 build/tss.o
 .note.GNU-stack
                0x0000000000000000        0x0 build/process.o
 .note.GNU-stack
                0x0000000000000000        0x0 build/syscall.o
 .note.GNU-stack
                0x0000000000000000        0x0 build/stdio.o
 .note.GNU-stack
                0x0000000000000000        0x0 build/stdio_kernel.o
 .note.GNU-stack
                0x0000000000000000        0x0 build/ide.o
 .note.GNU-stack
                0x0000000000000000        0x0 build/fs.o
 .note.GNU-stack
                0x0000000000000000        0x0 build/inode.o
 .note.GNU-stack
                0x0000000000000000        0x0 build/dir.o
 .note.GNU-stack
                0x0000000000000000        0x0 build/file.o
 .note.GNU-stack
                0x0000000000000000        0x0 build/shell.o
 .note.GNU-stack
                0x0000000000000000        0x0 build/buildin_cmd.o

Memory Configuration

Name             Origin             Length             Attributes
*default*        0x0000000000000000 0xffffffffffffffff

Linker script and memory map

Address of section .text set to 0xc0001500
LOAD build/main.o
LOAD build/interrupt.o
LOAD build/timer.o
LOAD build/debug.o
LOAD build/print.o
LOAD build/kernel.o
LOAD build/string.o
LOAD build/bitmap.o
LOAD build/memory.o
LOAD build/list.o
LOAD build/switch.o
LOAD build/thread.o
LOAD build/semaphore.o
LOAD build/lock.o
LOAD build/condition_variable.o
LOAD build/console.o
LOAD build/keyboard.o
LOAD build/ioqueue.o
LOAD build/tss.o
LOAD build/process.o
LOAD build/syscall.o
LOAD build/stdio.o
LOAD build/stdio_kernel.o
LOAD build/ide.o
LOAD build/fs.o
LOAD build/inode.o
LOAD build/dir.o
LOAD build/file.o
LOAD build/shell.o
LOAD build/buildin_cmd.o
                [!provide]                        PROVIDE (__executable_start = SEGMENT_START ("text-segment", 0x8048000))
                0x0000000008048094                . = (SEGMENT_START ("text-segment", 0x8048000) + SIZEOF_HEADERS)

.interp
 *(.interp)

.note.gnu.build-id
 *(.note.gnu.build-id)

.hash
 *(.hash)

.gnu.hash
 *(.gnu.hash)

.dynsym
 *(.dynsym)

.dynstr
 *(.dynstr)

.gnu.version
 *(.gnu.version)

.gnu.version_d
 *(.gnu.version_d)

.gnu.version_r
 *(.gnu.version_r)

.rel.dyn        0x0000000008048094        0x0
 *(.rel.init)
 *(.rel.text .rel.text.* .rel.gnu.linkonce.t.*)
 .rel.text      0x0000000008048094        0x0 build/main.o
 *(.rel.fini)
 *(.rel.rodata .rel.rodata.* .rel.gnu.linkonce.r.*)
 *(.rel.data.rel.ro .rel.data.rel.ro.* .rel.gnu.linkonce.d.rel.ro.*)
 *(.rel.data .rel.data.* .rel.gnu.linkonce.d.*)
 *(.rel.tdata .rel.tdata.* .rel.gnu.linkonce.td.*)
 *(.rel.tbss .rel.tbss.* .rel.gnu.linkonce.tb.*)
 *(.rel.ctors)
 *(.rel.dtors)
 *(.rel.got)
 .rel.got       0x0000000008048094        0x0 build/main.o
 *(.rel.bss .rel.bss.* .rel.gnu.linkonce.b.*)
 *(.rel.ifunc)

.rel.plt        0x0000000008048094        0x0
 *(.rel.plt)
                [!provide]                        PROVIDE (__rel_iplt_start = .)
 *(.rel.iplt)
 .rel.iplt      0x0000000008048094        0x0 build/main.o
                [!provide]                        PROVIDE (__rel_iplt_end = .)

.init
 *(SORT_NONE(.init))

.plt            0x0000000008048098        0x0
 *(.plt)
 *(.iplt)
 .iplt          0x0000000008048098        0x0 build/main.o

.plt.got
 *(.plt.got)

.plt.sec
 *(.plt.sec)

.text           0x00000000c0001500     0x9725
 *(.text.unlikely .text.*_unlikely .text.unlikely.*)
 *(.text.exit .text.exit.*)
 *(.text.startup .text.startup.*)
 *(.text.hot .text.hot.*)
 *(.text .stub .text.* .gnu.linkonce.t.*)
 .text          0x00000000c0001500       0xe8 build/main.o
                0x00000000c0001500                main
                0x00000000c000156f                thread_A
                0x00000000c0001574                process_A
 .text          0x00000000c00015e8      0x374 build/interrupt.o
                0x00000000c0001607                make_idt_desc
                0x00000000c000164a                idt_desc_init
                0x00000000c00016cb                interrupt_handle
                0x00000000c0001738                exception_init
                0x00000000c0001785                register_interrupt_handle
                0x00000000c00017d7                pic_init
                0x00000000c00018ab                interrupt_enable
                0x00000000c00018b2                interrupt_disable
                0x00000000c00018b9                set_interrupt_status
                0x00000000c00018d1                get_interrupt_status
                0x00000000c00018ee                idt_init
 .text          0x00000000c000195c      0x218 build/timer.o
                0x00000000c0001a41                m_sleep
                0x00000000c0001a75                timer_set
                0x00000000c0001b1f                timer_init
 .text          0x00000000c0001b74       0xca build/debug.o
                0x00000000c0001b74                panic_spain
 *fill*         0x00000000c0001c3e        0x2 
 .text          0x00000000c0001c40      0x18d build/print.o
                0x00000000c0001c40                put_int
                0x00000000c0001ca3                put_str
                0x00000000c0001cc1                put_char
                0x00000000c0001d8e                cls_screen
 *fill*         0x00000000c0001dcd        0x3 
 .text          0x00000000c0001dd0      0x55b build/kernel.o
                0x00000000c0001dd0                interrupt_exit
                0x00000000c0002307                syscall_handler
 .text          0x00000000c000232b      0x2fe build/string.o
                0x00000000c000232b                memset
                0x00000000c000239c                memcpy
                0x00000000c00023fc                strcpy
                0x00000000c0002451                strcmp
                0x00000000c00024ca                strcat
                0x00000000c0002534                strchr
                0x00000000c0002586                strrchr
                0x00000000c00025de                strlen
 .text          0x00000000c0002629      0x28d build/bitmap.o
                0x00000000c0002629                bitmap_init
                0x00000000c000264c                bitmap_check
                0x00000000c00026d9                bitmap_apply
                0x00000000c00027e3                bitmap_set
 .text          0x00000000c00028b6      0xf96 build/memory.o
                0x00000000c00029fb                get_pte_ptr
                0x00000000c0002a2b                get_pde_ptr
                0x00000000c0002b25                malloc_page
                0x00000000c0002be0                get_kernel_pages
                0x00000000c0002c3b                get_user_pages
                0x00000000c0002c96                bind_vaddr_with_mempool
                0x00000000c0002de2                vaddr_to_phyaddr
                0x00000000c0002e0e                get_arena_memblock
                0x00000000c0002e29                get_arena_by_memblock
                0x00000000c0002e36                sys_malloc
                0x00000000c000314f                phyaddr_free
                0x00000000c0003285                page_free
                0x00000000c0003361                sys_free
                0x00000000c00034d2                memory_pool_init
                0x00000000c000379a                mem_block_pool_init
                0x00000000c000381e                memory_init
 .text          0x00000000c000384c      0x1c0 build/list.o
                0x00000000c000384c                list_init
                0x00000000c000387a                list_insert_before
                0x00000000c00038a6                list_push
                0x00000000c00038be                list_append
                0x00000000c00038d6                list_remove
                0x00000000c000390a                elem_find
                0x00000000c0003945                list_empty
                0x00000000c000395e                list_len
                0x00000000c0003993                list_pop
                0x00000000c00039b2                list_traversal
 *fill*         0x00000000c0003a0c        0x4 
 .text          0x00000000c0003a10       0x15 build/switch.o
                0x00000000c0003a10                switch_to
 .text          0x00000000c0003a25      0x65f build/thread.o
                0x00000000c0003a7b                sys_getpid
                0x00000000c0003a8f                get_curthread_pcb
                0x00000000c0003aa4                thread_schedule
                0x00000000c0003bb4                thread_block
                0x00000000c0003c19                thread_unblock
                0x00000000c0003cc0                thread_yield
                0x00000000c0003d46                init_thread_pcb
                0x00000000c0003e7e                init_thread_stack
                0x00000000c0003eef                thread_create
                0x00000000c000400b                thread_init
 .text          0x00000000c0004084      0x127 build/semaphore.o
                0x00000000c0004084                semaphore_init
                0x00000000c00040a7                semaphore_P
                0x00000000c000413e                semaphore_V
 .text          0x00000000c00041ab       0x66 build/lock.o
                0x00000000c00041ab                lock_init
                0x00000000c00041db                lock_acquire
                0x00000000c00041f6                lock_release
 .text          0x00000000c0004211       0xfd build/condition_variable.o
                0x00000000c0004211                condition_init
                0x00000000c0004229                condition_wait
                0x00000000c00042a3                condition_notify
                0x00000000c00042e2                condition_notifyall
 .text          0x00000000c000430e       0xc6 build/console.o
                0x00000000c000430e                console_init
                0x00000000c0004327                console_put_str
                0x00000000c000435e                console_put_char
                0x00000000c000439d                console_put_int
 .text          0x00000000c00043d4      0x279 build/keyboard.o
                0x00000000c00043f1                keyboard_interrupt_handle
                0x00000000c0004602                keyboard_init
 .text          0x00000000c000464d      0x16d build/ioqueue.o
                0x00000000c000464d                ioqueue_putchar
                0x00000000c00046e1                ioqueue_getchar
                0x00000000c000476a                ioqueue_init
 .text          0x00000000c00047ba      0x280 build/tss.o
                0x00000000c00047ba                tss_update_esp0
                0x00000000c00047cd                tss_init
 .text          0x00000000c0004a3a      0x360 build/process.o
                0x00000000c0004a3a                process_start
                0x00000000c0004b06                process_pgdir_active
                0x00000000c0004b3b                process_active
                0x00000000c0004b89                process_create_pgdir
                0x00000000c0004c18                process_bitmap_create
                0x00000000c0004c7a                process_execute
 .text          0x00000000c0004d9a      0x280 build/syscall.o
                0x00000000c0004d9a                syscall_init
                0x00000000c0004e59                getpid
                0x00000000c0004e6e                write
                0x00000000c0004e91                read
                0x00000000c0004eb4                putchar
                0x00000000c0004eda                clear
                0x00000000c0004eef                malloc
                0x00000000c0004f0e                free
                0x00000000c0004f2b                getcwd
                0x00000000c0004f40                mkdir
                0x00000000c0004f5f                stat
                0x00000000c0004f81                opendir
                0x00000000c0004fa0                chdir
                0x00000000c0004fbf                readdir
                0x00000000c0004fde                rewinddir
                0x00000000c0004ffb                closedir
 .text          0x00000000c000501a      0x2a4 build/stdio.o
                0x00000000c00050a1                vsprintf
                0x00000000c000521e                sprintf
                0x00000000c000524e                printf
 .text          0x00000000c00052be       0x5c build/stdio_kernel.o
                0x00000000c00052be                printk
 .text          0x00000000c000531a      0xd48 build/ide.o
                0x00000000c0005838                ide_write
                0x00000000c0005971                ide_read
                0x00000000c0005d7b                hd_interrupt_handler
                0x00000000c0005e56                ide_init
 .text          0x00000000c0006062     0x1bfc build/fs.o
                0x00000000c0006062                fs_inode_bitmap_alloc
                0x00000000c00060a9                fs_block_bitmap_alloc
                0x00000000c00060fb                fs_bitmap_sync
                0x00000000c00067d5                path_parse
                0x00000000c0006833                path_depth_cnt
                0x00000000c0006b3d                sys_mkdir
                0x00000000c0006ef5                sys_open
                0x00000000c00071a1                sys_close
                0x00000000c0007200                sys_write
                0x00000000c00072e9                sys_read
                0x00000000c00073cd                sys_putchar
                0x00000000c00075df                sys_getcwd
                0x00000000c0007755                sys_stat
                0x00000000c000787f                sys_opendir
                0x00000000c000795b                sys_chdir
                0x00000000c00079ea                sys_readdir
                0x00000000c0007a0d                sys_rewinddir
                0x00000000c0007a1d                sys_closedir
                0x00000000c0007a4a                file_system_init
 .text          0x00000000c0007c5e      0x6de build/inode.o
                0x00000000c0007cf9                write_inode_to_deskpart
                0x00000000c0007e21                delete_inode_from_deskpart
                0x00000000c0007f2d                inode_open
                0x00000000c0008073                inode_close
                0x00000000c00080f4                inode_release
                0x00000000c00082e6                inode_init
 .text          0x00000000c000833c      0xe38 build/dir.o
                0x00000000c000833c                open_root_dir
                0x00000000c000836c                dir_open
                0x00000000c00083ac                search_dir_entry
                0x00000000c0008584                dir_close
                0x00000000c00085b7                create_dir_entry
                0x00000000c0008628                sync_dir_entry
                0x00000000c0008a39                delete_dir_entry
                0x00000000c0008e9e                dir_read
                0x00000000c0009086                dir_is_empty
                0x00000000c00090b1                dir_remove
 .text          0x00000000c0009174     0x1018 build/file.o
                0x00000000c0009174                alloc_global_fdIdx
                0x00000000c00091c9                install_fd
                0x00000000c0009236                file_create
                0x00000000c00094f8                file_open
                0x00000000c000960c                file_close
                0x00000000c000964f                file_write
                0x00000000c0009de3                file_read
 .text          0x00000000c000a18c      0x33c build/shell.o
                0x00000000c000a18c                print_prompt
                0x00000000c000a425                shell_process
 .text          0x00000000c000a4c8      0x75d build/buildin_cmd.o
                0x00000000c000a615                path_to_abspath
                0x00000000c000a6e4                buildin_pwd
                0x00000000c000a71c                buildin_mkdir
                0x00000000c000a795                buildin_ls
                0x00000000c000ab81                buildin_cd
 *(.gnu.warning)

.fini
 *(SORT_NONE(.fini))
                [!provide]                        PROVIDE (__etext = .)
                [!provide]                        PROVIDE (_etext = .)
                [!provide]                        PROVIDE (etext = .)

.rodata         0x00000000c000ac28     0x1aca
 *(.rodata .rodata.* .gnu.linkonce.r.*)
 .rodata        0x00000000c000ac28       0x4b build/main.o
 *fill*         0x00000000c000ac73        0x1 
 .rodata        0x00000000c000ac74       0xf4 build/interrupt.o
 .rodata        0x00000000c000ad68       0x5a build/timer.o
 .rodata        0x00000000c000adc2       0x32 build/debug.o
 .rodata        0x00000000c000adf4       0xc3 build/string.o
 *fill*         0x00000000c000aeb7        0x1 
 .rodata        0x00000000c000aeb8       0x83 build/bitmap.o
 *fill*         0x00000000c000af3b        0x1 
 .rodata        0x00000000c000af3c      0x281 build/memory.o
 *fill*         0x00000000c000b1bd        0x3 
 .rodata        0x00000000c000b1c0      0x242 build/thread.o
 *fill*         0x00000000c000b402        0x2 
 .rodata        0x00000000c000b404       0x2a build/semaphore.o
 *fill*         0x00000000c000b42e        0x2 
 .rodata        0x00000000c000b430       0x2d build/condition_variable.o
 .rodata        0x00000000c000b45d       0x39 build/keyboard.o
 .rodata        0x00000000c000b496       0x21 build/tss.o
 *fill*         0x00000000c000b4b7        0x1 
 .rodata        0x00000000c000b4b8       0xb8 build/process.o
 .rodata        0x00000000c000b570       0x27 build/syscall.o
 *fill*         0x00000000c000b597        0x1 
 .rodata        0x00000000c000b598      0x1d5 build/ide.o
 *fill*         0x00000000c000b76d        0x3 
 .rodata        0x00000000c000b770      0x5d9 build/fs.o
 *fill*         0x00000000c000bd49        0x3 
 .rodata        0x00000000c000bd4c       0xe2 build/inode.o
 *fill*         0x00000000c000be2e        0x2 
 .rodata        0x00000000c000be30      0x20f build/dir.o
 *fill*         0x00000000c000c03f        0x1 
 .rodata        0x00000000c000c040      0x426 build/file.o
 *fill*         0x00000000c000c466        0x2 
 .rodata        0x00000000c000c468       0x70 build/shell.o
 .rodata        0x00000000c000c4d8      0x21a build/buildin_cmd.o

.rodata1
 *(.rodata1)

.eh_frame_hdr
 *(.eh_frame_hdr)
 *(.eh_frame_entry .eh_frame_entry.*)

.eh_frame       0x00000000c000c6f4     0x1a78
 *(.eh_frame)
 .eh_frame      0x00000000c000c6f4       0x74 build/main.o
 .eh_frame      0x00000000c000c768      0x184 build/interrupt.o
                                        0x19c (size before relaxing)
 .eh_frame      0x00000000c000c8ec       0xcc build/timer.o
                                         0xe4 (size before relaxing)
 .eh_frame      0x00000000c000c9b8       0x1c build/debug.o
                                         0x34 (size before relaxing)
 .eh_frame      0x00000000c000c9d4      0x100 build/string.o
                                        0x118 (size before relaxing)
 .eh_frame      0x00000000c000cad4       0x88 build/bitmap.o
                                         0xa0 (size before relaxing)
 .eh_frame      0x00000000c000cb5c      0x2a0 build/memory.o
                                        0x2b8 (size before relaxing)
 .eh_frame      0x00000000c000cdfc      0x140 build/list.o
                                        0x158 (size before relaxing)
 .eh_frame      0x00000000c000cf3c      0x1bc build/thread.o
                                        0x1d4 (size before relaxing)
 .eh_frame      0x00000000c000d0f8       0x60 build/semaphore.o
                                         0x78 (size before relaxing)
 .eh_frame      0x00000000c000d158       0x60 build/lock.o
                                         0x78 (size before relaxing)
 .eh_frame      0x00000000c000d1b8       0x80 build/condition_variable.o
                                         0x98 (size before relaxing)
 .eh_frame      0x00000000c000d238       0x80 build/console.o
                                         0x98 (size before relaxing)
 .eh_frame      0x00000000c000d2b8       0x60 build/keyboard.o
                                         0x78 (size before relaxing)
 .eh_frame      0x00000000c000d318       0x60 build/ioqueue.o
                                         0x78 (size before relaxing)
 .eh_frame      0x00000000c000d378       0x40 build/tss.o
                                         0x58 (size before relaxing)
 .eh_frame      0x00000000c000d3b8       0xc0 build/process.o
                                         0xd8 (size before relaxing)
 .eh_frame      0x00000000c000d478      0x230 build/syscall.o
                                        0x248 (size before relaxing)
 .eh_frame      0x00000000c000d6a8       0x88 build/stdio.o
                                         0xa0 (size before relaxing)
 .eh_frame      0x00000000c000d730       0x24 build/stdio_kernel.o
                                         0x3c (size before relaxing)
 .eh_frame      0x00000000c000d754      0x254 build/ide.o
                                        0x26c (size before relaxing)
 .eh_frame      0x00000000c000d9a8      0x348 build/fs.o
                                        0x360 (size before relaxing)
 .eh_frame      0x00000000c000dcf0       0xe4 build/inode.o
                                         0xfc (size before relaxing)
 .eh_frame      0x00000000c000ddd4      0x14c build/dir.o
                                        0x164 (size before relaxing)
 .eh_frame      0x00000000c000df20       0xe0 build/file.o
                                         0xf8 (size before relaxing)
 .eh_frame      0x00000000c000e000       0x9c build/shell.o
                                         0xb4 (size before relaxing)
 .eh_frame      0x00000000c000e09c       0xd0 build/buildin_cmd.o
                                         0xe8 (size before relaxing)
 *(.eh_frame.*)

.gcc_except_table
 *(.gcc_except_table .gcc_except_table.*)

.gnu_extab
 *(.gnu_extab*)

.exception_ranges
 *(.exception_ranges .exception_ranges*)
                0x00000000c0010000                . = DATA_SEGMENT_ALIGN (CONSTANT (MAXPAGESIZE), CONSTANT (COMMONPAGESIZE))

.eh_frame
 *(.eh_frame)
 *(.eh_frame.*)

.gnu_extab
 *(.gnu_extab)

.gcc_except_table
 *(.gcc_except_table .gcc_except_table.*)

.exception_ranges
 *(.exception_ranges .exception_ranges*)

.tdata
 *(.tdata .tdata.* .gnu.linkonce.td.*)

.tbss
 *(.tbss .tbss.* .gnu.linkonce.tb.*)
 *(.tcommon)

.preinit_array  0x00000000c0010000        0x0
                [!provide]                        PROVIDE (__preinit_array_start = .)
 *(.preinit_array)
                [!provide]                        PROVIDE (__preinit_array_end = .)

.init_array     0x00000000c0010000        0x0
                [!provide]                        PROVIDE (__init_array_start = .)
 *(SORT_BY_INIT_PRIORITY(.init_array.*) SORT_BY_INIT_PRIORITY(.ctors.*))
 *(.init_array EXCLUDE_FILE(*crtend?.o *crtend.o *crtbegin?.o *crtbegin.o) .ctors)
                [!provide]                        PROVIDE (__init_array_end = .)

.fini_array     0x00000000c0010000        0x0
                [!provide]                        PROVIDE (__fini_array_start = .)
 *(SORT_BY_INIT_PRIORITY(.fini_array.*) SORT_BY_INIT_PRIORITY(.dtors.*))
 *(.fini_array EXCLUDE_FILE(*crtend?.o *crtend.o *crtbegin?.o *crtbegin.o) .dtors)
                [!provide]                        PROVIDE (__fini_array_end = .)

.ctors
 *crtbegin.o(.ctors)
 *crtbegin?.o(.ctors)
 *(EXCLUDE_FILE(*crtend?.o *crtend.o) .ctors)
 *(SORT_BY_NAME(.ctors.*))
 *(.ctors)

.dtors
 *crtbegin.o(.dtors)
 *crtbegin?.o(.dtors)
 *(EXCLUDE_FILE(*crtend?.o *crtend.o) .dtors)
 *(SORT_BY_NAME(.dtors.*))
 *(.dtors)

.jcr
 *(.jcr)

.data.rel.ro
 *(.data.rel.ro.local* .gnu.linkonce.d.rel.ro.local.*)
 *(.data.rel.ro .data.rel.ro.* .gnu.linkonce.d.rel.ro.*)

.dynamic
 *(.dynamic)

.got            0x00000000c0010000        0x0
 *(.got)
 .got           0x00000000c0010000        0x0 build/main.o
 *(.igot)
                0x00000000c0010000                . = DATA_SEGMENT_RELRO_END (., (SIZEOF (.got.plt) >= 0xc)?0xc:0x0)

.got.plt        0x00000000c0010000        0x0
 *(.got.plt)
 .got.plt       0x00000000c0010000        0x0 build/main.o
 *(.igot.plt)
 .igot.plt      0x00000000c0010000        0x0 build/main.o

.data           0x00000000c0010000      0x156
 *(.data .data.* .gnu.linkonce.d.*)
 .data          0x00000000c0010000        0x0 build/main.o
 .data          0x00000000c0010000        0x0 build/interrupt.o
 .data          0x00000000c0010000        0x0 build/timer.o
 .data          0x00000000c0010000        0x0 build/debug.o
 .data          0x00000000c0010000        0x8 build/print.o
 .data          0x00000000c0010008       0xc0 build/kernel.o
                0x00000000c0010008                interrupt_hld_table
 .data          0x00000000c00100c8        0x0 build/string.o
 .data          0x00000000c00100c8        0x0 build/bitmap.o
 .data          0x00000000c00100c8        0x0 build/memory.o
 .data          0x00000000c00100c8        0x0 build/list.o
 .data          0x00000000c00100c8        0x0 build/thread.o
 .data          0x00000000c00100c8        0x0 build/semaphore.o
 .data          0x00000000c00100c8        0x0 build/lock.o
 .data          0x00000000c00100c8        0x0 build/condition_variable.o
 .data          0x00000000c00100c8        0x0 build/console.o
 *fill*         0x00000000c00100c8       0x18 
 .data          0x00000000c00100e0       0x76 build/keyboard.o
 .data          0x00000000c0010156        0x0 build/ioqueue.o
 .data          0x00000000c0010156        0x0 build/tss.o
 .data          0x00000000c0010156        0x0 build/process.o
 .data          0x00000000c0010156        0x0 build/syscall.o
 .data          0x00000000c0010156        0x0 build/stdio.o
 .data          0x00000000c0010156        0x0 build/stdio_kernel.o
 .data          0x00000000c0010156        0x0 build/ide.o
 .data          0x00000000c0010156        0x0 build/fs.o
 .data          0x00000000c0010156        0x0 build/inode.o
 .data          0x00000000c0010156        0x0 build/dir.o
 .data          0x00000000c0010156        0x0 build/file.o
 .data          0x00000000c0010156        0x0 build/shell.o
 .data          0x00000000c0010156        0x0 build/buildin_cmd.o

.data1
 *(.data1)
                0x00000000c0010156                _edata = .
                [!provide]                        PROVIDE (edata = .)
                0x00000000c0010156                . = .
                0x00000000c0010156                __bss_start = .

.bss            0x00000000c0010160     0x1e60
 *(.dynbss)
 *(.bss .bss.* .gnu.linkonce.b.*)
 .bss           0x00000000c0010160        0x4 build/main.o
                0x00000000c0010160                a
 .bss           0x00000000c0010164        0x0 build/interrupt.o
 .bss           0x00000000c0010164        0x0 build/timer.o
 .bss           0x00000000c0010164        0x0 build/debug.o
 .bss           0x00000000c0010164        0x0 build/string.o
 .bss           0x00000000c0010164        0x0 build/bitmap.o
 *fill*         0x00000000c0010164       0x1c 
 .bss           0x00000000c0010180       0xa8 build/memory.o
 .bss           0x00000000c0010228        0x0 build/list.o
 .bss           0x00000000c0010228       0x26 build/thread.o
 .bss           0x00000000c001024e        0x0 build/semaphore.o
 .bss           0x00000000c001024e        0x0 build/lock.o
 .bss           0x00000000c001024e        0x0 build/condition_variable.o
 *fill*         0x00000000c001024e        0x2 
 .bss           0x00000000c0010250       0x1c build/console.o
 .bss           0x00000000c001026c       0x14 build/keyboard.o
 .bss           0x00000000c0010280        0x0 build/ioqueue.o
 .bss           0x00000000c0010280       0x6c build/tss.o
 .bss           0x00000000c00102ec        0x0 build/process.o
 .bss           0x00000000c00102ec        0x0 build/syscall.o
 .bss           0x00000000c00102ec        0x0 build/stdio.o
 .bss           0x00000000c00102ec        0x0 build/stdio_kernel.o
 .bss           0x00000000c00102ec        0x6 build/ide.o
 .bss           0x00000000c00102f2        0x0 build/fs.o
 .bss           0x00000000c00102f2        0x0 build/inode.o
 .bss           0x00000000c00102f2        0x0 build/dir.o
 .bss           0x00000000c00102f2        0x0 build/file.o
 *fill*         0x00000000c00102f2        0xe 
 .bss           0x00000000c0010300      0x480 build/shell.o
                0x00000000c0010300                g_cwdCache
                0x00000000c0010500                g_finalPath
 .bss           0x00000000c0010780        0x0 build/buildin_cmd.o
 *(COMMON)
 COMMON         0x00000000c0010780      0x628 build/interrupt.o
                0x00000000c0010780                g_IDT_handle
                0x00000000c00109a0                g_IDT
 COMMON         0x00000000c0010da8        0x4 build/timer.o
                0x00000000c0010da8                g_tickCount
 *fill*         0x00000000c0010dac       0x14 
 COMMON         0x00000000c0010dc0       0x6c build/memory.o
                0x00000000c0010dc0                kernel_memory_pool
                0x00000000c0010dec                kernel_virtual_addr
                0x00000000c0010e00                user_memory_pool
 COMMON         0x00000000c0010e2c       0x24 build/thread.o
                0x00000000c0010e2c                g_readyThreadList
                0x00000000c0010e3c                g_allThreadList
                0x00000000c0010e4c                g_curThreadTag
 *fill*         0x00000000c0010e50       0x10 
 COMMON         0x00000000c0010e60       0x84 build/keyboard.o
                0x00000000c0010e60                g_keyboardIOQueue
 *fill*         0x00000000c0010ee4       0x1c 
 COMMON         0x00000000c0010f00       0x3c build/syscall.o
                0x00000000c0010f00                g_Syscall_Table
 *fill*         0x00000000c0010f3c        0x4 
 COMMON         0x00000000c0010f40      0xcd4 build/ide.o
                0x00000000c0010f40                g_ideChannelArray
                0x00000000c0011c00                g_ChannelCount
                0x00000000c0011c04                g_partitionList
 COMMON         0x00000000c0011c14        0x4 build/fs.o
                0x00000000c0011c14                g_curPartion
 *fill*         0x00000000c0011c18        0x8 
 COMMON         0x00000000c0011c20      0x208 build/dir.o
                0x00000000c0011c20                g_rootDir
 *fill*         0x00000000c0011e28       0x18 
 COMMON         0x00000000c0011e40      0x180 build/file.o
                0x00000000c0011e40                g_fielTable
                0x00000000c0011fc0                . = ALIGN ((. != 0x0)?0x4:0x1)
                0x00000000c0011fc0                . = ALIGN (0x4)
                0x00000000c0011fc0                . = SEGMENT_START ("ldata-segment", .)
                0x00000000c0011fc0                . = ALIGN (0x4)
                0x00000000c0011fc0                _end = .
                [!provide]                        PROVIDE (end = .)
                0x00000000c0011fc0                . = DATA_SEGMENT_END (.)

.stab
 *(.stab)

.stabstr
 *(.stabstr)

.stab.excl
 *(.stab.excl)

.stab.exclstr
 *(.stab.exclstr)

.stab.index
 *(.stab.index)

.stab.indexstr
 *(.stab.indexstr)

.comment        0x0000000000000000       0x29
 *(.comment)
 .comment       0x0000000000000000       0x29 build/main.o
                                         0x2a (size before relaxing)
 .comment       0x0000000000000029       0x2a build/interrupt.o
 .comment       0x0000000000000029       0x2a build/timer.o
 .comment       0x0000000000000029       0x2a build/debug.o
 .comment       0x0000000000000029       0x2a build/string.o
 .comment       0x0000000000000029       0x2a build/bitmap.o
 .comment       0x0000000000000029       0x2a build/memory.o
 .comment       0x0000000000000029       0x2a build/list.o
 .comment       0x0000000000000029       0x2a build/thread.o
 .comment       0x0000000000000029       0x2a build/semaphore.o
 .comment       0x0000000000000029       0x2a build/lock.o
 .comment       0x0000000000000029       0x2a build/condition_variable.o
 .comment       0x0000000000000029       0x2a build/console.o
 .comment       0x0000000000000029       0x2a build/keyboard.o
 .comment       0x0000000000000029       0x2a build/ioqueue.o
 .comment       0x0000000000000029       0x2a build/tss.o
 .comment       0x0000000000000029       0x2a build/process.o
 .comment       0x0000000000000029       0x2a build/syscall.o
 .comment       0x0000000000000029       0x2a build/stdio.o
 .comment       0x0000000000000029       0x2a build/stdio_kernel.o
 .comment       0x0000000000000029       0x2a build/ide.o
 .comment       0x0000000000000029       0x2a build/fs.o
 .comment       0x0000000000000029       0x2a build/inode.o
 .comment       0x0000000000000029       0x2a build/dir.o
 .comment       0x0000000000000029       0x2a build/file.o
 .comment       0x0000000000000029       0x2a build/shell.o
 .comment       0x0000000000000029       0x2a build/buildin_cmd.o

.debug
 *(.debug)

.line
 *(.line)

.debug_srcinfo
 *(.debug_srcinfo)

.debug_sfnames
 *(.debug_sfnames)

.debug_aranges
 *(.debug_aranges)

.debug_pubnames
 *(.debug_pubnames)

.debug_info
 *(.debug_info .gnu.linkonce.wi.*)

.debug_abbrev
 *(.debug_abbrev)

.debug_line
 *(.debug_line .debug_line.* .debug_line_end)

.debug_frame
 *(.debug_frame)

.debug_str
 *(.debug_str)

.debug_loc
 *(.debug_loc)

.debug_macinfo
 *(.debug_macinfo)

.debug_weaknames
 *(.debug_weaknames)

.debug_funcnames
 *(.debug_funcnames)

.debug_typenames
 *(.debug_typenames)

.debug_varnames
 *(.debug_varnames)

.debug_pubtypes
 *(.debug_pubtypes)

.debug_ranges
 *(.debug_ranges)

.debug_macro
 *(.debug_macro)

.debug_addr
 *(.debug_addr)

.gnu.attributes
 *(.gnu.attributes)

/DISCARD/
 *(.note.GNU-stack)
 *(.gnu_debuglink)
 *(.gnu.lto_*)
OUTPUT(build/kernel.bin elf32-i386)
