
Allocating common symbols
Common symbol       size              file

g_fielTable         0x180             build/file.o
g_curPartion        0x4               build/fs.o
g_IDT_handle        0x204             build/interrupt.o
kernel_memory_pool  0x2c              build/memory.o
g_readyThreadList   0x10              build/thread.o
kernel_virtual_addr
                    0xc               build/memory.o
g_allThreadList     0x10              build/thread.o
g_rootDir           0x208             build/dir.o
g_ideChannelArray   0xcc0             build/ide.o
g_IDT               0x408             build/interrupt.o
g_curThreadTag      0x4               build/thread.o
g_ChannelCount      0x1               build/ide.o
user_memory_pool    0x2c              build/memory.o
g_Syscall_Table     0x50              build/syscall.o
g_partitionList     0x10              build/ide.o
Elf32_Phdr          0x20              build/exec.o
g_keyboardIOQueue   0x84              build/keyboard.o
g_tickCount         0x4               build/timer.o

Discarded input sections

 .note.GNU-stack
                0x0000000000000000        0x0 build/main.o
 .note.GNU-stack
                0x0000000000000000        0x0 build/interrupt.o
 .note.GNU-stack
                0x0000000000000000        0x0 build/timer.o
 .note.GNU-stack
                0x0000000000000000        0x0 build/debug.o
 .note.GNU-stack
                0x0000000000000000        0x0 build/string.o
 .note.GNU-stack
                0x0000000000000000        0x0 build/bitmap.o
 .note.GNU-stack
                0x0000000000000000        0x0 build/memory.o
 .note.GNU-stack
                0x0000000000000000        0x0 build/list.o
 .note.GNU-stack
                0x0000000000000000        0x0 build/thread.o
 .note.GNU-stack
                0x0000000000000000        0x0 build/semaphore.o
 .note.GNU-stack
                0x0000000000000000        0x0 build/lock.o
 .note.GNU-stack
                0x0000000000000000        0x0 build/condition_variable.o
 .note.GNU-stack
                0x0000000000000000        0x0 build/console.o
 .note.GNU-stack
                0x0000000000000000        0x0 build/keyboard.o
 .note.GNU-stack
                0x0000000000000000        0x0 build/ioqueue.o
 .note.GNU-stack
                0x0000000000000000        0x0 build/tss.o
 .note.GNU-stack
                0x0000000000000000        0x0 build/process.o
 .note.GNU-stack
                0x0000000000000000        0x0 build/syscall.o
 .note.GNU-stack
                0x0000000000000000        0x0 build/stdio.o
 .note.GNU-stack
                0x0000000000000000        0x0 build/stdio_kernel.o
 .note.GNU-stack
                0x0000000000000000        0x0 build/ide.o
 .note.GNU-stack
                0x0000000000000000        0x0 build/fs.o
 .note.GNU-stack
                0x0000000000000000        0x0 build/inode.o
 .note.GNU-stack
                0x0000000000000000        0x0 build/dir.o
 .note.GNU-stack
                0x0000000000000000        0x0 build/file.o
 .note.GNU-stack
                0x0000000000000000        0x0 build/shell.o
 .note.GNU-stack
                0x0000000000000000        0x0 build/buildin_cmd.o
 .note.GNU-stack
                0x0000000000000000        0x0 build/fork.o
 .note.GNU-stack
                0x0000000000000000        0x0 build/exec.o
 .note.GNU-stack
                0x0000000000000000        0x0 build/system.o

Memory Configuration

Name             Origin             Length             Attributes
*default*        0x0000000000000000 0xffffffffffffffff

Linker script and memory map

Address of section .text set to 0xc0001500
LOAD build/main.o
LOAD build/interrupt.o
LOAD build/timer.o
LOAD build/debug.o
LOAD build/print.o
LOAD build/kernel.o
LOAD build/string.o
LOAD build/bitmap.o
LOAD build/memory.o
LOAD build/list.o
LOAD build/switch.o
LOAD build/thread.o
LOAD build/semaphore.o
LOAD build/lock.o
LOAD build/condition_variable.o
LOAD build/console.o
LOAD build/keyboard.o
LOAD build/ioqueue.o
LOAD build/tss.o
LOAD build/process.o
LOAD build/syscall.o
LOAD build/stdio.o
LOAD build/stdio_kernel.o
LOAD build/ide.o
LOAD build/fs.o
LOAD build/inode.o
LOAD build/dir.o
LOAD build/file.o
LOAD build/shell.o
LOAD build/buildin_cmd.o
LOAD build/fork.o
LOAD build/exec.o
LOAD build/system.o
                [!provide]                        PROVIDE (__executable_start = SEGMENT_START ("text-segment", 0x8048000))
                0x0000000008048094                . = (SEGMENT_START ("text-segment", 0x8048000) + SIZEOF_HEADERS)

.interp
 *(.interp)

.note.gnu.build-id
 *(.note.gnu.build-id)

.hash
 *(.hash)

.gnu.hash
 *(.gnu.hash)

.dynsym
 *(.dynsym)

.dynstr
 *(.dynstr)

.gnu.version
 *(.gnu.version)

.gnu.version_d
 *(.gnu.version_d)

.gnu.version_r
 *(.gnu.version_r)

.rel.dyn        0x0000000008048094        0x0
 *(.rel.init)
 *(.rel.text .rel.text.* .rel.gnu.linkonce.t.*)
 .rel.text      0x0000000008048094        0x0 build/main.o
 *(.rel.fini)
 *(.rel.rodata .rel.rodata.* .rel.gnu.linkonce.r.*)
 *(.rel.data.rel.ro .rel.data.rel.ro.* .rel.gnu.linkonce.d.rel.ro.*)
 *(.rel.data .rel.data.* .rel.gnu.linkonce.d.*)
 *(.rel.tdata .rel.tdata.* .rel.gnu.linkonce.td.*)
 *(.rel.tbss .rel.tbss.* .rel.gnu.linkonce.tb.*)
 *(.rel.ctors)
 *(.rel.dtors)
 *(.rel.got)
 .rel.got       0x0000000008048094        0x0 build/main.o
 *(.rel.bss .rel.bss.* .rel.gnu.linkonce.b.*)
 *(.rel.ifunc)

.rel.plt        0x0000000008048094        0x0
 *(.rel.plt)
                [!provide]                        PROVIDE (__rel_iplt_start = .)
 *(.rel.iplt)
 .rel.iplt      0x0000000008048094        0x0 build/main.o
                [!provide]                        PROVIDE (__rel_iplt_end = .)

.init
 *(SORT_NONE(.init))

.plt            0x0000000008048098        0x0
 *(.plt)
 *(.iplt)
 .iplt          0x0000000008048098        0x0 build/main.o

.plt.got
 *(.plt.got)

.plt.sec
 *(.plt.sec)

.text           0x00000000c0001500     0xaa00
 *(.text.unlikely .text.*_unlikely .text.unlikely.*)
 *(.text.exit .text.exit.*)
 *(.text.startup .text.startup.*)
 *(.text.hot .text.hot.*)
 *(.text .stub .text.* .gnu.linkonce.t.*)
 .text          0x00000000c0001500      0x14e build/main.o
                0x00000000c0001500                main
                0x00000000c0001584                thread_A
                0x00000000c0001589                process_A
 .text          0x00000000c000164e      0x374 build/interrupt.o
                0x00000000c000166d                make_idt_desc
                0x00000000c00016b0                idt_desc_init
                0x00000000c0001731                interrupt_handle
                0x00000000c000179e                exception_init
                0x00000000c00017eb                register_interrupt_handle
                0x00000000c000183d                pic_init
                0x00000000c0001911                interrupt_enable
                0x00000000c0001918                interrupt_disable
                0x00000000c000191f                set_interrupt_status
                0x00000000c0001937                get_interrupt_status
                0x00000000c0001954                idt_init
 .text          0x00000000c00019c2      0x218 build/timer.o
                0x00000000c0001aa7                m_sleep
                0x00000000c0001adb                timer_set
                0x00000000c0001b85                timer_init
 .text          0x00000000c0001bda       0xca build/debug.o
                0x00000000c0001bda                panic_spain
 *fill*         0x00000000c0001ca4        0xc 
 .text          0x00000000c0001cb0      0x18d build/print.o
                0x00000000c0001cb0                put_int
                0x00000000c0001d13                put_str
                0x00000000c0001d31                put_char
                0x00000000c0001dfe                cls_screen
 *fill*         0x00000000c0001e3d        0x3 
 .text          0x00000000c0001e40      0x55b build/kernel.o
                0x00000000c0001e40                interrupt_exit
                0x00000000c0002377                syscall_handler
 .text          0x00000000c000239b      0x381 build/string.o
                0x00000000c000239b                memset
                0x00000000c000240c                memcpy
                0x00000000c000246c                memcmp
                0x00000000c00024ef                strcpy
                0x00000000c0002544                strcmp
                0x00000000c00025bd                strcat
                0x00000000c0002627                strchr
                0x00000000c0002679                strrchr
                0x00000000c00026d1                strlen
 .text          0x00000000c000271c      0x28d build/bitmap.o
                0x00000000c000271c                bitmap_init
                0x00000000c000273f                bitmap_check
                0x00000000c00027cc                bitmap_apply
                0x00000000c00028d6                bitmap_set
 .text          0x00000000c00029a9     0x106f build/memory.o
                0x00000000c0002aee                get_pte_ptr
                0x00000000c0002b1e                get_pde_ptr
                0x00000000c0002c18                malloc_page
                0x00000000c0002cd3                get_kernel_pages
                0x00000000c0002d2e                get_user_pages
                0x00000000c0002d89                bind_vaddr_with_mempool
                0x00000000c0002ed5                get_a_page_without_set_vaddrbmp
                0x00000000c0002f49                vaddr_to_phyaddr
                0x00000000c0002f75                get_arena_memblock
                0x00000000c0002f90                get_arena_by_memblock
                0x00000000c0002f9d                sys_malloc
                0x00000000c00032b6                phyaddr_free
                0x00000000c00033ec                page_free
                0x00000000c00034c8                free_a_phy_page
                0x00000000c000352d                sys_free
                0x00000000c000369e                memory_pool_init
                0x00000000c0003966                mem_block_pool_init
                0x00000000c00039ea                memory_init
 .text          0x00000000c0003a18      0x1c0 build/list.o
                0x00000000c0003a18                list_init
                0x00000000c0003a46                list_insert_before
                0x00000000c0003a72                list_push
                0x00000000c0003a8a                list_append
                0x00000000c0003aa2                list_remove
                0x00000000c0003ad6                elem_find
                0x00000000c0003b11                list_empty
                0x00000000c0003b2a                list_len
                0x00000000c0003b5f                list_pop
                0x00000000c0003b7e                list_traversal
 *fill*         0x00000000c0003bd8        0x8 
 .text          0x00000000c0003be0       0x15 build/switch.o
                0x00000000c0003be0                switch_to
 .text          0x00000000c0003bf5      0x86e build/thread.o
                0x00000000c0003cb2                release_pid
                0x00000000c0003d08                fork_pid
                0x00000000c0003d15                sys_getpid
                0x00000000c0003d29                get_curthread_pcb
                0x00000000c0003d3e                thread_schedule
                0x00000000c0003e4e                thread_block
                0x00000000c0003eb3                thread_unblock
                0x00000000c0003f5d                thread_yield
                0x00000000c0003fe6                init_thread_pcb
                0x00000000c000411e                init_thread_stack
                0x00000000c000418f                thread_create
                0x00000000c0004200                thread_exit
                0x00000000c00042f5                get_thread_PCB
                0x00000000c00043e5                thread_init
 .text          0x00000000c0004463      0x127 build/semaphore.o
                0x00000000c0004463                semaphore_init
                0x00000000c0004486                semaphore_P
                0x00000000c000451d                semaphore_V
 .text          0x00000000c000458a       0x66 build/lock.o
                0x00000000c000458a                lock_init
                0x00000000c00045ba                lock_acquire
                0x00000000c00045d5                lock_release
 .text          0x00000000c00045f0       0xfd build/condition_variable.o
                0x00000000c00045f0                condition_init
                0x00000000c0004608                condition_wait
                0x00000000c0004682                condition_notify
                0x00000000c00046c1                condition_notifyall
 .text          0x00000000c00046ed       0xc6 build/console.o
                0x00000000c00046ed                console_init
                0x00000000c0004706                console_put_str
                0x00000000c000473d                console_put_char
                0x00000000c000477c                console_put_int
 .text          0x00000000c00047b3      0x279 build/keyboard.o
                0x00000000c00047d0                keyboard_interrupt_handle
                0x00000000c00049e1                keyboard_init
 .text          0x00000000c0004a2c      0x16d build/ioqueue.o
                0x00000000c0004a2c                ioqueue_putchar
                0x00000000c0004ac0                ioqueue_getchar
                0x00000000c0004b49                ioqueue_init
 .text          0x00000000c0004b99      0x280 build/tss.o
                0x00000000c0004b99                tss_update_esp0
                0x00000000c0004bac                tss_init
 .text          0x00000000c0004e19      0x360 build/process.o
                0x00000000c0004e19                process_start
                0x00000000c0004ee5                process_pgdir_active
                0x00000000c0004f1a                process_active
                0x00000000c0004f68                process_create_pgdir
                0x00000000c0004ff7                process_bitmap_create
                0x00000000c0005059                process_execute
 .text          0x00000000c0005179      0x344 build/syscall.o
                0x00000000c0005179                syscall_init
                0x00000000c000526a                getpid
                0x00000000c000527f                write
                0x00000000c00052a2                read
                0x00000000c00052c5                putchar
                0x00000000c00052eb                clear
                0x00000000c0005300                malloc
                0x00000000c000531f                free
                0x00000000c000533c                getcwd
                0x00000000c0005351                mkdir
                0x00000000c0005370                rmdir
                0x00000000c000538f                stat
                0x00000000c00053b1                opendir
                0x00000000c00053d0                chdir
                0x00000000c00053ef                readdir
                0x00000000c000540e                rewinddir
                0x00000000c000542b                closedir
                0x00000000c000544a                fork
                0x00000000c000545f                execv
                0x00000000c0005481                exit
                0x00000000c000549e                wait
 .text          0x00000000c00054bd      0x2a4 build/stdio.o
                0x00000000c0005544                vsprintf
                0x00000000c00056c1                sprintf
                0x00000000c00056f1                printf
 .text          0x00000000c0005761       0x5c build/stdio_kernel.o
                0x00000000c0005761                printk
 .text          0x00000000c00057bd      0xd48 build/ide.o
                0x00000000c0005cdb                ide_write
                0x00000000c0005e14                ide_read
                0x00000000c000621e                hd_interrupt_handler
                0x00000000c00062f9                ide_init
 .text          0x00000000c0006505     0x1dd3 build/fs.o
                0x00000000c0006505                fs_inode_bitmap_alloc
                0x00000000c000654c                fs_block_bitmap_alloc
                0x00000000c000659e                fs_bitmap_sync
                0x00000000c0006c78                path_parse
                0x00000000c0006cd6                path_depth_cnt
                0x00000000c0006fe0                sys_mkdir
                0x00000000c0007398                sys_rmdir
                0x00000000c0007496                sys_open
                0x00000000c0007742                sys_close
                0x00000000c00077a1                sys_write
                0x00000000c000788a                sys_read
                0x00000000c000796e                sys_lseek
                0x00000000c0007a47                sys_putchar
                0x00000000c0007c59                sys_getcwd
                0x00000000c0007dcf                sys_stat
                0x00000000c0007ef9                sys_opendir
                0x00000000c0007fd5                sys_chdir
                0x00000000c0008064                sys_readdir
                0x00000000c0008087                sys_rewinddir
                0x00000000c0008097                sys_closedir
                0x00000000c00080c4                file_system_init
 .text          0x00000000c00082d8      0x6de build/inode.o
                0x00000000c0008373                write_inode_to_deskpart
                0x00000000c000849b                delete_inode_from_deskpart
                0x00000000c00085a7                inode_open
                0x00000000c00086ed                inode_close
                0x00000000c000876e                inode_release
                0x00000000c0008960                inode_init
 .text          0x00000000c00089b6      0xe38 build/dir.o
                0x00000000c00089b6                open_root_dir
                0x00000000c00089e6                dir_open
                0x00000000c0008a26                search_dir_entry
                0x00000000c0008bfe                dir_close
                0x00000000c0008c31                create_dir_entry
                0x00000000c0008ca2                sync_dir_entry
                0x00000000c00090b3                delete_dir_entry
                0x00000000c0009518                dir_read
                0x00000000c0009700                dir_is_empty
                0x00000000c000972b                dir_remove
 .text          0x00000000c00097ee     0x1018 build/file.o
                0x00000000c00097ee                alloc_global_fdIdx
                0x00000000c0009843                install_fd
                0x00000000c00098b0                file_create
                0x00000000c0009b72                file_open
                0x00000000c0009c86                file_close
                0x00000000c0009cc9                file_write
                0x00000000c000a45d                file_read
 .text          0x00000000c000a806      0x489 build/shell.o
                0x00000000c000a806                print_prompt
                0x00000000c000abec                shell_process
 .text          0x00000000c000ac8f      0x7fb build/buildin_cmd.o
                0x00000000c000addc                path_to_abspath
                0x00000000c000aeab                buildin_pwd
                0x00000000c000aee3                buildin_mkdir
                0x00000000c000af5c                buildin_rmdir
                0x00000000c000afd5                buildin_ls
                0x00000000c000b3c1                buildin_cd
                0x00000000c000b465                buildin_clear
 .text          0x00000000c000b48a      0x3eb build/fork.o
                0x00000000c000b7f2                sys_fork
 .text          0x00000000c000b875      0x331 build/exec.o
                0x00000000c000bb02                sys_execv
 .text          0x00000000c000bba6      0x35a build/system.o
                0x00000000c000bc09                sys_wait
                0x00000000c000be74                sys_exit
 *(.gnu.warning)

.fini
 *(SORT_NONE(.fini))
                [!provide]                        PROVIDE (__etext = .)
                [!provide]                        PROVIDE (_etext = .)
                [!provide]                        PROVIDE (etext = .)

.rodata         0x00000000c000bf00     0x1cbf
 *(.rodata .rodata.* .gnu.linkonce.r.*)
 .rodata        0x00000000c000bf00       0xa9 build/main.o
 *fill*         0x00000000c000bfa9        0x3 
 .rodata        0x00000000c000bfac       0xf4 build/interrupt.o
 .rodata        0x00000000c000c0a0       0x5a build/timer.o
 .rodata        0x00000000c000c0fa       0x32 build/debug.o
 .rodata        0x00000000c000c12c       0xe3 build/string.o
 *fill*         0x00000000c000c20f        0x1 
 .rodata        0x00000000c000c210       0x83 build/bitmap.o
 *fill*         0x00000000c000c293        0x1 
 .rodata        0x00000000c000c294      0x281 build/memory.o
 *fill*         0x00000000c000c515        0x3 
 .rodata        0x00000000c000c518      0x266 build/thread.o
 *fill*         0x00000000c000c77e        0x2 
 .rodata        0x00000000c000c780       0x2a build/semaphore.o
 *fill*         0x00000000c000c7aa        0x2 
 .rodata        0x00000000c000c7ac       0x2d build/condition_variable.o
 .rodata        0x00000000c000c7d9       0x39 build/keyboard.o
 .rodata        0x00000000c000c812       0x21 build/tss.o
 *fill*         0x00000000c000c833        0x1 
 .rodata        0x00000000c000c834       0xb8 build/process.o
 .rodata        0x00000000c000c8ec       0x27 build/syscall.o
 *fill*         0x00000000c000c913        0x1 
 .rodata        0x00000000c000c914      0x1d5 build/ide.o
 *fill*         0x00000000c000cae9        0x3 
 .rodata        0x00000000c000caec      0x641 build/fs.o
 *fill*         0x00000000c000d12d        0x3 
 .rodata        0x00000000c000d130       0xe2 build/inode.o
 *fill*         0x00000000c000d212        0x2 
 .rodata        0x00000000c000d214      0x20f build/dir.o
 *fill*         0x00000000c000d423        0x1 
 .rodata        0x00000000c000d424      0x426 build/file.o
 *fill*         0x00000000c000d84a        0x2 
 .rodata        0x00000000c000d84c       0xe5 build/shell.o
 *fill*         0x00000000c000d931        0x3 
 .rodata        0x00000000c000d934      0x283 build/buildin_cmd.o
 .rodata        0x00000000c000dbb7        0x8 build/exec.o

.rodata1
 *(.rodata1)

.eh_frame_hdr
 *(.eh_frame_hdr)
 *(.eh_frame_entry .eh_frame_entry.*)

.eh_frame       0x00000000c000dbc0     0x1ea8
 *(.eh_frame)
 .eh_frame      0x00000000c000dbc0       0x74 build/main.o
 .eh_frame      0x00000000c000dc34      0x184 build/interrupt.o
                                        0x19c (size before relaxing)
 .eh_frame      0x00000000c000ddb8       0xcc build/timer.o
                                         0xe4 (size before relaxing)
 .eh_frame      0x00000000c000de84       0x1c build/debug.o
                                         0x34 (size before relaxing)
 .eh_frame      0x00000000c000dea0      0x120 build/string.o
                                        0x138 (size before relaxing)
 .eh_frame      0x00000000c000dfc0       0x88 build/bitmap.o
                                         0xa0 (size before relaxing)
 .eh_frame      0x00000000c000e048      0x2e0 build/memory.o
                                        0x2f8 (size before relaxing)
 .eh_frame      0x00000000c000e328      0x140 build/list.o
                                        0x158 (size before relaxing)
 .eh_frame      0x00000000c000e468      0x27c build/thread.o
                                        0x294 (size before relaxing)
 .eh_frame      0x00000000c000e6e4       0x60 build/semaphore.o
                                         0x78 (size before relaxing)
 .eh_frame      0x00000000c000e744       0x60 build/lock.o
                                         0x78 (size before relaxing)
 .eh_frame      0x00000000c000e7a4       0x80 build/condition_variable.o
                                         0x98 (size before relaxing)
 .eh_frame      0x00000000c000e824       0x80 build/console.o
                                         0x98 (size before relaxing)
 .eh_frame      0x00000000c000e8a4       0x60 build/keyboard.o
                                         0x78 (size before relaxing)
 .eh_frame      0x00000000c000e904       0x60 build/ioqueue.o
                                         0x78 (size before relaxing)
 .eh_frame      0x00000000c000e964       0x40 build/tss.o
                                         0x58 (size before relaxing)
 .eh_frame      0x00000000c000e9a4       0xc0 build/process.o
                                         0xd8 (size before relaxing)
 .eh_frame      0x00000000c000ea64      0x2e0 build/syscall.o
                                        0x2f8 (size before relaxing)
 .eh_frame      0x00000000c000ed44       0x88 build/stdio.o
                                         0xa0 (size before relaxing)
 .eh_frame      0x00000000c000edcc       0x24 build/stdio_kernel.o
                                         0x3c (size before relaxing)
 .eh_frame      0x00000000c000edf0      0x254 build/ide.o
                                        0x26c (size before relaxing)
 .eh_frame      0x00000000c000f044      0x388 build/fs.o
                                        0x3a0 (size before relaxing)
 .eh_frame      0x00000000c000f3cc       0xe4 build/inode.o
                                         0xfc (size before relaxing)
 .eh_frame      0x00000000c000f4b0      0x14c build/dir.o
                                        0x164 (size before relaxing)
 .eh_frame      0x00000000c000f5fc       0xe0 build/file.o
                                         0xf8 (size before relaxing)
 .eh_frame      0x00000000c000f6dc       0x9c build/shell.o
                                         0xb4 (size before relaxing)
 .eh_frame      0x00000000c000f778      0x110 build/buildin_cmd.o
                                        0x128 (size before relaxing)
 .eh_frame      0x00000000c000f888       0xc0 build/fork.o
                                         0xd8 (size before relaxing)
 .eh_frame      0x00000000c000f948       0x60 build/exec.o
                                         0x78 (size before relaxing)
 .eh_frame      0x00000000c000f9a8       0xc0 build/system.o
                                         0xd8 (size before relaxing)
 *(.eh_frame.*)

.gcc_except_table
 *(.gcc_except_table .gcc_except_table.*)

.gnu_extab
 *(.gnu_extab*)

.exception_ranges
 *(.exception_ranges .exception_ranges*)
                0x00000000c0011000                . = DATA_SEGMENT_ALIGN (CONSTANT (MAXPAGESIZE), CONSTANT (COMMONPAGESIZE))

.eh_frame
 *(.eh_frame)
 *(.eh_frame.*)

.gnu_extab
 *(.gnu_extab)

.gcc_except_table
 *(.gcc_except_table .gcc_except_table.*)

.exception_ranges
 *(.exception_ranges .exception_ranges*)

.tdata
 *(.tdata .tdata.* .gnu.linkonce.td.*)

.tbss
 *(.tbss .tbss.* .gnu.linkonce.tb.*)
 *(.tcommon)

.preinit_array  0x00000000c0011000        0x0
                [!provide]                        PROVIDE (__preinit_array_start = .)
 *(.preinit_array)
                [!provide]                        PROVIDE (__preinit_array_end = .)

.init_array     0x00000000c0011000        0x0
                [!provide]                        PROVIDE (__init_array_start = .)
 *(SORT_BY_INIT_PRIORITY(.init_array.*) SORT_BY_INIT_PRIORITY(.ctors.*))
 *(.init_array EXCLUDE_FILE(*crtend?.o *crtend.o *crtbegin?.o *crtbegin.o) .ctors)
                [!provide]                        PROVIDE (__init_array_end = .)

.fini_array     0x00000000c0011000        0x0
                [!provide]                        PROVIDE (__fini_array_start = .)
 *(SORT_BY_INIT_PRIORITY(.fini_array.*) SORT_BY_INIT_PRIORITY(.dtors.*))
 *(.fini_array EXCLUDE_FILE(*crtend?.o *crtend.o *crtbegin?.o *crtbegin.o) .dtors)
                [!provide]                        PROVIDE (__fini_array_end = .)

.ctors
 *crtbegin.o(.ctors)
 *crtbegin?.o(.ctors)
 *(EXCLUDE_FILE(*crtend?.o *crtend.o) .ctors)
 *(SORT_BY_NAME(.ctors.*))
 *(.ctors)

.dtors
 *crtbegin.o(.dtors)
 *crtbegin?.o(.dtors)
 *(EXCLUDE_FILE(*crtend?.o *crtend.o) .dtors)
 *(SORT_BY_NAME(.dtors.*))
 *(.dtors)

.jcr
 *(.jcr)

.data.rel.ro
 *(.data.rel.ro.local* .gnu.linkonce.d.rel.ro.local.*)
 *(.data.rel.ro .data.rel.ro.* .gnu.linkonce.d.rel.ro.*)

.dynamic
 *(.dynamic)

.got            0x00000000c0011000        0x0
 *(.got)
 .got           0x00000000c0011000        0x0 build/main.o
 *(.igot)
                0x00000000c0011000                . = DATA_SEGMENT_RELRO_END (., (SIZEOF (.got.plt) >= 0xc)?0xc:0x0)

.got.plt        0x00000000c0011000        0x0
 *(.got.plt)
 .got.plt       0x00000000c0011000        0x0 build/main.o
 *(.igot.plt)
 .igot.plt      0x00000000c0011000        0x0 build/main.o

.data           0x00000000c0011000      0x156
 *(.data .data.* .gnu.linkonce.d.*)
 .data          0x00000000c0011000        0x0 build/main.o
 .data          0x00000000c0011000        0x0 build/interrupt.o
 .data          0x00000000c0011000        0x0 build/timer.o
 .data          0x00000000c0011000        0x0 build/debug.o
 .data          0x00000000c0011000        0x8 build/print.o
 .data          0x00000000c0011008       0xc0 build/kernel.o
                0x00000000c0011008                interrupt_hld_table
 .data          0x00000000c00110c8        0x0 build/string.o
 .data          0x00000000c00110c8        0x0 build/bitmap.o
 .data          0x00000000c00110c8        0x0 build/memory.o
 .data          0x00000000c00110c8        0x0 build/list.o
 .data          0x00000000c00110c8        0x0 build/thread.o
 .data          0x00000000c00110c8        0x0 build/semaphore.o
 .data          0x00000000c00110c8        0x0 build/lock.o
 .data          0x00000000c00110c8        0x0 build/condition_variable.o
 .data          0x00000000c00110c8        0x0 build/console.o
 *fill*         0x00000000c00110c8       0x18 
 .data          0x00000000c00110e0       0x76 build/keyboard.o
 .data          0x00000000c0011156        0x0 build/ioqueue.o
 .data          0x00000000c0011156        0x0 build/tss.o
 .data          0x00000000c0011156        0x0 build/process.o
 .data          0x00000000c0011156        0x0 build/syscall.o
 .data          0x00000000c0011156        0x0 build/stdio.o
 .data          0x00000000c0011156        0x0 build/stdio_kernel.o
 .data          0x00000000c0011156        0x0 build/ide.o
 .data          0x00000000c0011156        0x0 build/fs.o
 .data          0x00000000c0011156        0x0 build/inode.o
 .data          0x00000000c0011156        0x0 build/dir.o
 .data          0x00000000c0011156        0x0 build/file.o
 .data          0x00000000c0011156        0x0 build/shell.o
 .data          0x00000000c0011156        0x0 build/buildin_cmd.o
 .data          0x00000000c0011156        0x0 build/fork.o
 .data          0x00000000c0011156        0x0 build/exec.o
 .data          0x00000000c0011156        0x0 build/system.o

.data1
 *(.data1)
                0x00000000c0011156                _edata = .
                [!provide]                        PROVIDE (edata = .)
                0x00000000c0011156                . = .
                0x00000000c0011156                __bss_start = .

.bss            0x00000000c0011160     0x1fa0
 *(.dynbss)
 *(.bss .bss.* .gnu.linkonce.b.*)
 .bss           0x00000000c0011160        0x4 build/main.o
                0x00000000c0011160                a
 .bss           0x00000000c0011164        0x0 build/interrupt.o
 .bss           0x00000000c0011164        0x0 build/timer.o
 .bss           0x00000000c0011164        0x0 build/debug.o
 .bss           0x00000000c0011164        0x0 build/string.o
 .bss           0x00000000c0011164        0x0 build/bitmap.o
 *fill*         0x00000000c0011164       0x1c 
 .bss           0x00000000c0011180       0xa8 build/memory.o
 .bss           0x00000000c0011228        0x0 build/list.o
 *fill*         0x00000000c0011228       0x18 
 .bss           0x00000000c0011240      0x100 build/thread.o
 .bss           0x00000000c0011340        0x0 build/semaphore.o
 .bss           0x00000000c0011340        0x0 build/lock.o
 .bss           0x00000000c0011340        0x0 build/condition_variable.o
 .bss           0x00000000c0011340       0x1c build/console.o
 .bss           0x00000000c001135c       0x14 build/keyboard.o
 .bss           0x00000000c0011370        0x0 build/ioqueue.o
 *fill*         0x00000000c0011370       0x10 
 .bss           0x00000000c0011380       0x6c build/tss.o
 .bss           0x00000000c00113ec        0x0 build/process.o
 .bss           0x00000000c00113ec        0x0 build/syscall.o
 .bss           0x00000000c00113ec        0x0 build/stdio.o
 .bss           0x00000000c00113ec        0x0 build/stdio_kernel.o
 .bss           0x00000000c00113ec        0x6 build/ide.o
 .bss           0x00000000c00113f2        0x0 build/fs.o
 .bss           0x00000000c00113f2        0x0 build/inode.o
 .bss           0x00000000c00113f2        0x0 build/dir.o
 .bss           0x00000000c00113f2        0x0 build/file.o
 *fill*         0x00000000c00113f2        0xe 
 .bss           0x00000000c0011400      0x480 build/shell.o
                0x00000000c0011400                g_cwdCache
                0x00000000c0011600                g_finalPath
 .bss           0x00000000c0011880        0x0 build/buildin_cmd.o
 .bss           0x00000000c0011880        0x0 build/fork.o
 .bss           0x00000000c0011880        0x0 build/exec.o
 .bss           0x00000000c0011880        0x0 build/system.o
 *(COMMON)
 COMMON         0x00000000c0011880      0x628 build/interrupt.o
                0x00000000c0011880                g_IDT_handle
                0x00000000c0011aa0                g_IDT
 COMMON         0x00000000c0011ea8        0x4 build/timer.o
                0x00000000c0011ea8                g_tickCount
 *fill*         0x00000000c0011eac       0x14 
 COMMON         0x00000000c0011ec0       0x6c build/memory.o
                0x00000000c0011ec0                kernel_memory_pool
                0x00000000c0011eec                kernel_virtual_addr
                0x00000000c0011f00                user_memory_pool
 COMMON         0x00000000c0011f2c       0x24 build/thread.o
                0x00000000c0011f2c                g_readyThreadList
                0x00000000c0011f3c                g_allThreadList
                0x00000000c0011f4c                g_curThreadTag
 *fill*         0x00000000c0011f50       0x10 
 COMMON         0x00000000c0011f60       0x84 build/keyboard.o
                0x00000000c0011f60                g_keyboardIOQueue
 *fill*         0x00000000c0011fe4       0x1c 
 COMMON         0x00000000c0012000       0x50 build/syscall.o
                0x00000000c0012000                g_Syscall_Table
 *fill*         0x00000000c0012050       0x10 
 COMMON         0x00000000c0012060      0xcd4 build/ide.o
                0x00000000c0012060                g_ideChannelArray
                0x00000000c0012d20                g_ChannelCount
                0x00000000c0012d24                g_partitionList
 COMMON         0x00000000c0012d34        0x4 build/fs.o
                0x00000000c0012d34                g_curPartion
 *fill*         0x00000000c0012d38        0x8 
 COMMON         0x00000000c0012d40      0x208 build/dir.o
                0x00000000c0012d40                g_rootDir
 *fill*         0x00000000c0012f48       0x18 
 COMMON         0x00000000c0012f60      0x180 build/file.o
                0x00000000c0012f60                g_fielTable
 COMMON         0x00000000c00130e0       0x20 build/exec.o
                0x00000000c00130e0                Elf32_Phdr
                0x00000000c0013100                . = ALIGN ((. != 0x0)?0x4:0x1)
                0x00000000c0013100                . = ALIGN (0x4)
                0x00000000c0013100                . = SEGMENT_START ("ldata-segment", .)
                0x00000000c0013100                . = ALIGN (0x4)
                0x00000000c0013100                _end = .
                [!provide]                        PROVIDE (end = .)
                0x00000000c0013100                . = DATA_SEGMENT_END (.)

.stab
 *(.stab)

.stabstr
 *(.stabstr)

.stab.excl
 *(.stab.excl)

.stab.exclstr
 *(.stab.exclstr)

.stab.index
 *(.stab.index)

.stab.indexstr
 *(.stab.indexstr)

.comment        0x0000000000000000       0x29
 *(.comment)
 .comment       0x0000000000000000       0x29 build/main.o
                                         0x2a (size before relaxing)
 .comment       0x0000000000000029       0x2a build/interrupt.o
 .comment       0x0000000000000029       0x2a build/timer.o
 .comment       0x0000000000000029       0x2a build/debug.o
 .comment       0x0000000000000029       0x2a build/string.o
 .comment       0x0000000000000029       0x2a build/bitmap.o
 .comment       0x0000000000000029       0x2a build/memory.o
 .comment       0x0000000000000029       0x2a build/list.o
 .comment       0x0000000000000029       0x2a build/thread.o
 .comment       0x0000000000000029       0x2a build/semaphore.o
 .comment       0x0000000000000029       0x2a build/lock.o
 .comment       0x0000000000000029       0x2a build/condition_variable.o
 .comment       0x0000000000000029       0x2a build/console.o
 .comment       0x0000000000000029       0x2a build/keyboard.o
 .comment       0x0000000000000029       0x2a build/ioqueue.o
 .comment       0x0000000000000029       0x2a build/tss.o
 .comment       0x0000000000000029       0x2a build/process.o
 .comment       0x0000000000000029       0x2a build/syscall.o
 .comment       0x0000000000000029       0x2a build/stdio.o
 .comment       0x0000000000000029       0x2a build/stdio_kernel.o
 .comment       0x0000000000000029       0x2a build/ide.o
 .comment       0x0000000000000029       0x2a build/fs.o
 .comment       0x0000000000000029       0x2a build/inode.o
 .comment       0x0000000000000029       0x2a build/dir.o
 .comment       0x0000000000000029       0x2a build/file.o
 .comment       0x0000000000000029       0x2a build/shell.o
 .comment       0x0000000000000029       0x2a build/buildin_cmd.o
 .comment       0x0000000000000029       0x2a build/fork.o
 .comment       0x0000000000000029       0x2a build/exec.o
 .comment       0x0000000000000029       0x2a build/system.o

.debug
 *(.debug)

.line
 *(.line)

.debug_srcinfo
 *(.debug_srcinfo)

.debug_sfnames
 *(.debug_sfnames)

.debug_aranges
 *(.debug_aranges)

.debug_pubnames
 *(.debug_pubnames)

.debug_info
 *(.debug_info .gnu.linkonce.wi.*)

.debug_abbrev
 *(.debug_abbrev)

.debug_line
 *(.debug_line .debug_line.* .debug_line_end)

.debug_frame
 *(.debug_frame)

.debug_str
 *(.debug_str)

.debug_loc
 *(.debug_loc)

.debug_macinfo
 *(.debug_macinfo)

.debug_weaknames
 *(.debug_weaknames)

.debug_funcnames
 *(.debug_funcnames)

.debug_typenames
 *(.debug_typenames)

.debug_varnames
 *(.debug_varnames)

.debug_pubtypes
 *(.debug_pubtypes)

.debug_ranges
 *(.debug_ranges)

.debug_macro
 *(.debug_macro)

.debug_addr
 *(.debug_addr)

.gnu.attributes
 *(.gnu.attributes)

/DISCARD/
 *(.note.GNU-stack)
 *(.gnu_debuglink)
 *(.gnu.lto_*)
OUTPUT(build/kernel.bin elf32-i386)
