
Allocating common symbols
Common symbol       size              file

g_IDT_handle        0xc0              build/interrupt.o
kernel_memory_pool  0x10              build/memory.o
kernel_virtual_addr
                    0xc               build/memory.o
g_IDT               0x180             build/interrupt.o
g_curThreadTag      0x4               build/thread.o
user_memory_pool    0x10              build/memory.o

Discarded input sections

 .note.GNU-stack
                0x0000000000000000        0x0 build/main.o
 .note.GNU-stack
                0x0000000000000000        0x0 build/interrupt.o
 .note.GNU-stack
                0x0000000000000000        0x0 build/timer.o
 .note.GNU-stack
                0x0000000000000000        0x0 build/debug.o
 .note.GNU-stack
                0x0000000000000000        0x0 build/string.o
 .note.GNU-stack
                0x0000000000000000        0x0 build/bitmap.o
 .note.GNU-stack
                0x0000000000000000        0x0 build/memory.o
 .note.GNU-stack
                0x0000000000000000        0x0 build/list.o
 .note.GNU-stack
                0x0000000000000000        0x0 build/thread.o
 .note.GNU-stack
                0x0000000000000000        0x0 build/semaphore.o
 .note.GNU-stack
                0x0000000000000000        0x0 build/lock.o
 .note.GNU-stack
                0x0000000000000000        0x0 build/console.o
 .note.GNU-stack
                0x0000000000000000        0x0 build/keyboard.o

Memory Configuration

Name             Origin             Length             Attributes
*default*        0x0000000000000000 0xffffffffffffffff

Linker script and memory map

Address of section .text set to 0xc0001500
LOAD build/main.o
LOAD build/interrupt.o
LOAD build/timer.o
LOAD build/debug.o
LOAD build/print.o
LOAD build/kernel.o
LOAD build/string.o
LOAD build/bitmap.o
LOAD build/memory.o
LOAD build/list.o
LOAD build/switch.o
LOAD build/thread.o
LOAD build/semaphore.o
LOAD build/lock.o
LOAD build/console.o
LOAD build/keyboard.o
                [!provide]                        PROVIDE (__executable_start = SEGMENT_START ("text-segment", 0x8048000))
                0x0000000008048094                . = (SEGMENT_START ("text-segment", 0x8048000) + SIZEOF_HEADERS)

.interp
 *(.interp)

.note.gnu.build-id
 *(.note.gnu.build-id)

.hash
 *(.hash)

.gnu.hash
 *(.gnu.hash)

.dynsym
 *(.dynsym)

.dynstr
 *(.dynstr)

.gnu.version
 *(.gnu.version)

.gnu.version_d
 *(.gnu.version_d)

.gnu.version_r
 *(.gnu.version_r)

.rel.dyn        0x0000000008048094        0x0
 *(.rel.init)
 *(.rel.text .rel.text.* .rel.gnu.linkonce.t.*)
 .rel.text      0x0000000008048094        0x0 build/main.o
 *(.rel.fini)
 *(.rel.rodata .rel.rodata.* .rel.gnu.linkonce.r.*)
 *(.rel.data.rel.ro .rel.data.rel.ro.* .rel.gnu.linkonce.d.rel.ro.*)
 *(.rel.data .rel.data.* .rel.gnu.linkonce.d.*)
 *(.rel.tdata .rel.tdata.* .rel.gnu.linkonce.td.*)
 *(.rel.tbss .rel.tbss.* .rel.gnu.linkonce.tb.*)
 *(.rel.ctors)
 *(.rel.dtors)
 *(.rel.got)
 .rel.got       0x0000000008048094        0x0 build/main.o
 *(.rel.bss .rel.bss.* .rel.gnu.linkonce.b.*)
 *(.rel.ifunc)

.rel.plt        0x0000000008048094        0x0
 *(.rel.plt)
                [!provide]                        PROVIDE (__rel_iplt_start = .)
 *(.rel.iplt)
 .rel.iplt      0x0000000008048094        0x0 build/main.o
                [!provide]                        PROVIDE (__rel_iplt_end = .)

.init
 *(SORT_NONE(.init))

.plt            0x0000000008048098        0x0
 *(.plt)
 *(.iplt)
 .iplt          0x0000000008048098        0x0 build/main.o

.plt.got
 *(.plt.got)

.plt.sec
 *(.plt.sec)

.text           0x00000000c0001500     0x20af
 *(.text.unlikely .text.*_unlikely .text.unlikely.*)
 *(.text.exit .text.exit.*)
 *(.text.startup .text.startup.*)
 *(.text.hot .text.hot.*)
 *(.text .stub .text.* .gnu.linkonce.t.*)
 .text          0x00000000c0001500       0x76 build/main.o
                0x00000000c0001500                main
                0x00000000c0001546                thread_A
                0x00000000c000155e                thread_B
 .text          0x00000000c0001576      0x354 build/interrupt.o
                0x00000000c0001595                make_idt_desc
                0x00000000c00015d8                idt_desc_init
                0x00000000c000163c                interrupt_handle
                0x00000000c00016a9                exception_init
                0x00000000c00016f3                register_interrupt_handle
                0x00000000c0001745                pic_init
                0x00000000c0001819                interrupt_enable
                0x00000000c0001820                interrupt_disable
                0x00000000c0001827                set_interrupt_status
                0x00000000c000183f                get_interrupt_status
                0x00000000c000185c                idt_init
 .text          0x00000000c00018ca      0x1af build/timer.o
                0x00000000c000197a                timer_set
                0x00000000c0001a24                timer_init
 .text          0x00000000c0001a79       0xca build/debug.o
                0x00000000c0001a79                panic_spain
 *fill*         0x00000000c0001b43        0xd 
 .text          0x00000000c0001b50      0x14e build/print.o
                0x00000000c0001b50                put_int
                0x00000000c0001bb3                put_str
                0x00000000c0001bd1                put_char
 *fill*         0x00000000c0001c9e        0x2 
 .text          0x00000000c0001ca0      0x537 build/kernel.o
                0x00000000c0001ca0                interrupt_exit
 .text          0x00000000c00021d7       0xc6 build/string.o
                0x00000000c00021d7                memset
                0x00000000c0002248                strcpy
 .text          0x00000000c000229d      0x28d build/bitmap.o
                0x00000000c000229d                bitmap_init
                0x00000000c00022c0                bitmap_check
                0x00000000c000234d                bitmap_apply
                0x00000000c0002457                bitmap_set
 .text          0x00000000c000252a      0x5bf build/memory.o
                0x00000000c0002603                get_pte_ptr
                0x00000000c0002633                get_pde_ptr
                0x00000000c000272d                malloc_page
                0x00000000c00027e8                get_kernel_pages
                0x00000000c0002823                memory_pool_init
                0x00000000c0002acb                memory_init
 .text          0x00000000c0002ae9      0x170 build/list.o
                0x00000000c0002ae9                list_init
                0x00000000c0002b17                list_insert_before
                0x00000000c0002b43                list_push
                0x00000000c0002b5b                list_append
                0x00000000c0002b73                list_remove
                0x00000000c0002ba7                elem_find
                0x00000000c0002be2                list_empty
                0x00000000c0002bfb                list_len
                0x00000000c0002c30                list_pop
                0x00000000c0002c4f                list_traversal
 *fill*         0x00000000c0002c59        0x7 
 .text          0x00000000c0002c60       0x15 build/switch.o
                0x00000000c0002c60                switch_to
 .text          0x00000000c0002c75      0x483 build/thread.o
                0x00000000c0002c75                get_curthread_pcb
                0x00000000c0002c8a                thread_schedule
                0x00000000c0002d67                thread_block
                0x00000000c0002dcc                thread_unblock
                0x00000000c0002f8e                thread_create
                0x00000000c00030aa                thread_init
 .text          0x00000000c00030f8      0x16c build/semaphore.o
                0x00000000c00030f8                semaphore_init
                0x00000000c000311b                semaphore_P
                0x00000000c00031d4                semaphore_V
 .text          0x00000000c0003264       0x66 build/lock.o
                0x00000000c0003264                lock_init
                0x00000000c0003294                lock_acquire
                0x00000000c00032af                lock_release
 .text          0x00000000c00032ca       0xc6 build/console.o
                0x00000000c00032ca                console_init
                0x00000000c00032e3                console_put_str
                0x00000000c000331a                console_put_char
                0x00000000c0003359                console_put_int
 .text          0x00000000c0003390      0x21f build/keyboard.o
                0x00000000c00033ad                keyboard_interrupt_handle
                0x00000000c0003574                keyboard_init
 *(.gnu.warning)

.fini
 *(SORT_NONE(.fini))
                [!provide]                        PROVIDE (__etext = .)
                [!provide]                        PROVIDE (_etext = .)
                [!provide]                        PROVIDE (etext = .)

.rodata         0x00000000c00035b0      0x649
 *(.rodata .rodata.* .gnu.linkonce.r.*)
 .rodata        0x00000000c00035b0       0x26 build/main.o
 *fill*         0x00000000c00035d6        0x2 
 .rodata        0x00000000c00035d8       0xf4 build/interrupt.o
 .rodata        0x00000000c00036cc       0x5a build/timer.o
 .rodata        0x00000000c0003726       0x32 build/debug.o
 .rodata        0x00000000c0003758       0x4f build/string.o
 *fill*         0x00000000c00037a7        0x1 
 .rodata        0x00000000c00037a8       0x83 build/bitmap.o
 *fill*         0x00000000c000382b        0x1 
 .rodata        0x00000000c000382c      0x124 build/memory.o
 .rodata        0x00000000c0003950      0x1e6 build/thread.o
 *fill*         0x00000000c0003b36        0x2 
 .rodata        0x00000000c0003b38       0x88 build/semaphore.o
 .rodata        0x00000000c0003bc0       0x39 build/keyboard.o

.rodata1
 *(.rodata1)

.eh_frame_hdr
 *(.eh_frame_hdr)
 *(.eh_frame_entry .eh_frame_entry.*)

.eh_frame       0x00000000c0003bfc      0x8a8
 *(.eh_frame)
 .eh_frame      0x00000000c0003bfc       0x74 build/main.o
 .eh_frame      0x00000000c0003c70      0x184 build/interrupt.o
                                        0x19c (size before relaxing)
 .eh_frame      0x00000000c0003df4       0x8c build/timer.o
                                         0xa4 (size before relaxing)
 .eh_frame      0x00000000c0003e80       0x1c build/debug.o
                                         0x34 (size before relaxing)
 .eh_frame      0x00000000c0003e9c       0x40 build/string.o
                                         0x58 (size before relaxing)
 .eh_frame      0x00000000c0003edc       0x88 build/bitmap.o
                                         0xa0 (size before relaxing)
 .eh_frame      0x00000000c0003f64      0x120 build/memory.o
                                        0x138 (size before relaxing)
 .eh_frame      0x00000000c0004084      0x140 build/list.o
                                        0x158 (size before relaxing)
 .eh_frame      0x00000000c00041c4      0x140 build/thread.o
                                        0x158 (size before relaxing)
 .eh_frame      0x00000000c0004304       0x60 build/semaphore.o
                                         0x78 (size before relaxing)
 .eh_frame      0x00000000c0004364       0x60 build/lock.o
                                         0x78 (size before relaxing)
 .eh_frame      0x00000000c00043c4       0x80 build/console.o
                                         0x98 (size before relaxing)
 .eh_frame      0x00000000c0004444       0x60 build/keyboard.o
                                         0x78 (size before relaxing)
 *(.eh_frame.*)

.gcc_except_table
 *(.gcc_except_table .gcc_except_table.*)

.gnu_extab
 *(.gnu_extab*)

.exception_ranges
 *(.exception_ranges .exception_ranges*)
                0x00000000c0006000                . = DATA_SEGMENT_ALIGN (CONSTANT (MAXPAGESIZE), CONSTANT (COMMONPAGESIZE))

.eh_frame
 *(.eh_frame)
 *(.eh_frame.*)

.gnu_extab
 *(.gnu_extab)

.gcc_except_table
 *(.gcc_except_table .gcc_except_table.*)

.exception_ranges
 *(.exception_ranges .exception_ranges*)

.tdata
 *(.tdata .tdata.* .gnu.linkonce.td.*)

.tbss
 *(.tbss .tbss.* .gnu.linkonce.tb.*)
 *(.tcommon)

.preinit_array  0x00000000c0006000        0x0
                [!provide]                        PROVIDE (__preinit_array_start = .)
 *(.preinit_array)
                [!provide]                        PROVIDE (__preinit_array_end = .)

.init_array     0x00000000c0006000        0x0
                [!provide]                        PROVIDE (__init_array_start = .)
 *(SORT_BY_INIT_PRIORITY(.init_array.*) SORT_BY_INIT_PRIORITY(.ctors.*))
 *(.init_array EXCLUDE_FILE(*crtend?.o *crtend.o *crtbegin?.o *crtbegin.o) .ctors)
                [!provide]                        PROVIDE (__init_array_end = .)

.fini_array     0x00000000c0006000        0x0
                [!provide]                        PROVIDE (__fini_array_start = .)
 *(SORT_BY_INIT_PRIORITY(.fini_array.*) SORT_BY_INIT_PRIORITY(.dtors.*))
 *(.fini_array EXCLUDE_FILE(*crtend?.o *crtend.o *crtbegin?.o *crtbegin.o) .dtors)
                [!provide]                        PROVIDE (__fini_array_end = .)

.ctors
 *crtbegin.o(.ctors)
 *crtbegin?.o(.ctors)
 *(EXCLUDE_FILE(*crtend?.o *crtend.o) .ctors)
 *(SORT_BY_NAME(.ctors.*))
 *(.ctors)

.dtors
 *crtbegin.o(.dtors)
 *crtbegin?.o(.dtors)
 *(EXCLUDE_FILE(*crtend?.o *crtend.o) .dtors)
 *(SORT_BY_NAME(.dtors.*))
 *(.dtors)

.jcr
 *(.jcr)

.data.rel.ro
 *(.data.rel.ro.local* .gnu.linkonce.d.rel.ro.local.*)
 *(.data.rel.ro .data.rel.ro.* .gnu.linkonce.d.rel.ro.*)

.dynamic
 *(.dynamic)

.got            0x00000000c0006000        0x0
 *(.got)
 .got           0x00000000c0006000        0x0 build/main.o
 *(.igot)
                0x00000000c0006000                . = DATA_SEGMENT_RELRO_END (., (SIZEOF (.got.plt) >= 0xc)?0xc:0x0)

.got.plt        0x00000000c0006000        0x0
 *(.got.plt)
 .got.plt       0x00000000c0006000        0x0 build/main.o
 *(.igot.plt)
 .igot.plt      0x00000000c0006000        0x0 build/main.o

.data           0x00000000c0006000      0x156
 *(.data .data.* .gnu.linkonce.d.*)
 .data          0x00000000c0006000        0x0 build/main.o
 .data          0x00000000c0006000        0x0 build/interrupt.o
 .data          0x00000000c0006000        0x0 build/timer.o
 .data          0x00000000c0006000        0x0 build/debug.o
 .data          0x00000000c0006000        0x8 build/print.o
 .data          0x00000000c0006008       0xc0 build/kernel.o
                0x00000000c0006008                interrupt_hld_table
 .data          0x00000000c00060c8        0x0 build/string.o
 .data          0x00000000c00060c8        0x0 build/bitmap.o
 .data          0x00000000c00060c8        0x0 build/memory.o
 .data          0x00000000c00060c8        0x0 build/list.o
 .data          0x00000000c00060c8        0x0 build/thread.o
 .data          0x00000000c00060c8        0x0 build/semaphore.o
 .data          0x00000000c00060c8        0x0 build/lock.o
 .data          0x00000000c00060c8        0x0 build/console.o
 *fill*         0x00000000c00060c8       0x18 
 .data          0x00000000c00060e0       0x76 build/keyboard.o

.data1
 *(.data1)
                0x00000000c0006156                _edata = .
                [!provide]                        PROVIDE (edata = .)
                0x00000000c0006156                . = .
                0x00000000c0006156                __bss_start = .

.bss            0x00000000c0006160      0x2d0
 *(.dynbss)
 *(.bss .bss.* .gnu.linkonce.b.*)
 .bss           0x00000000c0006160        0x0 build/main.o
 .bss           0x00000000c0006160        0x0 build/interrupt.o
 .bss           0x00000000c0006160        0x0 build/timer.o
 .bss           0x00000000c0006160        0x0 build/debug.o
 .bss           0x00000000c0006160        0x0 build/string.o
 .bss           0x00000000c0006160        0x0 build/bitmap.o
 .bss           0x00000000c0006160        0x0 build/memory.o
 .bss           0x00000000c0006160        0x0 build/list.o
 .bss           0x00000000c0006160       0x24 build/thread.o
 .bss           0x00000000c0006184        0x0 build/semaphore.o
 .bss           0x00000000c0006184        0x0 build/lock.o
 .bss           0x00000000c0006184       0x1c build/console.o
 .bss           0x00000000c00061a0       0x14 build/keyboard.o
 *(COMMON)
 *fill*         0x00000000c00061b4        0xc 
 COMMON         0x00000000c00061c0      0x240 build/interrupt.o
                0x00000000c00061c0                g_IDT_handle
                0x00000000c0006280                g_IDT
 COMMON         0x00000000c0006400       0x2c build/memory.o
                0x00000000c0006400                kernel_memory_pool
                0x00000000c0006410                kernel_virtual_addr
                0x00000000c000641c                user_memory_pool
 COMMON         0x00000000c000642c        0x4 build/thread.o
                0x00000000c000642c                g_curThreadTag
                0x00000000c0006430                . = ALIGN ((. != 0x0)?0x4:0x1)
                0x00000000c0006430                . = ALIGN (0x4)
                0x00000000c0006430                . = SEGMENT_START ("ldata-segment", .)
                0x00000000c0006430                . = ALIGN (0x4)
                0x00000000c0006430                _end = .
                [!provide]                        PROVIDE (end = .)
                0x00000000c0006430                . = DATA_SEGMENT_END (.)

.stab
 *(.stab)

.stabstr
 *(.stabstr)

.stab.excl
 *(.stab.excl)

.stab.exclstr
 *(.stab.exclstr)

.stab.index
 *(.stab.index)

.stab.indexstr
 *(.stab.indexstr)

.comment        0x0000000000000000       0x29
 *(.comment)
 .comment       0x0000000000000000       0x29 build/main.o
                                         0x2a (size before relaxing)
 .comment       0x0000000000000029       0x2a build/interrupt.o
 .comment       0x0000000000000029       0x2a build/timer.o
 .comment       0x0000000000000029       0x2a build/debug.o
 .comment       0x0000000000000029       0x2a build/string.o
 .comment       0x0000000000000029       0x2a build/bitmap.o
 .comment       0x0000000000000029       0x2a build/memory.o
 .comment       0x0000000000000029       0x2a build/list.o
 .comment       0x0000000000000029       0x2a build/thread.o
 .comment       0x0000000000000029       0x2a build/semaphore.o
 .comment       0x0000000000000029       0x2a build/lock.o
 .comment       0x0000000000000029       0x2a build/console.o
 .comment       0x0000000000000029       0x2a build/keyboard.o

.debug
 *(.debug)

.line
 *(.line)

.debug_srcinfo
 *(.debug_srcinfo)

.debug_sfnames
 *(.debug_sfnames)

.debug_aranges
 *(.debug_aranges)

.debug_pubnames
 *(.debug_pubnames)

.debug_info
 *(.debug_info .gnu.linkonce.wi.*)

.debug_abbrev
 *(.debug_abbrev)

.debug_line
 *(.debug_line .debug_line.* .debug_line_end)

.debug_frame
 *(.debug_frame)

.debug_str
 *(.debug_str)

.debug_loc
 *(.debug_loc)

.debug_macinfo
 *(.debug_macinfo)

.debug_weaknames
 *(.debug_weaknames)

.debug_funcnames
 *(.debug_funcnames)

.debug_typenames
 *(.debug_typenames)

.debug_varnames
 *(.debug_varnames)

.debug_pubtypes
 *(.debug_pubtypes)

.debug_ranges
 *(.debug_ranges)

.debug_macro
 *(.debug_macro)

.debug_addr
 *(.debug_addr)

.gnu.attributes
 *(.gnu.attributes)

/DISCARD/
 *(.note.GNU-stack)
 *(.gnu_debuglink)
 *(.gnu.lto_*)
OUTPUT(build/kernel.bin elf32-i386)
